-- Install configuration: ""
-- Up-to-date: /home/student/ros2_ws/install/com2009_simulations/share/com2009_simulations/launch
-- Installing: /home/student/ros2_ws/install/com2009_simulations/share/com2009_simulations/launch/task2.launch.py
-- Up-to-date: /home/student/ros2_ws/install/com2009_simulations/share/com2009_simulations/launch/task1.launch.py
-- Installing: /home/student/ros2_ws/install/com2009_simulations/share/com2009_simulations/launch/arena.launch.py
-- Up-to-date: /home/student/ros2_ws/install/com2009_simulations/share/com2009_simulations/models
-- Installing: /home/student/ros2_ws/install/com2009_simulations/share/com2009_simulations/models/cr5_floor
-- Installing: /home/student/ros2_ws/install/com2009_simulations/share/com2009_simulations/models/cr5_floor/materials
-- Installing: /home/student/ros2_ws/install/com2009_simulations/share/com2009_simulations/models/cr5_floor/materials/scripts
-- Installing: /home/student/ros2_ws/install/com2009_simulations/share/com2009_simulations/models/cr5_floor/materials/scripts/floor.material
-- Installing: /home/student/ros2_ws/install/com2009_simulations/share/com2009_simulations/models/cr5_floor/materials/textures
-- Installing: /home/student/ros2_ws/install/com2009_simulations/share/com2009_simulations/models/cr5_floor/materials/textures/cr5_floor.svg
-- Installing: /home/student/ros2_ws/install/com2009_simulations/share/com2009_simulations/models/cr5_floor/materials/textures/cr5_floor.png
-- Installing: /home/student/ros2_ws/install/com2009_simulations/share/com2009_simulations/models/cr5_floor/model.config
-- Installing: /home/student/ros2_ws/install/com2009_simulations/share/com2009_simulations/models/cr5_floor/model.sdf
-- Up-to-date: /home/student/ros2_ws/install/com2009_simulations/share/com2009_simulations/models/task2
-- Up-to-date: /home/student/ros2_ws/install/com2009_simulations/share/com2009_simulations/models/task2/materials
-- Up-to-date: /home/student/ros2_ws/install/com2009_simulations/share/com2009_simulations/models/task2/materials/scripts
-- Up-to-date: /home/student/ros2_ws/install/com2009_simulations/share/com2009_simulations/models/task2/materials/scripts/floor.material
-- Up-to-date: /home/student/ros2_ws/install/com2009_simulations/share/com2009_simulations/models/task2/materials/textures
-- Installing: /home/student/ros2_ws/install/com2009_simulations/share/com2009_simulations/models/task2/materials/textures/task2_floor.png
-- Installing: /home/student/ros2_ws/install/com2009_simulations/share/com2009_simulations/models/task2/materials/textures/task2_floor.svg
-- Up-to-date: /home/student/ros2_ws/install/com2009_simulations/share/com2009_simulations/models/task2/model.config
-- Installing: /home/student/ros2_ws/install/com2009_simulations/share/com2009_simulations/models/task2/model.sdf
-- Up-to-date: /home/student/ros2_ws/install/com2009_simulations/share/com2009_simulations/models/cr5_arena_walls
-- Up-to-date: /home/student/ros2_ws/install/com2009_simulations/share/com2009_simulations/models/cr5_arena_walls/model.config
-- Up-to-date: /home/student/ros2_ws/install/com2009_simulations/share/com2009_simulations/models/cr5_arena_walls/model.sdf
-- Up-to-date: /home/student/ros2_ws/install/com2009_simulations/share/com2009_simulations/models/task1
-- Up-to-date: /home/student/ros2_ws/install/com2009_simulations/share/com2009_simulations/models/task1/materials
-- Up-to-date: /home/student/ros2_ws/install/com2009_simulations/share/com2009_simulations/models/task1/materials/scripts
-- Up-to-date: /home/student/ros2_ws/install/com2009_simulations/share/com2009_simulations/models/task1/materials/scripts/floor.material
-- Up-to-date: /home/student/ros2_ws/install/com2009_simulations/share/com2009_simulations/models/task1/materials/textures
-- Up-to-date: /home/student/ros2_ws/install/com2009_simulations/share/com2009_simulations/models/task1/materials/textures/task1_floor.png
-- Up-to-date: /home/student/ros2_ws/install/com2009_simulations/share/com2009_simulations/models/task1/materials/textures/task1_floor.svg
-- Up-to-date: /home/student/ros2_ws/install/com2009_simulations/share/com2009_simulations/models/task1/model.config
-- Up-to-date: /home/student/ros2_ws/install/com2009_simulations/share/com2009_simulations/models/task1/model.sdf
-- Up-to-date: /home/student/ros2_ws/install/com2009_simulations/share/com2009_simulations/worlds
-- Installing: /home/student/ros2_ws/install/com2009_simulations/share/com2009_simulations/worlds/arena.world
-- Up-to-date: /home/student/ros2_ws/install/com2009_simulations/share/com2009_simulations/worlds/task2.world
-- Up-to-date: /home/student/ros2_ws/install/com2009_simulations/share/com2009_simulations/worlds/task1.world
-- Up-to-date: /home/student/ros2_ws/install/com2009_simulations/share/ament_index/resource_index/package_run_dependencies/com2009_simulations
-- Up-to-date: /home/student/ros2_ws/install/com2009_simulations/share/ament_index/resource_index/parent_prefix_path/com2009_simulations
-- Up-to-date: /home/student/ros2_ws/install/com2009_simulations/share/com2009_simulations/environment/ament_prefix_path.sh
-- Up-to-date: /home/student/ros2_ws/install/com2009_simulations/share/com2009_simulations/environment/ament_prefix_path.dsv
-- Up-to-date: /home/student/ros2_ws/install/com2009_simulations/share/com2009_simulations/environment/path.sh
-- Up-to-date: /home/student/ros2_ws/install/com2009_simulations/share/com2009_simulations/environment/path.dsv
-- Up-to-date: /home/student/ros2_ws/install/com2009_simulations/share/com2009_simulations/local_setup.bash
-- Up-to-date: /home/student/ros2_ws/install/com2009_simulations/share/com2009_simulations/local_setup.sh
-- Up-to-date: /home/student/ros2_ws/install/com2009_simulations/share/com2009_simulations/local_setup.zsh
-- Up-to-date: /home/student/ros2_ws/install/com2009_simulations/share/com2009_simulations/local_setup.dsv
-- Up-to-date: /home/student/ros2_ws/install/com2009_simulations/share/com2009_simulations/package.dsv
-- Up-to-date: /home/student/ros2_ws/install/com2009_simulations/share/ament_index/resource_index/packages/com2009_simulations
-- Up-to-date: /home/student/ros2_ws/install/com2009_simulations/share/com2009_simulations/cmake/ament_cmake_export_dependencies-extras.cmake
-- Up-to-date: /home/student/ros2_ws/install/com2009_simulations/share/com2009_simulations/cmake/com2009_simulationsConfig.cmake
-- Up-to-date: /home/student/ros2_ws/install/com2009_simulations/share/com2009_simulations/cmake/com2009_simulationsConfig-version.cmake
-- Up-to-date: /home/student/ros2_ws/install/com2009_simulations/share/com2009_simulations/package.xml
