[0.022s] Invoking command in '/home/student/ros2_ws/build/part1_pubsub': CMAKE_PREFIX_PATH=${CMAKE_PREFIX_PATH}:/opt/ros/humble /usr/bin/cmake --build /home/student/ros2_ws/build/part1_pubsub -- -j12 -l12
[0.054s] -- Found ament_cmake: 1.3.11 (/opt/ros/humble/share/ament_cmake/cmake)
[0.162s] -- Override CMake install command with custom implementation using symlinks instead of copying resources
[0.190s] -- Found rclcpp: 16.0.11 (/opt/ros/humble/share/rclcpp/cmake)
[0.305s] -- Found rosidl_generator_c: 3.1.6 (/opt/ros/humble/share/rosidl_generator_c/cmake)
[0.308s] -- Found rosidl_adapter: 3.1.6 (/opt/ros/humble/share/rosidl_adapter/cmake)
[0.316s] -- Found rosidl_generator_cpp: 3.1.6 (/opt/ros/humble/share/rosidl_generator_cpp/cmake)
[0.331s] -- Using all available rosidl_typesupport_c: rosidl_typesupport_fastrtps_c;rosidl_typesupport_introspection_c
[0.347s] -- Using all available rosidl_typesupport_cpp: rosidl_typesupport_fastrtps_cpp;rosidl_typesupport_introspection_cpp
[0.389s] -- Found rmw_implementation_cmake: 6.1.2 (/opt/ros/humble/share/rmw_implementation_cmake/cmake)
[0.392s] -- Found rmw_fastrtps_cpp: 6.2.7 (/opt/ros/humble/share/rmw_fastrtps_cpp/cmake)
[2.781s] -- Using RMW implementation 'rmw_fastrtps_cpp' as default
[2.843s] -- Found rclpy: 3.3.15 (/opt/ros/humble/share/rclpy/cmake)
[2.892s] -- Found rosidl_default_generators: 1.2.0 (/opt/ros/humble/share/rosidl_default_generators/cmake)
[3.095s] -- Found ament_cmake_ros: 0.10.0 (/opt/ros/humble/share/ament_cmake_ros/cmake)
[3.319s] -- Using all available rosidl_typesupport_c: rosidl_typesupport_fastrtps_c;rosidl_typesupport_introspection_c
[3.402s] -- Using all available rosidl_typesupport_cpp: rosidl_typesupport_fastrtps_cpp;rosidl_typesupport_introspection_cpp
[3.424s] -- Found python_cmake_module: 0.10.0 (/opt/ros/humble/share/python_cmake_module/cmake)
[3.444s] -- Using PYTHON_EXECUTABLE: /usr/bin/python3
[3.444s] -- Using PYTHON_INCLUDE_DIRS: /usr/include/python3.10
[3.444s] -- Using PYTHON_LIBRARIES: /usr/lib/x86_64-linux-gnu/libpython3.10.so
[3.483s] -- Configuring done
[3.537s] -- Generating done
[3.546s] -- Build files have been written to: /home/student/ros2_ws/build/part1_pubsub
[3.565s] [35m[1mConsolidate compiler generated dependencies of target part1_pubsub__rosidl_generator_c[0m
[3.566s] [35m[1mConsolidate compiler generated dependencies of target cpp_executable[0m
[3.572s] [  3%] Built target part1_pubsub__cpp
[3.573s] [ 12%] Built target part1_pubsub__rosidl_generator_c
[3.578s] [ 12%] Built target ament_cmake_python_symlink_part1_pubsub_modules
[3.580s] [ 12%] Built target ament_cmake_python_symlink_part1_pubsub
[3.580s] [ 18%] Built target cpp_executable
[3.580s] [35m[1mConsolidate compiler generated dependencies of target part1_pubsub__rosidl_typesupport_fastrtps_cpp[0m
[3.580s] [35m[1mConsolidate compiler generated dependencies of target part1_pubsub__rosidl_typesupport_fastrtps_c[0m
[3.582s] [35m[1mConsolidate compiler generated dependencies of target part1_pubsub__rosidl_typesupport_introspection_cpp[0m
[3.582s] [35m[1mConsolidate compiler generated dependencies of target part1_pubsub__rosidl_typesupport_cpp[0m
[3.587s] [35m[1mConsolidate compiler generated dependencies of target part1_pubsub__rosidl_typesupport_c[0m
[3.587s] [35m[1mConsolidate compiler generated dependencies of target part1_pubsub__rosidl_typesupport_introspection_c[0m
[3.591s] [ 27%] Built target part1_pubsub__rosidl_typesupport_fastrtps_cpp
[3.592s] [ 42%] Built target part1_pubsub__rosidl_typesupport_cpp
[3.592s] [ 45%] Built target part1_pubsub__rosidl_typesupport_fastrtps_c
[3.592s] [ 54%] Built target part1_pubsub__rosidl_typesupport_introspection_cpp
[3.597s] [ 63%] Built target part1_pubsub__rosidl_typesupport_c
[3.597s] [ 72%] Built target part1_pubsub__rosidl_typesupport_introspection_c
[3.611s] [ 72%] Built target part1_pubsub
[3.627s] [ 75%] Built target part1_pubsub__py
[3.634s] [35m[1mConsolidate compiler generated dependencies of target part1_pubsub__rosidl_generator_py[0m
[3.643s] [ 81%] Built target part1_pubsub__rosidl_generator_py
[3.650s] [35m[1mConsolidate compiler generated dependencies of target part1_pubsub__rosidl_typesupport_c__pyext[0m
[3.650s] [35m[1mConsolidate compiler generated dependencies of target part1_pubsub__rosidl_typesupport_introspection_c__pyext[0m
[3.650s] [35m[1mConsolidate compiler generated dependencies of target part1_pubsub__rosidl_typesupport_fastrtps_c__pyext[0m
[3.660s] [ 96%] Built target part1_pubsub__rosidl_typesupport_fastrtps_c__pyext
[3.661s] [100%] Built target part1_pubsub__rosidl_typesupport_c__pyext
[3.661s] [100%] Built target part1_pubsub__rosidl_typesupport_introspection_c__pyext
[3.759s] running egg_info
[3.760s] writing part1_pubsub_modules.egg-info/PKG-INFO
[3.760s] writing dependency_links to part1_pubsub_modules.egg-info/dependency_links.txt
[3.760s] writing top-level names to part1_pubsub_modules.egg-info/top_level.txt
[3.762s] reading manifest file 'part1_pubsub_modules.egg-info/SOURCES.txt'
[3.763s] writing manifest file 'part1_pubsub_modules.egg-info/SOURCES.txt'
[3.765s] running egg_info
[3.765s] writing part1_pubsub.egg-info/PKG-INFO
[3.766s] writing dependency_links to part1_pubsub.egg-info/dependency_links.txt
[3.766s] writing top-level names to part1_pubsub.egg-info/top_level.txt
[3.767s] reading manifest file 'part1_pubsub.egg-info/SOURCES.txt'
[3.768s] writing manifest file 'part1_pubsub.egg-info/SOURCES.txt'
[3.789s] [100%] Built target ament_cmake_python_build_part1_pubsub_egg
[3.789s] [100%] Built target ament_cmake_python_build_part1_pubsub_modules_egg
[3.796s] Invoked command in '/home/student/ros2_ws/build/part1_pubsub' returned '0': CMAKE_PREFIX_PATH=${CMAKE_PREFIX_PATH}:/opt/ros/humble /usr/bin/cmake --build /home/student/ros2_ws/build/part1_pubsub -- -j12 -l12
[3.802s] Invoking command in '/home/student/ros2_ws/build/part1_pubsub': CMAKE_PREFIX_PATH=${CMAKE_PREFIX_PATH}:/opt/ros/humble /usr/bin/cmake --install /home/student/ros2_ws/build/part1_pubsub
[3.807s] -- Install configuration: ""
[3.807s] -- Execute custom install script
[3.807s] -- Up-to-date symlink: /home/student/ros2_ws/install/part1_pubsub/lib/part1_pubsub/cpp_executable
[3.808s] -- Up-to-date symlink: /home/student/ros2_ws/install/part1_pubsub/share/part1_pubsub/environment/pythonpath.sh
[3.808s] -- Up-to-date symlink: /home/student/ros2_ws/install/part1_pubsub/share/part1_pubsub/environment/pythonpath.dsv
[3.808s] -- Up-to-date symlink: /home/student/ros2_ws/install/part1_pubsub/local/lib/python3.10/dist-packages/part1_pubsub_modules-0.0.0-py3.10.egg-info/PKG-INFO
[3.809s] -- Up-to-date symlink: /home/student/ros2_ws/install/part1_pubsub/local/lib/python3.10/dist-packages/part1_pubsub_modules-0.0.0-py3.10.egg-info/SOURCES.txt
[3.809s] -- Up-to-date symlink: /home/student/ros2_ws/install/part1_pubsub/local/lib/python3.10/dist-packages/part1_pubsub_modules-0.0.0-py3.10.egg-info/dependency_links.txt
[3.809s] -- Up-to-date symlink: /home/student/ros2_ws/install/part1_pubsub/local/lib/python3.10/dist-packages/part1_pubsub_modules-0.0.0-py3.10.egg-info/top_level.txt
[3.810s] -- Up-to-date symlink: /home/student/ros2_ws/install/part1_pubsub/local/lib/python3.10/dist-packages/part1_pubsub_modules/__init__.py
[3.811s] -- Up-to-date symlink: /home/student/ros2_ws/install/part1_pubsub/local/lib/python3.10/dist-packages/part1_pubsub_modules/tb3_tools.py
[3.811s] -- Up-to-date symlink: /home/student/ros2_ws/install/part1_pubsub/lib/part1_pubsub/publisher.py
[3.811s] -- Up-to-date symlink: /home/student/ros2_ws/install/part1_pubsub/lib/part1_pubsub/subscriber.py
[3.812s] -- Symlinking: /home/student/ros2_ws/install/part1_pubsub/lib/part1_pubsub/custom_msg_publisher.py
[3.818s] -- Symlinking: /home/student/ros2_ws/install/part1_pubsub/lib/part1_pubsub/custom_msg_subscriber.py
[3.823s] -- Up-to-date symlink: /home/student/ros2_ws/install/part1_pubsub/share/ament_index/resource_index/rosidl_interfaces/part1_pubsub
[3.824s] -- Up-to-date symlink: /home/student/ros2_ws/install/part1_pubsub/include/part1_pubsub/part1_pubsub/msg/detail/example__functions.h
[3.824s] -- Up-to-date symlink: /home/student/ros2_ws/install/part1_pubsub/include/part1_pubsub/part1_pubsub/msg/detail/example__struct.h
[3.824s] -- Up-to-date symlink: /home/student/ros2_ws/install/part1_pubsub/include/part1_pubsub/part1_pubsub/msg/detail/example__type_support.h
[3.825s] -- Up-to-date symlink: /home/student/ros2_ws/install/part1_pubsub/include/part1_pubsub/part1_pubsub/msg/example.h
[3.825s] -- Up-to-date symlink: /home/student/ros2_ws/install/part1_pubsub/include/part1_pubsub/part1_pubsub/msg/rosidl_generator_c__visibility_control.h
[3.826s] -- Up-to-date symlink: /home/student/ros2_ws/install/part1_pubsub/share/part1_pubsub/environment/library_path.sh
[3.826s] -- Up-to-date symlink: /home/student/ros2_ws/install/part1_pubsub/share/part1_pubsub/environment/library_path.dsv
[3.827s] -- Up-to-date symlink: /home/student/ros2_ws/install/part1_pubsub/include/part1_pubsub/part1_pubsub/msg/detail/example__rosidl_typesupport_fastrtps_c.h
[3.827s] -- Up-to-date symlink: /home/student/ros2_ws/install/part1_pubsub/include/part1_pubsub/part1_pubsub/msg/rosidl_typesupport_fastrtps_c__visibility_control.h
[3.828s] -- Up-to-date symlink: /home/student/ros2_ws/install/part1_pubsub/include/part1_pubsub/part1_pubsub/msg/detail/example__builder.hpp
[3.829s] -- Up-to-date symlink: /home/student/ros2_ws/install/part1_pubsub/include/part1_pubsub/part1_pubsub/msg/detail/example__struct.hpp
[3.829s] -- Up-to-date symlink: /home/student/ros2_ws/install/part1_pubsub/include/part1_pubsub/part1_pubsub/msg/detail/example__traits.hpp
[3.829s] -- Up-to-date symlink: /home/student/ros2_ws/install/part1_pubsub/include/part1_pubsub/part1_pubsub/msg/detail/example__type_support.hpp
[3.829s] -- Up-to-date symlink: /home/student/ros2_ws/install/part1_pubsub/include/part1_pubsub/part1_pubsub/msg/example.hpp
[3.830s] -- Up-to-date symlink: /home/student/ros2_ws/install/part1_pubsub/include/part1_pubsub/part1_pubsub/msg/rosidl_generator_cpp__visibility_control.hpp
[3.831s] -- Up-to-date symlink: /home/student/ros2_ws/install/part1_pubsub/include/part1_pubsub/part1_pubsub/msg/detail/example__rosidl_typesupport_fastrtps_cpp.hpp
[3.831s] -- Up-to-date symlink: /home/student/ros2_ws/install/part1_pubsub/include/part1_pubsub/part1_pubsub/msg/rosidl_typesupport_fastrtps_cpp__visibility_control.h
[3.832s] -- Up-to-date symlink: /home/student/ros2_ws/install/part1_pubsub/include/part1_pubsub/part1_pubsub/msg/detail/example__rosidl_typesupport_introspection_c.h
[3.832s] -- Up-to-date symlink: /home/student/ros2_ws/install/part1_pubsub/include/part1_pubsub/part1_pubsub/msg/rosidl_typesupport_introspection_c__visibility_control.h
[3.833s] -- Up-to-date symlink: /home/student/ros2_ws/install/part1_pubsub/include/part1_pubsub/part1_pubsub/msg/detail/example__rosidl_typesupport_introspection_cpp.hpp
[3.833s] -- Up-to-date symlink: /home/student/ros2_ws/install/part1_pubsub/local/lib/python3.10/dist-packages/part1_pubsub-0.0.0-py3.10.egg-info/PKG-INFO
[3.833s] -- Up-to-date symlink: /home/student/ros2_ws/install/part1_pubsub/local/lib/python3.10/dist-packages/part1_pubsub-0.0.0-py3.10.egg-info/SOURCES.txt
[3.833s] -- Up-to-date symlink: /home/student/ros2_ws/install/part1_pubsub/local/lib/python3.10/dist-packages/part1_pubsub-0.0.0-py3.10.egg-info/dependency_links.txt
[3.833s] -- Up-to-date symlink: /home/student/ros2_ws/install/part1_pubsub/local/lib/python3.10/dist-packages/part1_pubsub-0.0.0-py3.10.egg-info/top_level.txt
[3.834s] -- Up-to-date symlink: /home/student/ros2_ws/install/part1_pubsub/local/lib/python3.10/dist-packages/part1_pubsub/__init__.py
[3.834s] -- Up-to-date symlink: /home/student/ros2_ws/install/part1_pubsub/local/lib/python3.10/dist-packages/part1_pubsub/_part1_pubsub_s.ep.rosidl_typesupport_c.c
[3.834s] -- Up-to-date symlink: /home/student/ros2_ws/install/part1_pubsub/local/lib/python3.10/dist-packages/part1_pubsub/_part1_pubsub_s.ep.rosidl_typesupport_fastrtps_c.c
[3.835s] -- Up-to-date symlink: /home/student/ros2_ws/install/part1_pubsub/local/lib/python3.10/dist-packages/part1_pubsub/_part1_pubsub_s.ep.rosidl_typesupport_introspection_c.c
[3.835s] -- Up-to-date symlink: /home/student/ros2_ws/install/part1_pubsub/local/lib/python3.10/dist-packages/part1_pubsub/libpart1_pubsub__rosidl_generator_py.so
[3.835s] -- Up-to-date symlink: /home/student/ros2_ws/install/part1_pubsub/local/lib/python3.10/dist-packages/part1_pubsub/msg/__init__.py
[3.835s] -- Up-to-date symlink: /home/student/ros2_ws/install/part1_pubsub/local/lib/python3.10/dist-packages/part1_pubsub/msg/_example.py
[3.836s] -- Up-to-date symlink: /home/student/ros2_ws/install/part1_pubsub/local/lib/python3.10/dist-packages/part1_pubsub/msg/_example_s.c
[3.836s] -- Up-to-date symlink: /home/student/ros2_ws/install/part1_pubsub/local/lib/python3.10/dist-packages/part1_pubsub/part1_pubsub_s__rosidl_typesupport_c.cpython-310-x86_64-linux-gnu.so
[3.836s] -- Up-to-date symlink: /home/student/ros2_ws/install/part1_pubsub/local/lib/python3.10/dist-packages/part1_pubsub/part1_pubsub_s__rosidl_typesupport_fastrtps_c.cpython-310-x86_64-linux-gnu.so
[3.836s] -- Up-to-date symlink: /home/student/ros2_ws/install/part1_pubsub/local/lib/python3.10/dist-packages/part1_pubsub/part1_pubsub_s__rosidl_typesupport_introspection_c.cpython-310-x86_64-linux-gnu.so
[3.837s] -- Up-to-date symlink: /home/student/ros2_ws/install/part1_pubsub/local/lib/python3.10/dist-packages/part1_pubsub/part1_pubsub_s__rosidl_typesupport_fastrtps_c.cpython-310-x86_64-linux-gnu.so
[3.837s] -- Up-to-date symlink: /home/student/ros2_ws/install/part1_pubsub/local/lib/python3.10/dist-packages/part1_pubsub/part1_pubsub_s__rosidl_typesupport_introspection_c.cpython-310-x86_64-linux-gnu.so
[3.837s] -- Up-to-date symlink: /home/student/ros2_ws/install/part1_pubsub/local/lib/python3.10/dist-packages/part1_pubsub/part1_pubsub_s__rosidl_typesupport_c.cpython-310-x86_64-linux-gnu.so
[3.837s] -- Up-to-date symlink: /home/student/ros2_ws/install/part1_pubsub/share/part1_pubsub/msg/Example.idl
[3.837s] -- Up-to-date symlink: /home/student/ros2_ws/install/part1_pubsub/share/part1_pubsub/msg/Example.msg
[3.838s] -- Up-to-date symlink: /home/student/ros2_ws/install/part1_pubsub/share/ament_index/resource_index/package_run_dependencies/part1_pubsub
[3.838s] -- Up-to-date symlink: /home/student/ros2_ws/install/part1_pubsub/share/ament_index/resource_index/parent_prefix_path/part1_pubsub
[3.838s] -- Up-to-date symlink: /home/student/ros2_ws/install/part1_pubsub/share/part1_pubsub/environment/ament_prefix_path.sh
[3.839s] -- Up-to-date symlink: /home/student/ros2_ws/install/part1_pubsub/share/part1_pubsub/environment/ament_prefix_path.dsv
[3.839s] -- Up-to-date symlink: /home/student/ros2_ws/install/part1_pubsub/share/part1_pubsub/environment/path.sh
[3.839s] -- Up-to-date symlink: /home/student/ros2_ws/install/part1_pubsub/share/part1_pubsub/environment/path.dsv
[3.839s] -- Up-to-date symlink: /home/student/ros2_ws/install/part1_pubsub/share/part1_pubsub/local_setup.bash
[3.840s] -- Up-to-date symlink: /home/student/ros2_ws/install/part1_pubsub/share/part1_pubsub/local_setup.sh
[3.840s] -- Up-to-date symlink: /home/student/ros2_ws/install/part1_pubsub/share/part1_pubsub/local_setup.zsh
[3.841s] -- Up-to-date symlink: /home/student/ros2_ws/install/part1_pubsub/share/part1_pubsub/local_setup.dsv
[3.841s] -- Symlinking: /home/student/ros2_ws/install/part1_pubsub/share/part1_pubsub/package.dsv
[3.846s] -- Up-to-date symlink: /home/student/ros2_ws/install/part1_pubsub/share/ament_index/resource_index/packages/part1_pubsub
[3.846s] -- Up-to-date symlink: /home/student/ros2_ws/install/part1_pubsub/share/part1_pubsub/cmake/rosidl_cmake-extras.cmake
[3.847s] -- Up-to-date symlink: /home/student/ros2_ws/install/part1_pubsub/share/part1_pubsub/cmake/ament_cmake_export_include_directories-extras.cmake
[3.847s] -- Up-to-date symlink: /home/student/ros2_ws/install/part1_pubsub/share/part1_pubsub/cmake/ament_cmake_export_libraries-extras.cmake
[3.847s] -- Up-to-date symlink: /home/student/ros2_ws/install/part1_pubsub/share/part1_pubsub/cmake/ament_cmake_export_targets-extras.cmake
[3.848s] -- Up-to-date symlink: /home/student/ros2_ws/install/part1_pubsub/share/part1_pubsub/cmake/rosidl_cmake_export_typesupport_targets-extras.cmake
[3.848s] -- Up-to-date symlink: /home/student/ros2_ws/install/part1_pubsub/share/part1_pubsub/cmake/ament_cmake_export_dependencies-extras.cmake
[3.848s] -- Up-to-date symlink: /home/student/ros2_ws/install/part1_pubsub/share/part1_pubsub/cmake/rosidl_cmake_export_typesupport_libraries-extras.cmake
[3.849s] -- Up-to-date symlink: /home/student/ros2_ws/install/part1_pubsub/share/part1_pubsub/cmake/part1_pubsubConfig.cmake
[3.849s] -- Up-to-date symlink: /home/student/ros2_ws/install/part1_pubsub/share/part1_pubsub/cmake/part1_pubsubConfig-version.cmake
[3.849s] -- Up-to-date symlink: /home/student/ros2_ws/install/part1_pubsub/share/part1_pubsub/package.xml
[3.871s] Listing '/home/student/ros2_ws/install/part1_pubsub/local/lib/python3.10/dist-packages/part1_pubsub_modules'...
[3.876s] -- Up-to-date: /home/student/ros2_ws/install/part1_pubsub/lib/libpart1_pubsub__rosidl_generator_c.so
[3.876s] -- Up-to-date: /home/student/ros2_ws/install/part1_pubsub/lib/libpart1_pubsub__rosidl_typesupport_fastrtps_c.so
[3.877s] -- Up-to-date: /home/student/ros2_ws/install/part1_pubsub/lib/libpart1_pubsub__rosidl_typesupport_fastrtps_cpp.so
[3.878s] -- Up-to-date: /home/student/ros2_ws/install/part1_pubsub/lib/libpart1_pubsub__rosidl_typesupport_introspection_c.so
[3.878s] -- Up-to-date: /home/student/ros2_ws/install/part1_pubsub/lib/libpart1_pubsub__rosidl_typesupport_c.so
[3.879s] -- Up-to-date: /home/student/ros2_ws/install/part1_pubsub/lib/libpart1_pubsub__rosidl_typesupport_introspection_cpp.so
[3.880s] -- Up-to-date: /home/student/ros2_ws/install/part1_pubsub/lib/libpart1_pubsub__rosidl_typesupport_cpp.so
[3.904s] Listing '/home/student/ros2_ws/install/part1_pubsub/local/lib/python3.10/dist-packages/part1_pubsub'...
[3.905s] Compiling '/home/student/ros2_ws/install/part1_pubsub/local/lib/python3.10/dist-packages/part1_pubsub/__init__.py'...
[3.905s] Listing '/home/student/ros2_ws/install/part1_pubsub/local/lib/python3.10/dist-packages/part1_pubsub/msg'...
[3.909s] -- Up-to-date: /home/student/ros2_ws/install/part1_pubsub/lib/libpart1_pubsub__rosidl_generator_py.so
[3.910s] -- Up-to-date: /home/student/ros2_ws/install/part1_pubsub/share/part1_pubsub/cmake/export_part1_pubsub__rosidl_generator_cExport.cmake
[3.910s] -- Up-to-date: /home/student/ros2_ws/install/part1_pubsub/share/part1_pubsub/cmake/export_part1_pubsub__rosidl_generator_cExport-noconfig.cmake
[3.911s] -- Up-to-date: /home/student/ros2_ws/install/part1_pubsub/share/part1_pubsub/cmake/export_part1_pubsub__rosidl_typesupport_fastrtps_cExport.cmake
[3.911s] -- Up-to-date: /home/student/ros2_ws/install/part1_pubsub/share/part1_pubsub/cmake/export_part1_pubsub__rosidl_typesupport_fastrtps_cExport-noconfig.cmake
[3.911s] -- Up-to-date: /home/student/ros2_ws/install/part1_pubsub/share/part1_pubsub/cmake/export_part1_pubsub__rosidl_generator_cppExport.cmake
[3.912s] -- Up-to-date: /home/student/ros2_ws/install/part1_pubsub/share/part1_pubsub/cmake/export_part1_pubsub__rosidl_typesupport_fastrtps_cppExport.cmake
[3.912s] -- Up-to-date: /home/student/ros2_ws/install/part1_pubsub/share/part1_pubsub/cmake/export_part1_pubsub__rosidl_typesupport_fastrtps_cppExport-noconfig.cmake
[3.912s] -- Up-to-date: /home/student/ros2_ws/install/part1_pubsub/share/part1_pubsub/cmake/part1_pubsub__rosidl_typesupport_introspection_cExport.cmake
[3.912s] -- Up-to-date: /home/student/ros2_ws/install/part1_pubsub/share/part1_pubsub/cmake/part1_pubsub__rosidl_typesupport_introspection_cExport-noconfig.cmake
[3.912s] -- Up-to-date: /home/student/ros2_ws/install/part1_pubsub/share/part1_pubsub/cmake/part1_pubsub__rosidl_typesupport_cExport.cmake
[3.912s] -- Up-to-date: /home/student/ros2_ws/install/part1_pubsub/share/part1_pubsub/cmake/part1_pubsub__rosidl_typesupport_cExport-noconfig.cmake
[3.913s] -- Up-to-date: /home/student/ros2_ws/install/part1_pubsub/share/part1_pubsub/cmake/part1_pubsub__rosidl_typesupport_introspection_cppExport.cmake
[3.913s] -- Up-to-date: /home/student/ros2_ws/install/part1_pubsub/share/part1_pubsub/cmake/part1_pubsub__rosidl_typesupport_introspection_cppExport-noconfig.cmake
[3.913s] -- Up-to-date: /home/student/ros2_ws/install/part1_pubsub/share/part1_pubsub/cmake/part1_pubsub__rosidl_typesupport_cppExport.cmake
[3.913s] -- Up-to-date: /home/student/ros2_ws/install/part1_pubsub/share/part1_pubsub/cmake/part1_pubsub__rosidl_typesupport_cppExport-noconfig.cmake
[3.914s] -- Up-to-date: /home/student/ros2_ws/install/part1_pubsub/share/part1_pubsub/cmake/export_part1_pubsub__rosidl_generator_pyExport.cmake
[3.914s] -- Up-to-date: /home/student/ros2_ws/install/part1_pubsub/share/part1_pubsub/cmake/export_part1_pubsub__rosidl_generator_pyExport-noconfig.cmake
[3.916s] Invoked command in '/home/student/ros2_ws/build/part1_pubsub' returned '0': CMAKE_PREFIX_PATH=${CMAKE_PREFIX_PATH}:/opt/ros/humble /usr/bin/cmake --install /home/student/ros2_ws/build/part1_pubsub
