[0.031s] Invoking command in '/home/student/ros2_ws/build/com2009_simulations': AMENT_PREFIX_PATH=/home/student/ros2_ws/install/tuos_simulations:${AMENT_PREFIX_PATH} CMAKE_PREFIX_PATH=/home/student/ros2_ws/install/tuos_simulations:/opt/ros/humble /usr/bin/cmake /home/student/ros2_ws/src/tuos_ros/com2009_simulations -DCMAKE_INSTALL_PREFIX=/home/student/ros2_ws/install/com2009_simulations
[0.117s] -- The C compiler identification is GNU 11.4.0
[0.407s] -- The CXX compiler identification is GNU 11.4.0
[0.610s] -- Detecting C compiler ABI info
[0.696s] -- Detecting C compiler ABI info - done
[0.702s] -- Check for working C compiler: /usr/bin/cc - skipped
[0.702s] -- Detecting C compile features
[0.702s] -- Detecting C compile features - done
[0.705s] -- Detecting CXX compiler ABI info
[0.809s] -- Detecting CXX compiler ABI info - done
[0.814s] -- Check for working CXX compiler: /usr/bin/c++ - skipped
[0.814s] -- Detecting CXX compile features
[0.814s] -- Detecting CXX compile features - done
[0.816s] -- Found ament_cmake: 1.3.11 (/opt/ros/humble/share/ament_cmake/cmake)
[0.917s] -- Found Python3: /usr/bin/python3 (found version "3.10.12") found components: Interpreter 
[0.990s] -- Found gazebo_ros_pkgs: 3.7.0 (/opt/ros/humble/share/gazebo_ros_pkgs/cmake)
[0.991s] -- Found turtlebot3_gazebo: 2.2.5 (/opt/ros/humble/share/turtlebot3_gazebo/cmake)
[1.115s] -- Found rosidl_generator_c: 3.1.6 (/opt/ros/humble/share/rosidl_generator_c/cmake)
[1.120s] -- Found rosidl_adapter: 3.1.6 (/opt/ros/humble/share/rosidl_adapter/cmake)
[1.128s] -- Found rosidl_generator_cpp: 3.1.6 (/opt/ros/humble/share/rosidl_generator_cpp/cmake)
[1.139s] -- Using all available rosidl_typesupport_c: rosidl_typesupport_fastrtps_c;rosidl_typesupport_introspection_c
[1.152s] -- Using all available rosidl_typesupport_cpp: rosidl_typesupport_fastrtps_cpp;rosidl_typesupport_introspection_cpp
[1.226s] -- Found rmw_implementation_cmake: 6.1.2 (/opt/ros/humble/share/rmw_implementation_cmake/cmake)
[1.228s] -- Found rmw_fastrtps_cpp: 6.2.7 (/opt/ros/humble/share/rmw_fastrtps_cpp/cmake)
[1.875s] -- Found OpenSSL: /usr/lib/x86_64-linux-gnu/libcrypto.so (found version "3.0.2")  
[2.608s] -- Found FastRTPS: /opt/ros/humble/include  
[3.832s] -- Using RMW implementation 'rmw_fastrtps_cpp' as default
[3.837s] -- Looking for pthread.h
[3.927s] -- Looking for pthread.h - found
[3.927s] -- Performing Test CMAKE_HAVE_LIBC_PTHREAD
[4.025s] -- Performing Test CMAKE_HAVE_LIBC_PTHREAD - Success
[4.026s] -- Found Threads: TRUE  
[4.070s] -- Found tuos_simulations: 0.0.1 (/home/student/ros2_ws/install/tuos_simulations/share/tuos_simulations/cmake)
[4.114s] -- Configuring done
[4.117s] -- Generating done
[4.118s] -- Build files have been written to: /home/student/ros2_ws/build/com2009_simulations
[4.126s] Invoked command in '/home/student/ros2_ws/build/com2009_simulations' returned '0': AMENT_PREFIX_PATH=/home/student/ros2_ws/install/tuos_simulations:${AMENT_PREFIX_PATH} CMAKE_PREFIX_PATH=/home/student/ros2_ws/install/tuos_simulations:/opt/ros/humble /usr/bin/cmake /home/student/ros2_ws/src/tuos_ros/com2009_simulations -DCMAKE_INSTALL_PREFIX=/home/student/ros2_ws/install/com2009_simulations
[4.130s] Invoking command in '/home/student/ros2_ws/build/com2009_simulations': AMENT_PREFIX_PATH=/home/student/ros2_ws/install/tuos_simulations:${AMENT_PREFIX_PATH} CMAKE_PREFIX_PATH=/home/student/ros2_ws/install/tuos_simulations:/opt/ros/humble /usr/bin/cmake --build /home/student/ros2_ws/build/com2009_simulations -- -j12 -l12
[4.156s] Invoked command in '/home/student/ros2_ws/build/com2009_simulations' returned '0': AMENT_PREFIX_PATH=/home/student/ros2_ws/install/tuos_simulations:${AMENT_PREFIX_PATH} CMAKE_PREFIX_PATH=/home/student/ros2_ws/install/tuos_simulations:/opt/ros/humble /usr/bin/cmake --build /home/student/ros2_ws/build/com2009_simulations -- -j12 -l12
[4.159s] Invoking command in '/home/student/ros2_ws/build/com2009_simulations': AMENT_PREFIX_PATH=/home/student/ros2_ws/install/tuos_simulations:${AMENT_PREFIX_PATH} CMAKE_PREFIX_PATH=/home/student/ros2_ws/install/tuos_simulations:/opt/ros/humble /usr/bin/cmake --install /home/student/ros2_ws/build/com2009_simulations
[4.163s] -- Install configuration: ""
[4.163s] -- Installing: /home/student/ros2_ws/install/com2009_simulations/share/com2009_simulations/launch
[4.163s] -- Installing: /home/student/ros2_ws/install/com2009_simulations/share/com2009_simulations/launch/task1.launch.py
[4.163s] -- Installing: /home/student/ros2_ws/install/com2009_simulations/share/com2009_simulations/launch/task2.launch.py
[4.163s] -- Installing: /home/student/ros2_ws/install/com2009_simulations/share/com2009_simulations/models
[4.163s] -- Installing: /home/student/ros2_ws/install/com2009_simulations/share/com2009_simulations/models/cr5_arena_walls
[4.164s] -- Installing: /home/student/ros2_ws/install/com2009_simulations/share/com2009_simulations/models/cr5_arena_walls/model.sdf
[4.164s] -- Installing: /home/student/ros2_ws/install/com2009_simulations/share/com2009_simulations/models/cr5_arena_walls/model.config
[4.164s] -- Installing: /home/student/ros2_ws/install/com2009_simulations/share/com2009_simulations/models/task2
[4.164s] -- Installing: /home/student/ros2_ws/install/com2009_simulations/share/com2009_simulations/models/task2/model.sdf
[4.164s] -- Installing: /home/student/ros2_ws/install/com2009_simulations/share/com2009_simulations/models/task2/materials
[4.164s] -- Installing: /home/student/ros2_ws/install/com2009_simulations/share/com2009_simulations/models/task2/materials/scripts
[4.164s] -- Installing: /home/student/ros2_ws/install/com2009_simulations/share/com2009_simulations/models/task2/materials/scripts/floor.material
[4.165s] -- Installing: /home/student/ros2_ws/install/com2009_simulations/share/com2009_simulations/models/task2/materials/textures
[4.165s] -- Installing: /home/student/ros2_ws/install/com2009_simulations/share/com2009_simulations/models/task2/materials/textures/task2_floor.png
[4.165s] -- Installing: /home/student/ros2_ws/install/com2009_simulations/share/com2009_simulations/models/task2/materials/textures/task2_floor.svg
[4.165s] -- Installing: /home/student/ros2_ws/install/com2009_simulations/share/com2009_simulations/models/task2/model.config
[4.166s] -- Installing: /home/student/ros2_ws/install/com2009_simulations/share/com2009_simulations/models/task1
[4.166s] -- Installing: /home/student/ros2_ws/install/com2009_simulations/share/com2009_simulations/models/task1/model.sdf
[4.166s] -- Installing: /home/student/ros2_ws/install/com2009_simulations/share/com2009_simulations/models/task1/materials
[4.166s] -- Installing: /home/student/ros2_ws/install/com2009_simulations/share/com2009_simulations/models/task1/materials/scripts
[4.166s] -- Installing: /home/student/ros2_ws/install/com2009_simulations/share/com2009_simulations/models/task1/materials/scripts/floor.material
[4.166s] -- Installing: /home/student/ros2_ws/install/com2009_simulations/share/com2009_simulations/models/task1/materials/textures
[4.167s] -- Installing: /home/student/ros2_ws/install/com2009_simulations/share/com2009_simulations/models/task1/materials/textures/task1_floor.png
[4.167s] -- Installing: /home/student/ros2_ws/install/com2009_simulations/share/com2009_simulations/models/task1/materials/textures/task1_floor.svg
[4.167s] -- Installing: /home/student/ros2_ws/install/com2009_simulations/share/com2009_simulations/models/task1/model.config
[4.167s] -- Installing: /home/student/ros2_ws/install/com2009_simulations/share/com2009_simulations/worlds
[4.168s] -- Installing: /home/student/ros2_ws/install/com2009_simulations/share/com2009_simulations/worlds/task2.world
[4.168s] -- Installing: /home/student/ros2_ws/install/com2009_simulations/share/com2009_simulations/worlds/task1.world
[4.168s] -- Installing: /home/student/ros2_ws/install/com2009_simulations/share/ament_index/resource_index/package_run_dependencies/com2009_simulations
[4.168s] -- Installing: /home/student/ros2_ws/install/com2009_simulations/share/ament_index/resource_index/parent_prefix_path/com2009_simulations
[4.168s] -- Installing: /home/student/ros2_ws/install/com2009_simulations/share/com2009_simulations/environment/ament_prefix_path.sh
[4.168s] -- Installing: /home/student/ros2_ws/install/com2009_simulations/share/com2009_simulations/environment/ament_prefix_path.dsv
[4.169s] -- Installing: /home/student/ros2_ws/install/com2009_simulations/share/com2009_simulations/environment/path.sh
[4.169s] -- Installing: /home/student/ros2_ws/install/com2009_simulations/share/com2009_simulations/environment/path.dsv
[4.169s] -- Installing: /home/student/ros2_ws/install/com2009_simulations/share/com2009_simulations/local_setup.bash
[4.169s] -- Installing: /home/student/ros2_ws/install/com2009_simulations/share/com2009_simulations/local_setup.sh
[4.169s] -- Installing: /home/student/ros2_ws/install/com2009_simulations/share/com2009_simulations/local_setup.zsh
[4.169s] -- Installing: /home/student/ros2_ws/install/com2009_simulations/share/com2009_simulations/local_setup.dsv
[4.169s] -- Installing: /home/student/ros2_ws/install/com2009_simulations/share/com2009_simulations/package.dsv
[4.170s] -- Installing: /home/student/ros2_ws/install/com2009_simulations/share/ament_index/resource_index/packages/com2009_simulations
[4.170s] -- Installing: /home/student/ros2_ws/install/com2009_simulations/share/com2009_simulations/cmake/ament_cmake_export_dependencies-extras.cmake
[4.170s] -- Installing: /home/student/ros2_ws/install/com2009_simulations/share/com2009_simulations/cmake/com2009_simulationsConfig.cmake
[4.170s] -- Installing: /home/student/ros2_ws/install/com2009_simulations/share/com2009_simulations/cmake/com2009_simulationsConfig-version.cmake
[4.170s] -- Installing: /home/student/ros2_ws/install/com2009_simulations/share/com2009_simulations/package.xml
[4.171s] Invoked command in '/home/student/ros2_ws/build/com2009_simulations' returned '0': AMENT_PREFIX_PATH=/home/student/ros2_ws/install/tuos_simulations:${AMENT_PREFIX_PATH} CMAKE_PREFIX_PATH=/home/student/ros2_ws/install/tuos_simulations:/opt/ros/humble /usr/bin/cmake --install /home/student/ros2_ws/build/com2009_simulations
