[0.024s] Invoking command in '/home/student/ros2_ws/build/part2_navigation': CMAKE_PREFIX_PATH=${CMAKE_PREFIX_PATH}:/opt/ros/humble /usr/bin/cmake /home/student/ros2_ws/src/part2_navigation -DAMENT_CMAKE_SYMLINK_INSTALL=1 -DCMAKE_INSTALL_PREFIX=/home/student/ros2_ws/install/part2_navigation
[0.633s] -- The C compiler identification is GNU 11.4.0
[1.532s] -- The CXX compiler identification is GNU 11.4.0
[2.012s] -- Detecting C compiler ABI info
[2.307s] -- Detecting C compiler ABI info - done
[2.307s] -- Check for working C compiler: /usr/bin/cc - skipped
[2.311s] -- Detecting C compile features
[2.317s] -- Detecting C compile features - done
[2.328s] -- Detecting CXX compiler ABI info
[2.663s] -- Detecting CXX compiler ABI info - done
[2.681s] -- Check for working CXX compiler: /usr/bin/c++ - skipped
[2.682s] -- Detecting CXX compile features
[2.683s] -- Detecting CXX compile features - done
[2.738s] -- Found ament_cmake: 1.3.11 (/opt/ros/humble/share/ament_cmake/cmake)
[3.109s] -- Found Python3: /usr/bin/python3 (found version "3.10.12") found components: Interpreter 
[3.308s] -- Override CMake install command with custom implementation using symlinks instead of copying resources
[3.468s] -- Found rclcpp: 16.0.11 (/opt/ros/humble/share/rclcpp/cmake)
[3.813s] -- Found rosidl_generator_c: 3.1.6 (/opt/ros/humble/share/rosidl_generator_c/cmake)
[3.853s] -- Found rosidl_adapter: 3.1.6 (/opt/ros/humble/share/rosidl_adapter/cmake)
[3.893s] -- Found rosidl_generator_cpp: 3.1.6 (/opt/ros/humble/share/rosidl_generator_cpp/cmake)
[3.956s] -- Using all available rosidl_typesupport_c: rosidl_typesupport_fastrtps_c;rosidl_typesupport_introspection_c
[4.038s] -- Using all available rosidl_typesupport_cpp: rosidl_typesupport_fastrtps_cpp;rosidl_typesupport_introspection_cpp
[4.317s] -- Found rmw_implementation_cmake: 6.1.2 (/opt/ros/humble/share/rmw_implementation_cmake/cmake)
[4.348s] -- Found rmw_fastrtps_cpp: 6.2.7 (/opt/ros/humble/share/rmw_fastrtps_cpp/cmake)
[6.157s] -- Found OpenSSL: /usr/lib/x86_64-linux-gnu/libcrypto.so (found version "3.0.2")  
[7.764s] -- Found FastRTPS: /opt/ros/humble/include  
[10.604s] -- Using RMW implementation 'rmw_fastrtps_cpp' as default
[10.674s] -- Looking for pthread.h
[10.951s] -- Looking for pthread.h - found
[10.951s] -- Performing Test CMAKE_HAVE_LIBC_PTHREAD
[11.184s] -- Performing Test CMAKE_HAVE_LIBC_PTHREAD - Success
[11.185s] -- Found Threads: TRUE  
[11.415s] -- Found rclpy: 3.3.15 (/opt/ros/humble/share/rclpy/cmake)
[11.789s] -- Configuring done
[11.807s] -- Generating done
[11.812s] -- Build files have been written to: /home/student/ros2_ws/build/part2_navigation
[11.847s] Invoked command in '/home/student/ros2_ws/build/part2_navigation' returned '0': CMAKE_PREFIX_PATH=${CMAKE_PREFIX_PATH}:/opt/ros/humble /usr/bin/cmake /home/student/ros2_ws/src/part2_navigation -DAMENT_CMAKE_SYMLINK_INSTALL=1 -DCMAKE_INSTALL_PREFIX=/home/student/ros2_ws/install/part2_navigation
[11.851s] Invoking command in '/home/student/ros2_ws/build/part2_navigation': CMAKE_PREFIX_PATH=${CMAKE_PREFIX_PATH}:/opt/ros/humble /usr/bin/cmake --build /home/student/ros2_ws/build/part2_navigation -- -j12 -l12
[11.996s] [ 50%] [32mBuilding CXX object CMakeFiles/cpp_executable.dir/src/minimal_node.cpp.o[0m
[19.471s] [100%] [32m[1mLinking CXX executable cpp_executable[0m
[19.923s] [100%] Built target cpp_executable
[20.043s] [100%] Built target ament_cmake_python_symlink_part2_navigation_modules
[20.494s] running egg_info
[20.498s] creating part2_navigation_modules.egg-info
[20.498s] writing part2_navigation_modules.egg-info/PKG-INFO
[20.498s] writing dependency_links to part2_navigation_modules.egg-info/dependency_links.txt
[20.498s] writing top-level names to part2_navigation_modules.egg-info/top_level.txt
[20.499s] writing manifest file 'part2_navigation_modules.egg-info/SOURCES.txt'
[20.503s] reading manifest file 'part2_navigation_modules.egg-info/SOURCES.txt'
[20.505s] writing manifest file 'part2_navigation_modules.egg-info/SOURCES.txt'
[20.597s] [100%] Built target ament_cmake_python_build_part2_navigation_modules_egg
[20.630s] Invoked command in '/home/student/ros2_ws/build/part2_navigation' returned '0': CMAKE_PREFIX_PATH=${CMAKE_PREFIX_PATH}:/opt/ros/humble /usr/bin/cmake --build /home/student/ros2_ws/build/part2_navigation -- -j12 -l12
[20.656s] Invoking command in '/home/student/ros2_ws/build/part2_navigation': CMAKE_PREFIX_PATH=${CMAKE_PREFIX_PATH}:/opt/ros/humble /usr/bin/cmake --install /home/student/ros2_ws/build/part2_navigation
[20.665s] -- Install configuration: ""
[20.666s] -- Execute custom install script
[20.667s] -- Symlinking: /home/student/ros2_ws/install/part2_navigation/lib/part2_navigation/cpp_executable
[20.677s] -- Symlinking: /home/student/ros2_ws/install/part2_navigation/share/part2_navigation/environment/pythonpath.sh
[20.692s] -- Symlinking: /home/student/ros2_ws/install/part2_navigation/share/part2_navigation/environment/pythonpath.dsv
[20.717s] -- Symlinking: /home/student/ros2_ws/install/part2_navigation/local/lib/python3.10/dist-packages/part2_navigation_modules-0.0.0-py3.10.egg-info/PKG-INFO
[20.728s] -- Symlinking: /home/student/ros2_ws/install/part2_navigation/local/lib/python3.10/dist-packages/part2_navigation_modules-0.0.0-py3.10.egg-info/SOURCES.txt
[20.755s] -- Symlinking: /home/student/ros2_ws/install/part2_navigation/local/lib/python3.10/dist-packages/part2_navigation_modules-0.0.0-py3.10.egg-info/dependency_links.txt
[20.767s] -- Symlinking: /home/student/ros2_ws/install/part2_navigation/local/lib/python3.10/dist-packages/part2_navigation_modules-0.0.0-py3.10.egg-info/top_level.txt
[20.780s] -- Symlinking: /home/student/ros2_ws/install/part2_navigation/local/lib/python3.10/dist-packages/part2_navigation_modules/__init__.py
[20.792s] -- Symlinking: /home/student/ros2_ws/install/part2_navigation/local/lib/python3.10/dist-packages/part2_navigation_modules/tb3_tools.py
[20.816s] -- Symlinking: /home/student/ros2_ws/install/part2_navigation/lib/part2_navigation/odom_subscriber.py
[20.830s] -- Symlinking: /home/student/ros2_ws/install/part2_navigation/share/ament_index/resource_index/package_run_dependencies/part2_navigation
[20.850s] -- Symlinking: /home/student/ros2_ws/install/part2_navigation/share/ament_index/resource_index/parent_prefix_path/part2_navigation
[20.868s] -- Symlinking: /home/student/ros2_ws/install/part2_navigation/share/part2_navigation/environment/ament_prefix_path.sh
[20.878s] -- Symlinking: /home/student/ros2_ws/install/part2_navigation/share/part2_navigation/environment/ament_prefix_path.dsv
[20.920s] -- Symlinking: /home/student/ros2_ws/install/part2_navigation/share/part2_navigation/environment/path.sh
[20.940s] -- Symlinking: /home/student/ros2_ws/install/part2_navigation/share/part2_navigation/environment/path.dsv
[20.958s] -- Symlinking: /home/student/ros2_ws/install/part2_navigation/share/part2_navigation/local_setup.bash
[20.983s] -- Symlinking: /home/student/ros2_ws/install/part2_navigation/share/part2_navigation/local_setup.sh
[20.993s] -- Symlinking: /home/student/ros2_ws/install/part2_navigation/share/part2_navigation/local_setup.zsh
[21.003s] -- Symlinking: /home/student/ros2_ws/install/part2_navigation/share/part2_navigation/local_setup.dsv
[21.013s] -- Symlinking: /home/student/ros2_ws/install/part2_navigation/share/part2_navigation/package.dsv
[21.037s] -- Symlinking: /home/student/ros2_ws/install/part2_navigation/share/ament_index/resource_index/packages/part2_navigation
[21.052s] -- Symlinking: /home/student/ros2_ws/install/part2_navigation/share/part2_navigation/cmake/part2_navigationConfig.cmake
[21.065s] -- Symlinking: /home/student/ros2_ws/install/part2_navigation/share/part2_navigation/cmake/part2_navigationConfig-version.cmake
[21.093s] -- Symlinking: /home/student/ros2_ws/install/part2_navigation/share/part2_navigation/package.xml
[21.169s] Listing '/home/student/ros2_ws/install/part2_navigation/local/lib/python3.10/dist-packages/part2_navigation_modules'...
[21.169s] Compiling '/home/student/ros2_ws/install/part2_navigation/local/lib/python3.10/dist-packages/part2_navigation_modules/__init__.py'...
[21.169s] Compiling '/home/student/ros2_ws/install/part2_navigation/local/lib/python3.10/dist-packages/part2_navigation_modules/tb3_tools.py'...
[21.191s] Invoked command in '/home/student/ros2_ws/build/part2_navigation' returned '0': CMAKE_PREFIX_PATH=${CMAKE_PREFIX_PATH}:/opt/ros/humble /usr/bin/cmake --install /home/student/ros2_ws/build/part2_navigation
