[0.166s] Invoking command in '/home/student/ros2_ws/build/acs6121_team08_2025': CMAKE_PREFIX_PATH=/home/student/ros2_ws/install/tuos_simulations:/home/student/ros2_ws/install/tuos_ros:/home/student/ros2_ws/install/tuos_tb3_tools:/home/student/ros2_ws/install/com2009_simulations:/home/student/ros2_ws/install/acs6121_team08_2025:/home/student/ros2_ws/install/tuos_interfaces:/home/student/ros2_ws/install/tuos_examples:/home/student/ros2_ws/install/part3_beyond_basics:/home/student/ros2_ws/install/part2_navigation:/home/student/ros2_ws/install/part1_pubsub:/opt/ros/humble /usr/bin/cmake /home/student/ros2_ws/src/acs6121_team08_2025 -DCMAKE_INSTALL_PREFIX=/home/student/ros2_ws/install/acs6121_team08_2025
[0.193s] -- Found ament_cmake: 1.3.11 (/opt/ros/humble/share/ament_cmake/cmake)
[0.486s] -- Override CMake install command with custom implementation using symlinks instead of copying resources
[0.493s] -- Found rclpy: 3.3.15 (/opt/ros/humble/share/rclpy/cmake)
[0.493s] -- Found rclcpp: 16.0.11 (/opt/ros/humble/share/rclcpp/cmake)
[0.761s] -- Found rosidl_generator_c: 3.1.6 (/opt/ros/humble/share/rosidl_generator_c/cmake)
[0.766s] -- Found rosidl_adapter: 3.1.6 (/opt/ros/humble/share/rosidl_adapter/cmake)
[0.786s] -- Found rosidl_generator_cpp: 3.1.6 (/opt/ros/humble/share/rosidl_generator_cpp/cmake)
[0.810s] -- Using all available rosidl_typesupport_c: rosidl_typesupport_fastrtps_c;rosidl_typesupport_introspection_c
[0.844s] -- Using all available rosidl_typesupport_cpp: rosidl_typesupport_fastrtps_cpp;rosidl_typesupport_introspection_cpp
[0.923s] -- Found rmw_implementation_cmake: 6.1.2 (/opt/ros/humble/share/rmw_implementation_cmake/cmake)
[0.927s] -- Found rmw_fastrtps_cpp: 6.2.7 (/opt/ros/humble/share/rmw_fastrtps_cpp/cmake)
[10.054s] -- Using RMW implementation 'rmw_fastrtps_cpp' as default
[10.537s] -- Configuring done
[10.552s] -- Generating done
[10.558s] -- Build files have been written to: /home/student/ros2_ws/build/acs6121_team08_2025
[10.591s] Invoked command in '/home/student/ros2_ws/build/acs6121_team08_2025' returned '0': CMAKE_PREFIX_PATH=/home/student/ros2_ws/install/tuos_simulations:/home/student/ros2_ws/install/tuos_ros:/home/student/ros2_ws/install/tuos_tb3_tools:/home/student/ros2_ws/install/com2009_simulations:/home/student/ros2_ws/install/acs6121_team08_2025:/home/student/ros2_ws/install/tuos_interfaces:/home/student/ros2_ws/install/tuos_examples:/home/student/ros2_ws/install/part3_beyond_basics:/home/student/ros2_ws/install/part2_navigation:/home/student/ros2_ws/install/part1_pubsub:/opt/ros/humble /usr/bin/cmake /home/student/ros2_ws/src/acs6121_team08_2025 -DCMAKE_INSTALL_PREFIX=/home/student/ros2_ws/install/acs6121_team08_2025
[10.592s] Invoking command in '/home/student/ros2_ws/build/acs6121_team08_2025': CMAKE_PREFIX_PATH=/home/student/ros2_ws/install/tuos_simulations:/home/student/ros2_ws/install/tuos_ros:/home/student/ros2_ws/install/tuos_tb3_tools:/home/student/ros2_ws/install/com2009_simulations:/home/student/ros2_ws/install/acs6121_team08_2025:/home/student/ros2_ws/install/tuos_interfaces:/home/student/ros2_ws/install/tuos_examples:/home/student/ros2_ws/install/part3_beyond_basics:/home/student/ros2_ws/install/part2_navigation:/home/student/ros2_ws/install/part1_pubsub:/opt/ros/humble /usr/bin/cmake --build /home/student/ros2_ws/build/acs6121_team08_2025 -- -j12 -l12
[10.735s] Built target ament_cmake_python_symlink_acs6121_team08_2025_modules
[11.319s] running egg_info
[11.321s] writing acs6121_team08_2025_modules.egg-info/PKG-INFO
[11.321s] writing dependency_links to acs6121_team08_2025_modules.egg-info/dependency_links.txt
[11.321s] writing top-level names to acs6121_team08_2025_modules.egg-info/top_level.txt
[11.338s] reading manifest file 'acs6121_team08_2025_modules.egg-info/SOURCES.txt'
[11.338s] writing manifest file 'acs6121_team08_2025_modules.egg-info/SOURCES.txt'
[11.448s] Built target ament_cmake_python_build_acs6121_team08_2025_modules_egg
[11.467s] Invoked command in '/home/student/ros2_ws/build/acs6121_team08_2025' returned '0': CMAKE_PREFIX_PATH=/home/student/ros2_ws/install/tuos_simulations:/home/student/ros2_ws/install/tuos_ros:/home/student/ros2_ws/install/tuos_tb3_tools:/home/student/ros2_ws/install/com2009_simulations:/home/student/ros2_ws/install/acs6121_team08_2025:/home/student/ros2_ws/install/tuos_interfaces:/home/student/ros2_ws/install/tuos_examples:/home/student/ros2_ws/install/part3_beyond_basics:/home/student/ros2_ws/install/part2_navigation:/home/student/ros2_ws/install/part1_pubsub:/opt/ros/humble /usr/bin/cmake --build /home/student/ros2_ws/build/acs6121_team08_2025 -- -j12 -l12
[11.490s] Invoking command in '/home/student/ros2_ws/build/acs6121_team08_2025': CMAKE_PREFIX_PATH=/home/student/ros2_ws/install/tuos_simulations:/home/student/ros2_ws/install/tuos_ros:/home/student/ros2_ws/install/tuos_tb3_tools:/home/student/ros2_ws/install/com2009_simulations:/home/student/ros2_ws/install/acs6121_team08_2025:/home/student/ros2_ws/install/tuos_interfaces:/home/student/ros2_ws/install/tuos_examples:/home/student/ros2_ws/install/part3_beyond_basics:/home/student/ros2_ws/install/part2_navigation:/home/student/ros2_ws/install/part1_pubsub:/opt/ros/humble /usr/bin/cmake --install /home/student/ros2_ws/build/acs6121_team08_2025
[11.517s] -- Install configuration: ""
[11.518s] -- Execute custom install script
[11.527s] -- Up-to-date symlink: /home/student/ros2_ws/install/acs6121_team08_2025/share/acs6121_team08_2025/environment/pythonpath.sh
[11.528s] -- Up-to-date symlink: /home/student/ros2_ws/install/acs6121_team08_2025/share/acs6121_team08_2025/environment/pythonpath.dsv
[11.529s] -- Up-to-date symlink: /home/student/ros2_ws/install/acs6121_team08_2025/local/lib/python3.10/dist-packages/acs6121_team08_2025_modules-0.0.0-py3.10.egg-info/PKG-INFO
[11.531s] -- Up-to-date symlink: /home/student/ros2_ws/install/acs6121_team08_2025/local/lib/python3.10/dist-packages/acs6121_team08_2025_modules-0.0.0-py3.10.egg-info/SOURCES.txt
[11.531s] -- Up-to-date symlink: /home/student/ros2_ws/install/acs6121_team08_2025/local/lib/python3.10/dist-packages/acs6121_team08_2025_modules-0.0.0-py3.10.egg-info/dependency_links.txt
[11.531s] -- Up-to-date symlink: /home/student/ros2_ws/install/acs6121_team08_2025/local/lib/python3.10/dist-packages/acs6121_team08_2025_modules-0.0.0-py3.10.egg-info/top_level.txt
[11.531s] -- Up-to-date symlink: /home/student/ros2_ws/install/acs6121_team08_2025/local/lib/python3.10/dist-packages/acs6121_team08_2025_modules/__init__.py
[11.531s] -- Up-to-date symlink: /home/student/ros2_ws/install/acs6121_team08_2025/local/lib/python3.10/dist-packages/acs6121_team08_2025_modules/tb3_tools.py
[11.532s] -- Up-to-date symlink: /home/student/ros2_ws/install/acs6121_team08_2025/lib/acs6121_team08_2025/explorer_node.py
[11.532s] -- Up-to-date symlink: /home/student/ros2_ws/install/acs6121_team08_2025/lib/acs6121_team08_2025/map_saver_client.py
[11.532s] -- Up-to-date symlink: /home/student/ros2_ws/install/acs6121_team08_2025/share/acs6121_team08_2025/launch/explore.launch.py
[11.532s] -- Up-to-date symlink: /home/student/ros2_ws/install/acs6121_team08_2025/share/ament_index/resource_index/package_run_dependencies/acs6121_team08_2025
[11.532s] -- Up-to-date symlink: /home/student/ros2_ws/install/acs6121_team08_2025/share/ament_index/resource_index/parent_prefix_path/acs6121_team08_2025
[11.532s] -- Up-to-date symlink: /home/student/ros2_ws/install/acs6121_team08_2025/share/acs6121_team08_2025/environment/ament_prefix_path.sh
[11.532s] -- Up-to-date symlink: /home/student/ros2_ws/install/acs6121_team08_2025/share/acs6121_team08_2025/environment/ament_prefix_path.dsv
[11.532s] -- Up-to-date symlink: /home/student/ros2_ws/install/acs6121_team08_2025/share/acs6121_team08_2025/environment/path.sh
[11.532s] -- Up-to-date symlink: /home/student/ros2_ws/install/acs6121_team08_2025/share/acs6121_team08_2025/environment/path.dsv
[11.533s] -- Up-to-date symlink: /home/student/ros2_ws/install/acs6121_team08_2025/share/acs6121_team08_2025/local_setup.bash
[11.533s] -- Up-to-date symlink: /home/student/ros2_ws/install/acs6121_team08_2025/share/acs6121_team08_2025/local_setup.sh
[11.533s] -- Up-to-date symlink: /home/student/ros2_ws/install/acs6121_team08_2025/share/acs6121_team08_2025/local_setup.zsh
[11.533s] -- Up-to-date symlink: /home/student/ros2_ws/install/acs6121_team08_2025/share/acs6121_team08_2025/local_setup.dsv
[11.533s] -- Symlinking: /home/student/ros2_ws/install/acs6121_team08_2025/share/acs6121_team08_2025/package.dsv
[11.543s] -- Up-to-date symlink: /home/student/ros2_ws/install/acs6121_team08_2025/share/ament_index/resource_index/packages/acs6121_team08_2025
[11.544s] -- Up-to-date symlink: /home/student/ros2_ws/install/acs6121_team08_2025/share/acs6121_team08_2025/cmake/acs6121_team08_2025Config.cmake
[11.544s] -- Up-to-date symlink: /home/student/ros2_ws/install/acs6121_team08_2025/share/acs6121_team08_2025/cmake/acs6121_team08_2025Config-version.cmake
[11.544s] -- Up-to-date symlink: /home/student/ros2_ws/install/acs6121_team08_2025/share/acs6121_team08_2025/package.xml
[11.645s] Listing '/home/student/ros2_ws/install/acs6121_team08_2025/local/lib/python3.10/dist-packages/acs6121_team08_2025_modules'...
[11.666s] Invoked command in '/home/student/ros2_ws/build/acs6121_team08_2025' returned '0': CMAKE_PREFIX_PATH=/home/student/ros2_ws/install/tuos_simulations:/home/student/ros2_ws/install/tuos_ros:/home/student/ros2_ws/install/tuos_tb3_tools:/home/student/ros2_ws/install/com2009_simulations:/home/student/ros2_ws/install/acs6121_team08_2025:/home/student/ros2_ws/install/tuos_interfaces:/home/student/ros2_ws/install/tuos_examples:/home/student/ros2_ws/install/part3_beyond_basics:/home/student/ros2_ws/install/part2_navigation:/home/student/ros2_ws/install/part1_pubsub:/opt/ros/humble /usr/bin/cmake --install /home/student/ros2_ws/build/acs6121_team08_2025
