[0.140s] Invoking command in '/home/student/ros2_ws/build/tuos_examples': CMAKE_PREFIX_PATH=${CMAKE_PREFIX_PATH}:/opt/ros/humble /usr/bin/cmake /home/student/ros2_ws/src/tuos_ros/tuos_examples -DAMENT_CMAKE_SYMLINK_INSTALL=1 -DCMAKE_INSTALL_PREFIX=/home/student/ros2_ws/install/tuos_examples
[0.491s] -- The C compiler identification is GNU 11.4.0
[1.117s] -- The CXX compiler identification is GNU 11.4.0
[1.524s] -- Detecting C compiler ABI info
[1.864s] -- Detecting C compiler ABI info - done
[1.869s] -- Check for working C compiler: /usr/bin/cc - skipped
[1.870s] -- Detecting C compile features
[1.870s] -- Detecting C compile features - done
[1.874s] -- Detecting CXX compiler ABI info
[2.103s] -- Detecting CXX compiler ABI info - done
[2.106s] -- Check for working CXX compiler: /usr/bin/c++ - skipped
[2.107s] -- Detecting CXX compile features
[2.107s] -- Detecting CXX compile features - done
[2.125s] -- Found ament_cmake: 1.3.11 (/opt/ros/humble/share/ament_cmake/cmake)
[2.509s] -- Found Python3: /usr/bin/python3 (found version "3.10.12") found components: Interpreter 
[2.714s] -- Override CMake install command with custom implementation using symlinks instead of copying resources
[2.814s] -- Found rclcpp: 16.0.11 (/opt/ros/humble/share/rclcpp/cmake)
[3.149s] -- Found rosidl_generator_c: 3.1.6 (/opt/ros/humble/share/rosidl_generator_c/cmake)
[3.156s] -- Found rosidl_adapter: 3.1.6 (/opt/ros/humble/share/rosidl_adapter/cmake)
[3.169s] -- Found rosidl_generator_cpp: 3.1.6 (/opt/ros/humble/share/rosidl_generator_cpp/cmake)
[3.193s] -- Using all available rosidl_typesupport_c: rosidl_typesupport_fastrtps_c;rosidl_typesupport_introspection_c
[3.223s] -- Using all available rosidl_typesupport_cpp: rosidl_typesupport_fastrtps_cpp;rosidl_typesupport_introspection_cpp
[3.332s] -- Found rmw_implementation_cmake: 6.1.2 (/opt/ros/humble/share/rmw_implementation_cmake/cmake)
[3.339s] -- Found rmw_fastrtps_cpp: 6.2.7 (/opt/ros/humble/share/rmw_fastrtps_cpp/cmake)
[4.495s] -- Found OpenSSL: /usr/lib/x86_64-linux-gnu/libcrypto.so (found version "3.0.2")  
[5.819s] -- Found FastRTPS: /opt/ros/humble/include  
[8.417s] -- Using RMW implementation 'rmw_fastrtps_cpp' as default
[8.433s] -- Looking for pthread.h
[8.823s] -- Looking for pthread.h - found
[8.824s] -- Performing Test CMAKE_HAVE_LIBC_PTHREAD
[9.136s] -- Performing Test CMAKE_HAVE_LIBC_PTHREAD - Success
[9.140s] -- Found Threads: TRUE  
[9.291s] -- Found rclpy: 3.3.15 (/opt/ros/humble/share/rclpy/cmake)
[9.640s] -- Configuring done
[9.694s] -- Generating done
[9.714s] -- Build files have been written to: /home/student/ros2_ws/build/tuos_examples
[9.762s] Invoked command in '/home/student/ros2_ws/build/tuos_examples' returned '0': CMAKE_PREFIX_PATH=${CMAKE_PREFIX_PATH}:/opt/ros/humble /usr/bin/cmake /home/student/ros2_ws/src/tuos_ros/tuos_examples -DAMENT_CMAKE_SYMLINK_INSTALL=1 -DCMAKE_INSTALL_PREFIX=/home/student/ros2_ws/install/tuos_examples
[9.763s] Invoking command in '/home/student/ros2_ws/build/tuos_examples': CMAKE_PREFIX_PATH=${CMAKE_PREFIX_PATH}:/opt/ros/humble /usr/bin/cmake --build /home/student/ros2_ws/build/tuos_examples -- -j12 -l12
[9.869s] [ 50%] [32mBuilding CXX object CMakeFiles/cpp_executable.dir/src/minimal_node.cpp.o[0m
[18.206s] [100%] [32m[1mLinking CXX executable cpp_executable[0m
[18.802s] [100%] Built target cpp_executable
[18.965s] [100%] Built target ament_cmake_python_symlink_tuos_examples
[19.642s] running egg_info
[19.646s] creating tuos_examples.egg-info
[19.648s] writing tuos_examples.egg-info/PKG-INFO
[19.649s] writing dependency_links to tuos_examples.egg-info/dependency_links.txt
[19.650s] writing top-level names to tuos_examples.egg-info/top_level.txt
[19.650s] writing manifest file 'tuos_examples.egg-info/SOURCES.txt'
[19.656s] reading manifest file 'tuos_examples.egg-info/SOURCES.txt'
[19.660s] writing manifest file 'tuos_examples.egg-info/SOURCES.txt'
[19.760s] [100%] Built target ament_cmake_python_build_tuos_examples_egg
[19.824s] Invoked command in '/home/student/ros2_ws/build/tuos_examples' returned '0': CMAKE_PREFIX_PATH=${CMAKE_PREFIX_PATH}:/opt/ros/humble /usr/bin/cmake --build /home/student/ros2_ws/build/tuos_examples -- -j12 -l12
[19.825s] Invoking command in '/home/student/ros2_ws/build/tuos_examples': CMAKE_PREFIX_PATH=${CMAKE_PREFIX_PATH}:/opt/ros/humble /usr/bin/cmake --install /home/student/ros2_ws/build/tuos_examples
[19.842s] -- Install configuration: ""
[19.843s] -- Execute custom install script
[19.855s] -- Symlinking: /home/student/ros2_ws/install/tuos_examples/lib/tuos_examples/cpp_executable
[19.894s] -- Symlinking: /home/student/ros2_ws/install/tuos_examples/share/tuos_examples/environment/pythonpath.sh
[19.910s] -- Symlinking: /home/student/ros2_ws/install/tuos_examples/share/tuos_examples/environment/pythonpath.dsv
[19.926s] -- Symlinking: /home/student/ros2_ws/install/tuos_examples/local/lib/python3.10/dist-packages/tuos_examples-0.0.0-py3.10.egg-info/PKG-INFO
[19.962s] -- Symlinking: /home/student/ros2_ws/install/tuos_examples/local/lib/python3.10/dist-packages/tuos_examples-0.0.0-py3.10.egg-info/SOURCES.txt
[19.984s] -- Symlinking: /home/student/ros2_ws/install/tuos_examples/local/lib/python3.10/dist-packages/tuos_examples-0.0.0-py3.10.egg-info/dependency_links.txt
[20.036s] -- Symlinking: /home/student/ros2_ws/install/tuos_examples/local/lib/python3.10/dist-packages/tuos_examples-0.0.0-py3.10.egg-info/top_level.txt
[20.086s] -- Symlinking: /home/student/ros2_ws/install/tuos_examples/local/lib/python3.10/dist-packages/tuos_examples/__init__.py
[20.111s] -- Symlinking: /home/student/ros2_ws/install/tuos_examples/local/lib/python3.10/dist-packages/tuos_examples/tb3_tools.py
[20.124s] -- Symlinking: /home/student/ros2_ws/install/tuos_examples/lib/tuos_examples/odom_subscriber_template.py
[20.152s] -- Symlinking: /home/student/ros2_ws/install/tuos_examples/lib/tuos_examples/robot_pose.py
[20.197s] -- Symlinking: /home/student/ros2_ws/install/tuos_examples/lib/tuos_examples/camera_sweep_action_server.py
[20.210s] -- Symlinking: /home/student/ros2_ws/install/tuos_examples/lib/tuos_examples/waffle_yaw_action_server.py
[20.235s] -- Symlinking: /home/student/ros2_ws/install/tuos_examples/lib/tuos_examples/image_colours.py
[20.272s] -- Symlinking: /home/student/ros2_ws/install/tuos_examples/lib/tuos_examples/colour_search.py
[20.286s] -- Symlinking: /home/student/ros2_ws/install/tuos_examples/lib/tuos_examples/number_game.py
[20.305s] -- Symlinking: /home/student/ros2_ws/install/tuos_examples/share/ament_index/resource_index/package_run_dependencies/tuos_examples
[20.354s] -- Symlinking: /home/student/ros2_ws/install/tuos_examples/share/ament_index/resource_index/parent_prefix_path/tuos_examples
[20.374s] -- Symlinking: /home/student/ros2_ws/install/tuos_examples/share/tuos_examples/environment/ament_prefix_path.sh
[20.406s] -- Symlinking: /home/student/ros2_ws/install/tuos_examples/share/tuos_examples/environment/ament_prefix_path.dsv
[20.420s] -- Symlinking: /home/student/ros2_ws/install/tuos_examples/share/tuos_examples/environment/path.sh
[20.448s] -- Symlinking: /home/student/ros2_ws/install/tuos_examples/share/tuos_examples/environment/path.dsv
[20.469s] -- Symlinking: /home/student/ros2_ws/install/tuos_examples/share/tuos_examples/local_setup.bash
[20.511s] -- Symlinking: /home/student/ros2_ws/install/tuos_examples/share/tuos_examples/local_setup.sh
[20.545s] -- Symlinking: /home/student/ros2_ws/install/tuos_examples/share/tuos_examples/local_setup.zsh
[20.573s] -- Symlinking: /home/student/ros2_ws/install/tuos_examples/share/tuos_examples/local_setup.dsv
[20.597s] -- Symlinking: /home/student/ros2_ws/install/tuos_examples/share/tuos_examples/package.dsv
[20.622s] -- Symlinking: /home/student/ros2_ws/install/tuos_examples/share/ament_index/resource_index/packages/tuos_examples
[20.673s] -- Symlinking: /home/student/ros2_ws/install/tuos_examples/share/tuos_examples/cmake/tuos_examplesConfig.cmake
[20.703s] -- Symlinking: /home/student/ros2_ws/install/tuos_examples/share/tuos_examples/cmake/tuos_examplesConfig-version.cmake
[20.722s] -- Symlinking: /home/student/ros2_ws/install/tuos_examples/share/tuos_examples/package.xml
[20.854s] Listing '/home/student/ros2_ws/install/tuos_examples/local/lib/python3.10/dist-packages/tuos_examples'...
[20.854s] Compiling '/home/student/ros2_ws/install/tuos_examples/local/lib/python3.10/dist-packages/tuos_examples/__init__.py'...
[20.854s] Compiling '/home/student/ros2_ws/install/tuos_examples/local/lib/python3.10/dist-packages/tuos_examples/tb3_tools.py'...
[20.907s] Invoked command in '/home/student/ros2_ws/build/tuos_examples' returned '0': CMAKE_PREFIX_PATH=${CMAKE_PREFIX_PATH}:/opt/ros/humble /usr/bin/cmake --install /home/student/ros2_ws/build/tuos_examples
