[0.023s] Invoking command in '/home/student/ros2_ws/src/build/part3_beyond_basics': CMAKE_PREFIX_PATH=${CMAKE_PREFIX_PATH}:/opt/ros/humble /usr/bin/cmake /home/student/ros2_ws/src/part3_beyond_basics -DAMENT_CMAKE_SYMLINK_INSTALL=1 -DCMAKE_INSTALL_PREFIX=/home/student/ros2_ws/src/install/part3_beyond_basics
[0.191s] -- The C compiler identification is GNU 11.4.0
[0.450s] -- The CXX compiler identification is GNU 11.4.0
[0.649s] -- Detecting C compiler ABI info
[0.762s] -- Detecting C compiler ABI info - done
[0.767s] -- Check for working C compiler: /usr/bin/cc - skipped
[0.769s] -- Detecting C compile features
[0.770s] -- Detecting C compile features - done
[0.774s] -- Detecting CXX compiler ABI info
[0.880s] -- Detecting CXX compiler ABI info - done
[0.885s] -- Check for working CXX compiler: /usr/bin/c++ - skipped
[0.886s] -- Detecting CXX compile features
[0.886s] -- Detecting CXX compile features - done
[0.902s] -- Found ament_cmake: 1.3.11 (/opt/ros/humble/share/ament_cmake/cmake)
[1.028s] -- Found Python3: /usr/bin/python3 (found version "3.10.12") found components: Interpreter 
[1.091s] -- Override CMake install command with custom implementation using symlinks instead of copying resources
[1.142s] -- Found rclcpp: 16.0.11 (/opt/ros/humble/share/rclcpp/cmake)
[1.384s] -- Found rosidl_generator_c: 3.1.6 (/opt/ros/humble/share/rosidl_generator_c/cmake)
[1.390s] -- Found rosidl_adapter: 3.1.6 (/opt/ros/humble/share/rosidl_adapter/cmake)
[1.401s] -- Found rosidl_generator_cpp: 3.1.6 (/opt/ros/humble/share/rosidl_generator_cpp/cmake)
[1.421s] -- Using all available rosidl_typesupport_c: rosidl_typesupport_fastrtps_c;rosidl_typesupport_introspection_c
[1.441s] -- Using all available rosidl_typesupport_cpp: rosidl_typesupport_fastrtps_cpp;rosidl_typesupport_introspection_cpp
[1.502s] -- Found rmw_implementation_cmake: 6.1.2 (/opt/ros/humble/share/rmw_implementation_cmake/cmake)
[1.506s] -- Found rmw_fastrtps_cpp: 6.2.7 (/opt/ros/humble/share/rmw_fastrtps_cpp/cmake)
[2.086s] -- Found OpenSSL: /usr/lib/x86_64-linux-gnu/libcrypto.so (found version "3.0.2")  
[2.841s] -- Found FastRTPS: /opt/ros/humble/include  
[3.795s] -- Using RMW implementation 'rmw_fastrtps_cpp' as default
[3.810s] -- Looking for pthread.h
[3.952s] -- Looking for pthread.h - found
[3.953s] -- Performing Test CMAKE_HAVE_LIBC_PTHREAD
[4.052s] -- Performing Test CMAKE_HAVE_LIBC_PTHREAD - Success
[4.052s] -- Found Threads: TRUE  
[4.119s] -- Found rclpy: 3.3.15 (/opt/ros/humble/share/rclpy/cmake)
[4.236s] -- Configuring done
[4.244s] -- Generating done
[4.247s] -- Build files have been written to: /home/student/ros2_ws/src/build/part3_beyond_basics
[4.254s] Invoked command in '/home/student/ros2_ws/src/build/part3_beyond_basics' returned '0': CMAKE_PREFIX_PATH=${CMAKE_PREFIX_PATH}:/opt/ros/humble /usr/bin/cmake /home/student/ros2_ws/src/part3_beyond_basics -DAMENT_CMAKE_SYMLINK_INSTALL=1 -DCMAKE_INSTALL_PREFIX=/home/student/ros2_ws/src/install/part3_beyond_basics
[4.256s] Invoking command in '/home/student/ros2_ws/src/build/part3_beyond_basics': CMAKE_PREFIX_PATH=${CMAKE_PREFIX_PATH}:/opt/ros/humble /usr/bin/cmake --build /home/student/ros2_ws/src/build/part3_beyond_basics -- -j12 -l12
[4.290s] [ 50%] [32mBuilding CXX object CMakeFiles/cpp_executable.dir/src/minimal_node.cpp.o[0m
[4.295s] [ 50%] Built target ament_cmake_python_symlink_part3_beyond_basics_modules
[4.475s] running egg_info
[4.476s] creating part3_beyond_basics_modules.egg-info
[4.476s] writing part3_beyond_basics_modules.egg-info/PKG-INFO
[4.476s] writing dependency_links to part3_beyond_basics_modules.egg-info/dependency_links.txt
[4.477s] writing top-level names to part3_beyond_basics_modules.egg-info/top_level.txt
[4.477s] writing manifest file 'part3_beyond_basics_modules.egg-info/SOURCES.txt'
[4.479s] reading manifest file 'part3_beyond_basics_modules.egg-info/SOURCES.txt'
[4.480s] writing manifest file 'part3_beyond_basics_modules.egg-info/SOURCES.txt'
[4.501s] [ 50%] Built target ament_cmake_python_build_part3_beyond_basics_modules_egg
[6.548s] [100%] [32m[1mLinking CXX executable cpp_executable[0m
[6.707s] [100%] Built target cpp_executable
[6.714s] Invoked command in '/home/student/ros2_ws/src/build/part3_beyond_basics' returned '0': CMAKE_PREFIX_PATH=${CMAKE_PREFIX_PATH}:/opt/ros/humble /usr/bin/cmake --build /home/student/ros2_ws/src/build/part3_beyond_basics -- -j12 -l12
[6.723s] Invoking command in '/home/student/ros2_ws/src/build/part3_beyond_basics': CMAKE_PREFIX_PATH=${CMAKE_PREFIX_PATH}:/opt/ros/humble /usr/bin/cmake --install /home/student/ros2_ws/src/build/part3_beyond_basics
[6.726s] -- Install configuration: ""
[6.727s] -- Execute custom install script
[6.727s] -- Symlinking: /home/student/ros2_ws/src/install/part3_beyond_basics/lib/part3_beyond_basics/cpp_executable
[6.735s] -- Symlinking: /home/student/ros2_ws/src/install/part3_beyond_basics/share/part3_beyond_basics/environment/pythonpath.sh
[6.741s] -- Symlinking: /home/student/ros2_ws/src/install/part3_beyond_basics/share/part3_beyond_basics/environment/pythonpath.dsv
[6.748s] -- Symlinking: /home/student/ros2_ws/src/install/part3_beyond_basics/local/lib/python3.10/dist-packages/part3_beyond_basics_modules-0.0.0-py3.10.egg-info/PKG-INFO
[6.754s] -- Symlinking: /home/student/ros2_ws/src/install/part3_beyond_basics/local/lib/python3.10/dist-packages/part3_beyond_basics_modules-0.0.0-py3.10.egg-info/SOURCES.txt
[6.759s] -- Symlinking: /home/student/ros2_ws/src/install/part3_beyond_basics/local/lib/python3.10/dist-packages/part3_beyond_basics_modules-0.0.0-py3.10.egg-info/dependency_links.txt
[6.764s] -- Symlinking: /home/student/ros2_ws/src/install/part3_beyond_basics/local/lib/python3.10/dist-packages/part3_beyond_basics_modules-0.0.0-py3.10.egg-info/top_level.txt
[6.769s] -- Symlinking: /home/student/ros2_ws/src/install/part3_beyond_basics/local/lib/python3.10/dist-packages/part3_beyond_basics_modules/__init__.py
[6.774s] -- Symlinking: /home/student/ros2_ws/src/install/part3_beyond_basics/local/lib/python3.10/dist-packages/part3_beyond_basics_modules/tb3_tools.py
[6.779s] -- Symlinking: /home/student/ros2_ws/src/install/part3_beyond_basics/lib/part3_beyond_basics/minimal_node.py
[6.787s] -- Symlinking: /home/student/ros2_ws/src/install/part3_beyond_basics/share/part3_beyond_basics/launch/pubsub.launch.py
[6.793s] -- Symlinking: /home/student/ros2_ws/src/install/part3_beyond_basics/share/ament_index/resource_index/package_run_dependencies/part3_beyond_basics
[6.799s] -- Symlinking: /home/student/ros2_ws/src/install/part3_beyond_basics/share/ament_index/resource_index/parent_prefix_path/part3_beyond_basics
[6.805s] -- Symlinking: /home/student/ros2_ws/src/install/part3_beyond_basics/share/part3_beyond_basics/environment/ament_prefix_path.sh
[6.811s] -- Symlinking: /home/student/ros2_ws/src/install/part3_beyond_basics/share/part3_beyond_basics/environment/ament_prefix_path.dsv
[6.817s] -- Symlinking: /home/student/ros2_ws/src/install/part3_beyond_basics/share/part3_beyond_basics/environment/path.sh
[6.822s] -- Symlinking: /home/student/ros2_ws/src/install/part3_beyond_basics/share/part3_beyond_basics/environment/path.dsv
[6.827s] -- Symlinking: /home/student/ros2_ws/src/install/part3_beyond_basics/share/part3_beyond_basics/local_setup.bash
[6.834s] -- Symlinking: /home/student/ros2_ws/src/install/part3_beyond_basics/share/part3_beyond_basics/local_setup.sh
[6.840s] -- Symlinking: /home/student/ros2_ws/src/install/part3_beyond_basics/share/part3_beyond_basics/local_setup.zsh
[6.849s] -- Symlinking: /home/student/ros2_ws/src/install/part3_beyond_basics/share/part3_beyond_basics/local_setup.dsv
[6.854s] -- Symlinking: /home/student/ros2_ws/src/install/part3_beyond_basics/share/part3_beyond_basics/package.dsv
[6.860s] -- Symlinking: /home/student/ros2_ws/src/install/part3_beyond_basics/share/ament_index/resource_index/packages/part3_beyond_basics
[6.866s] -- Symlinking: /home/student/ros2_ws/src/install/part3_beyond_basics/share/part3_beyond_basics/cmake/part3_beyond_basicsConfig.cmake
[6.871s] -- Symlinking: /home/student/ros2_ws/src/install/part3_beyond_basics/share/part3_beyond_basics/cmake/part3_beyond_basicsConfig-version.cmake
[6.879s] -- Symlinking: /home/student/ros2_ws/src/install/part3_beyond_basics/share/part3_beyond_basics/package.xml
[6.913s] Listing '/home/student/ros2_ws/src/install/part3_beyond_basics/local/lib/python3.10/dist-packages/part3_beyond_basics_modules'...
[6.913s] Compiling '/home/student/ros2_ws/src/install/part3_beyond_basics/local/lib/python3.10/dist-packages/part3_beyond_basics_modules/__init__.py'...
[6.913s] Compiling '/home/student/ros2_ws/src/install/part3_beyond_basics/local/lib/python3.10/dist-packages/part3_beyond_basics_modules/tb3_tools.py'...
[6.921s] Invoked command in '/home/student/ros2_ws/src/build/part3_beyond_basics' returned '0': CMAKE_PREFIX_PATH=${CMAKE_PREFIX_PATH}:/opt/ros/humble /usr/bin/cmake --install /home/student/ros2_ws/src/build/part3_beyond_basics
