-- The C compiler identification is GNU 11.4.0
-- The CXX compiler identification is GNU 11.4.0
-- Detecting C compiler ABI info
-- Detecting C compiler ABI info - done
-- Check for working C compiler: /usr/bin/cc - skipped
-- Detecting C compile features
-- Detecting C compile features - done
-- Detecting CXX compiler ABI info
-- Detecting CXX compiler ABI info - done
-- Check for working CXX compiler: /usr/bin/c++ - skipped
-- Detecting CXX compile features
-- Detecting CXX compile features - done
-- Found ament_cmake: 1.3.11 (/opt/ros/humble/share/ament_cmake/cmake)
-- Found Python3: /usr/bin/python3 (found version "3.10.12") found components: Interpreter 
-- Override CMake install command with custom implementation using symlinks instead of copying resources
-- Found rclcpp: 16.0.11 (/opt/ros/humble/share/rclcpp/cmake)
-- Found rosidl_generator_c: 3.1.6 (/opt/ros/humble/share/rosidl_generator_c/cmake)
-- Found rosidl_adapter: 3.1.6 (/opt/ros/humble/share/rosidl_adapter/cmake)
-- Found rosidl_generator_cpp: 3.1.6 (/opt/ros/humble/share/rosidl_generator_cpp/cmake)
-- Using all available rosidl_typesupport_c: rosidl_typesupport_fastrtps_c;rosidl_typesupport_introspection_c
-- Using all available rosidl_typesupport_cpp: rosidl_typesupport_fastrtps_cpp;rosidl_typesupport_introspection_cpp
-- Found rmw_implementation_cmake: 6.1.2 (/opt/ros/humble/share/rmw_implementation_cmake/cmake)
-- Found rmw_fastrtps_cpp: 6.2.7 (/opt/ros/humble/share/rmw_fastrtps_cpp/cmake)
-- Found OpenSSL: /usr/lib/x86_64-linux-gnu/libcrypto.so (found version "3.0.2")  
-- Found FastRTPS: /opt/ros/humble/include  
-- Using RMW implementation 'rmw_fastrtps_cpp' as default
-- Looking for pthread.h
-- Looking for pthread.h - found
-- Performing Test CMAKE_HAVE_LIBC_PTHREAD
-- Performing Test CMAKE_HAVE_LIBC_PTHREAD - Success
-- Found Threads: TRUE  
-- Found rclpy: 3.3.15 (/opt/ros/humble/share/rclpy/cmake)
-- Configuring done
-- Generating done
-- Build files have been written to: /home/student/ros2_ws/build/part3_beyond_basics
[ 50%] [32mBuilding CXX object CMakeFiles/cpp_executable.dir/src/minimal_node.cpp.o[0m
[100%] [32m[1mLinking CXX executable cpp_executable[0m
[100%] Built target cpp_executable
[100%] Built target ament_cmake_python_symlink_part3_beyond_basics_modules
running egg_info
creating part3_beyond_basics_modules.egg-info
writing part3_beyond_basics_modules.egg-info/PKG-INFO
writing dependency_links to part3_beyond_basics_modules.egg-info/dependency_links.txt
writing top-level names to part3_beyond_basics_modules.egg-info/top_level.txt
writing manifest file 'part3_beyond_basics_modules.egg-info/SOURCES.txt'
reading manifest file 'part3_beyond_basics_modules.egg-info/SOURCES.txt'
writing manifest file 'part3_beyond_basics_modules.egg-info/SOURCES.txt'
[100%] Built target ament_cmake_python_build_part3_beyond_basics_modules_egg
-- Install configuration: ""
-- Execute custom install script
-- Symlinking: /home/student/ros2_ws/install/part3_beyond_basics/lib/part3_beyond_basics/cpp_executable
-- Symlinking: /home/student/ros2_ws/install/part3_beyond_basics/share/part3_beyond_basics/environment/pythonpath.sh
-- Symlinking: /home/student/ros2_ws/install/part3_beyond_basics/share/part3_beyond_basics/environment/pythonpath.dsv
-- Symlinking: /home/student/ros2_ws/install/part3_beyond_basics/local/lib/python3.10/dist-packages/part3_beyond_basics_modules-0.0.0-py3.10.egg-info/PKG-INFO
-- Symlinking: /home/student/ros2_ws/install/part3_beyond_basics/local/lib/python3.10/dist-packages/part3_beyond_basics_modules-0.0.0-py3.10.egg-info/SOURCES.txt
-- Symlinking: /home/student/ros2_ws/install/part3_beyond_basics/local/lib/python3.10/dist-packages/part3_beyond_basics_modules-0.0.0-py3.10.egg-info/dependency_links.txt
-- Symlinking: /home/student/ros2_ws/install/part3_beyond_basics/local/lib/python3.10/dist-packages/part3_beyond_basics_modules-0.0.0-py3.10.egg-info/top_level.txt
-- Symlinking: /home/student/ros2_ws/install/part3_beyond_basics/local/lib/python3.10/dist-packages/part3_beyond_basics_modules/__init__.py
-- Symlinking: /home/student/ros2_ws/install/part3_beyond_basics/local/lib/python3.10/dist-packages/part3_beyond_basics_modules/tb3_tools.py
-- Symlinking: /home/student/ros2_ws/install/part3_beyond_basics/lib/part3_beyond_basics/lidar_subscriber.py
-- Symlinking: /home/student/ros2_ws/install/part3_beyond_basics/share/part3_beyond_basics/launch/build/.built_by
[33mCMake Warning (dev) at ament_cmake_symlink_install/ament_cmake_symlink_install.cmake:62 (file):
  Policy CMP0009 is not set: FILE GLOB_RECURSE calls should not follow
  symlinks by default.  Run "cmake --help-policy CMP0009" for policy details.
  Use the cmake_policy command to set the policy and suppress this warning.
Call Stack (most recent call first):
  ament_cmake_symlink_install/ament_cmake_symlink_install.cmake:332 (ament_cmake_symlink_install_directory)
  cmake_install.cmake:46 (include)
This warning is for project developers.  Use -Wno-dev to suppress it.
[0m
-- Symlinking: /home/student/ros2_ws/install/part3_beyond_basics/share/part3_beyond_basics/launch/build/COLCON_IGNORE
-- Symlinking: /home/student/ros2_ws/install/part3_beyond_basics/share/part3_beyond_basics/launch/circle.launch.py
-- Symlinking: /home/student/ros2_ws/install/part3_beyond_basics/share/part3_beyond_basics/launch/install/.colcon_install_layout
-- Symlinking: /home/student/ros2_ws/install/part3_beyond_basics/share/part3_beyond_basics/launch/install/COLCON_IGNORE
-- Symlinking: /home/student/ros2_ws/install/part3_beyond_basics/share/part3_beyond_basics/launch/install/_local_setup_util_ps1.py
-- Symlinking: /home/student/ros2_ws/install/part3_beyond_basics/share/part3_beyond_basics/launch/install/_local_setup_util_sh.py
-- Symlinking: /home/student/ros2_ws/install/part3_beyond_basics/share/part3_beyond_basics/launch/install/local_setup.bash
-- Symlinking: /home/student/ros2_ws/install/part3_beyond_basics/share/part3_beyond_basics/launch/install/local_setup.ps1
-- Symlinking: /home/student/ros2_ws/install/part3_beyond_basics/share/part3_beyond_basics/launch/install/local_setup.sh
-- Symlinking: /home/student/ros2_ws/install/part3_beyond_basics/share/part3_beyond_basics/launch/install/local_setup.zsh
-- Symlinking: /home/student/ros2_ws/install/part3_beyond_basics/share/part3_beyond_basics/launch/install/setup.bash
-- Symlinking: /home/student/ros2_ws/install/part3_beyond_basics/share/part3_beyond_basics/launch/install/setup.ps1
-- Symlinking: /home/student/ros2_ws/install/part3_beyond_basics/share/part3_beyond_basics/launch/install/setup.sh
-- Symlinking: /home/student/ros2_ws/install/part3_beyond_basics/share/part3_beyond_basics/launch/install/setup.zsh
-- Symlinking: /home/student/ros2_ws/install/part3_beyond_basics/share/part3_beyond_basics/launch/log/COLCON_IGNORE
-- Symlinking: /home/student/ros2_ws/install/part3_beyond_basics/share/part3_beyond_basics/launch/log/build_2025-03-25_13-44-30/events.log
-- Symlinking: /home/student/ros2_ws/install/part3_beyond_basics/share/part3_beyond_basics/launch/log/build_2025-03-25_13-44-30/logger_all.log
-- Symlinking: /home/student/ros2_ws/install/part3_beyond_basics/share/part3_beyond_basics/launch/log/latest/events.log
-- Symlinking: /home/student/ros2_ws/install/part3_beyond_basics/share/part3_beyond_basics/launch/log/latest/logger_all.log
-- Symlinking: /home/student/ros2_ws/install/part3_beyond_basics/share/part3_beyond_basics/launch/log/latest_build/events.log
-- Symlinking: /home/student/ros2_ws/install/part3_beyond_basics/share/part3_beyond_basics/launch/log/latest_build/logger_all.log
-- Symlinking: /home/student/ros2_ws/install/part3_beyond_basics/share/part3_beyond_basics/launch/pubsub.launch.py
-- Symlinking: /home/student/ros2_ws/install/part3_beyond_basics/share/ament_index/resource_index/package_run_dependencies/part3_beyond_basics
-- Symlinking: /home/student/ros2_ws/install/part3_beyond_basics/share/ament_index/resource_index/parent_prefix_path/part3_beyond_basics
-- Symlinking: /home/student/ros2_ws/install/part3_beyond_basics/share/part3_beyond_basics/environment/ament_prefix_path.sh
-- Symlinking: /home/student/ros2_ws/install/part3_beyond_basics/share/part3_beyond_basics/environment/ament_prefix_path.dsv
-- Symlinking: /home/student/ros2_ws/install/part3_beyond_basics/share/part3_beyond_basics/environment/path.sh
-- Symlinking: /home/student/ros2_ws/install/part3_beyond_basics/share/part3_beyond_basics/environment/path.dsv
-- Symlinking: /home/student/ros2_ws/install/part3_beyond_basics/share/part3_beyond_basics/local_setup.bash
-- Symlinking: /home/student/ros2_ws/install/part3_beyond_basics/share/part3_beyond_basics/local_setup.sh
-- Symlinking: /home/student/ros2_ws/install/part3_beyond_basics/share/part3_beyond_basics/local_setup.zsh
-- Symlinking: /home/student/ros2_ws/install/part3_beyond_basics/share/part3_beyond_basics/local_setup.dsv
-- Symlinking: /home/student/ros2_ws/install/part3_beyond_basics/share/part3_beyond_basics/package.dsv
-- Symlinking: /home/student/ros2_ws/install/part3_beyond_basics/share/ament_index/resource_index/packages/part3_beyond_basics
-- Symlinking: /home/student/ros2_ws/install/part3_beyond_basics/share/part3_beyond_basics/cmake/part3_beyond_basicsConfig.cmake
-- Symlinking: /home/student/ros2_ws/install/part3_beyond_basics/share/part3_beyond_basics/cmake/part3_beyond_basicsConfig-version.cmake
-- Symlinking: /home/student/ros2_ws/install/part3_beyond_basics/share/part3_beyond_basics/package.xml
Listing '/home/student/ros2_ws/install/part3_beyond_basics/local/lib/python3.10/dist-packages/part3_beyond_basics_modules'...
Compiling '/home/student/ros2_ws/install/part3_beyond_basics/local/lib/python3.10/dist-packages/part3_beyond_basics_modules/__init__.py'...
Compiling '/home/student/ros2_ws/install/part3_beyond_basics/local/lib/python3.10/dist-packages/part3_beyond_basics_modules/tb3_tools.py'...
