[0.206s] Invoking command in '/home/student/ros2_ws/build/part3_beyond_basics': CMAKE_PREFIX_PATH=${CMAKE_PREFIX_PATH}:/opt/ros/humble /usr/bin/cmake /home/student/ros2_ws/src/part3_beyond_basics -DAMENT_CMAKE_SYMLINK_INSTALL=1 -DCMAKE_INSTALL_PREFIX=/home/student/ros2_ws/install/part3_beyond_basics
[0.578s] -- The C compiler identification is GNU 11.4.0
[1.233s] -- The CXX compiler identification is GNU 11.4.0
[1.642s] -- Detecting C compiler ABI info
[1.969s] -- Detecting C compiler ABI info - done
[1.980s] -- Check for working C compiler: /usr/bin/cc - skipped
[1.980s] -- Detecting C compile features
[1.981s] -- Detecting C compile features - done
[1.984s] -- Detecting CXX compiler ABI info
[2.276s] -- Detecting CXX compiler ABI info - done
[2.290s] -- Check for working CXX compiler: /usr/bin/c++ - skipped
[2.290s] -- Detecting CXX compile features
[2.290s] -- Detecting CXX compile features - done
[2.294s] -- Found ament_cmake: 1.3.11 (/opt/ros/humble/share/ament_cmake/cmake)
[2.792s] -- Found Python3: /usr/bin/python3 (found version "3.10.12") found components: Interpreter 
[2.920s] -- Override CMake install command with custom implementation using symlinks instead of copying resources
[2.973s] -- Found rclcpp: 16.0.11 (/opt/ros/humble/share/rclcpp/cmake)
[3.355s] -- Found rosidl_generator_c: 3.1.6 (/opt/ros/humble/share/rosidl_generator_c/cmake)
[3.362s] -- Found rosidl_adapter: 3.1.6 (/opt/ros/humble/share/rosidl_adapter/cmake)
[3.389s] -- Found rosidl_generator_cpp: 3.1.6 (/opt/ros/humble/share/rosidl_generator_cpp/cmake)
[3.416s] -- Using all available rosidl_typesupport_c: rosidl_typesupport_fastrtps_c;rosidl_typesupport_introspection_c
[3.449s] -- Using all available rosidl_typesupport_cpp: rosidl_typesupport_fastrtps_cpp;rosidl_typesupport_introspection_cpp
[3.537s] -- Found rmw_implementation_cmake: 6.1.2 (/opt/ros/humble/share/rmw_implementation_cmake/cmake)
[3.542s] -- Found rmw_fastrtps_cpp: 6.2.7 (/opt/ros/humble/share/rmw_fastrtps_cpp/cmake)
[4.632s] -- Found OpenSSL: /usr/lib/x86_64-linux-gnu/libcrypto.so (found version "3.0.2")  
[5.824s] -- Found FastRTPS: /opt/ros/humble/include  
[9.327s] -- Using RMW implementation 'rmw_fastrtps_cpp' as default
[9.345s] -- Looking for pthread.h
[9.714s] -- Looking for pthread.h - found
[9.714s] -- Performing Test CMAKE_HAVE_LIBC_PTHREAD
[10.003s] -- Performing Test CMAKE_HAVE_LIBC_PTHREAD - Success
[10.003s] -- Found Threads: TRUE  
[10.138s] -- Found rclpy: 3.3.15 (/opt/ros/humble/share/rclpy/cmake)
[10.619s] -- Configuring done
[10.637s] -- Generating done
[10.661s] -- Build files have been written to: /home/student/ros2_ws/build/part3_beyond_basics
[10.700s] Invoked command in '/home/student/ros2_ws/build/part3_beyond_basics' returned '0': CMAKE_PREFIX_PATH=${CMAKE_PREFIX_PATH}:/opt/ros/humble /usr/bin/cmake /home/student/ros2_ws/src/part3_beyond_basics -DAMENT_CMAKE_SYMLINK_INSTALL=1 -DCMAKE_INSTALL_PREFIX=/home/student/ros2_ws/install/part3_beyond_basics
[10.702s] Invoking command in '/home/student/ros2_ws/build/part3_beyond_basics': CMAKE_PREFIX_PATH=${CMAKE_PREFIX_PATH}:/opt/ros/humble /usr/bin/cmake --build /home/student/ros2_ws/build/part3_beyond_basics -- -j12 -l12
[10.900s] [ 50%] [32mBuilding CXX object CMakeFiles/cpp_executable.dir/src/minimal_node.cpp.o[0m
[19.731s] [100%] [32m[1mLinking CXX executable cpp_executable[0m
[20.180s] [100%] Built target cpp_executable
[20.278s] [100%] Built target ament_cmake_python_symlink_part3_beyond_basics_modules
[21.009s] running egg_info
[21.028s] creating part3_beyond_basics_modules.egg-info
[21.031s] writing part3_beyond_basics_modules.egg-info/PKG-INFO
[21.031s] writing dependency_links to part3_beyond_basics_modules.egg-info/dependency_links.txt
[21.031s] writing top-level names to part3_beyond_basics_modules.egg-info/top_level.txt
[21.032s] writing manifest file 'part3_beyond_basics_modules.egg-info/SOURCES.txt'
[21.036s] reading manifest file 'part3_beyond_basics_modules.egg-info/SOURCES.txt'
[21.037s] writing manifest file 'part3_beyond_basics_modules.egg-info/SOURCES.txt'
[21.126s] [100%] Built target ament_cmake_python_build_part3_beyond_basics_modules_egg
[21.173s] Invoked command in '/home/student/ros2_ws/build/part3_beyond_basics' returned '0': CMAKE_PREFIX_PATH=${CMAKE_PREFIX_PATH}:/opt/ros/humble /usr/bin/cmake --build /home/student/ros2_ws/build/part3_beyond_basics -- -j12 -l12
[21.176s] Invoking command in '/home/student/ros2_ws/build/part3_beyond_basics': CMAKE_PREFIX_PATH=${CMAKE_PREFIX_PATH}:/opt/ros/humble /usr/bin/cmake --install /home/student/ros2_ws/build/part3_beyond_basics
[21.185s] -- Install configuration: ""
[21.186s] -- Execute custom install script
[21.187s] -- Symlinking: /home/student/ros2_ws/install/part3_beyond_basics/lib/part3_beyond_basics/cpp_executable
[21.206s] -- Symlinking: /home/student/ros2_ws/install/part3_beyond_basics/share/part3_beyond_basics/environment/pythonpath.sh
[21.237s] -- Symlinking: /home/student/ros2_ws/install/part3_beyond_basics/share/part3_beyond_basics/environment/pythonpath.dsv
[21.271s] -- Symlinking: /home/student/ros2_ws/install/part3_beyond_basics/local/lib/python3.10/dist-packages/part3_beyond_basics_modules-0.0.0-py3.10.egg-info/PKG-INFO
[21.311s] -- Symlinking: /home/student/ros2_ws/install/part3_beyond_basics/local/lib/python3.10/dist-packages/part3_beyond_basics_modules-0.0.0-py3.10.egg-info/SOURCES.txt
[21.338s] -- Symlinking: /home/student/ros2_ws/install/part3_beyond_basics/local/lib/python3.10/dist-packages/part3_beyond_basics_modules-0.0.0-py3.10.egg-info/dependency_links.txt
[21.361s] -- Symlinking: /home/student/ros2_ws/install/part3_beyond_basics/local/lib/python3.10/dist-packages/part3_beyond_basics_modules-0.0.0-py3.10.egg-info/top_level.txt
[21.371s] -- Symlinking: /home/student/ros2_ws/install/part3_beyond_basics/local/lib/python3.10/dist-packages/part3_beyond_basics_modules/__init__.py
[21.400s] -- Symlinking: /home/student/ros2_ws/install/part3_beyond_basics/local/lib/python3.10/dist-packages/part3_beyond_basics_modules/tb3_tools.py
[21.412s] -- Symlinking: /home/student/ros2_ws/install/part3_beyond_basics/lib/part3_beyond_basics/lidar_subscriber.py
[21.428s] -- Symlinking: /home/student/ros2_ws/install/part3_beyond_basics/share/part3_beyond_basics/launch/build/.built_by
[21.428s] [33mCMake Warning (dev) at ament_cmake_symlink_install/ament_cmake_symlink_install.cmake:62 (file):
[21.428s]   Policy CMP0009 is not set: FILE GLOB_RECURSE calls should not follow
[21.428s]   symlinks by default.  Run "cmake --help-policy CMP0009" for policy details.
[21.428s]   Use the cmake_policy command to set the policy and suppress this warning.
[21.428s] Call Stack (most recent call first):
[21.429s]   ament_cmake_symlink_install/ament_cmake_symlink_install.cmake:332 (ament_cmake_symlink_install_directory)
[21.429s]   cmake_install.cmake:46 (include)
[21.429s] This warning is for project developers.  Use -Wno-dev to suppress it.
[21.429s] [0m
[21.450s] -- Symlinking: /home/student/ros2_ws/install/part3_beyond_basics/share/part3_beyond_basics/launch/build/COLCON_IGNORE
[21.466s] -- Symlinking: /home/student/ros2_ws/install/part3_beyond_basics/share/part3_beyond_basics/launch/circle.launch.py
[21.488s] -- Symlinking: /home/student/ros2_ws/install/part3_beyond_basics/share/part3_beyond_basics/launch/install/.colcon_install_layout
[21.518s] -- Symlinking: /home/student/ros2_ws/install/part3_beyond_basics/share/part3_beyond_basics/launch/install/COLCON_IGNORE
[21.531s] -- Symlinking: /home/student/ros2_ws/install/part3_beyond_basics/share/part3_beyond_basics/launch/install/_local_setup_util_ps1.py
[21.545s] -- Symlinking: /home/student/ros2_ws/install/part3_beyond_basics/share/part3_beyond_basics/launch/install/_local_setup_util_sh.py
[21.558s] -- Symlinking: /home/student/ros2_ws/install/part3_beyond_basics/share/part3_beyond_basics/launch/install/local_setup.bash
[21.571s] -- Symlinking: /home/student/ros2_ws/install/part3_beyond_basics/share/part3_beyond_basics/launch/install/local_setup.ps1
[21.583s] -- Symlinking: /home/student/ros2_ws/install/part3_beyond_basics/share/part3_beyond_basics/launch/install/local_setup.sh
[21.605s] -- Symlinking: /home/student/ros2_ws/install/part3_beyond_basics/share/part3_beyond_basics/launch/install/local_setup.zsh
[21.623s] -- Symlinking: /home/student/ros2_ws/install/part3_beyond_basics/share/part3_beyond_basics/launch/install/setup.bash
[21.641s] -- Symlinking: /home/student/ros2_ws/install/part3_beyond_basics/share/part3_beyond_basics/launch/install/setup.ps1
[21.687s] -- Symlinking: /home/student/ros2_ws/install/part3_beyond_basics/share/part3_beyond_basics/launch/install/setup.sh
[21.708s] -- Symlinking: /home/student/ros2_ws/install/part3_beyond_basics/share/part3_beyond_basics/launch/install/setup.zsh
[21.722s] -- Symlinking: /home/student/ros2_ws/install/part3_beyond_basics/share/part3_beyond_basics/launch/log/COLCON_IGNORE
[21.739s] -- Symlinking: /home/student/ros2_ws/install/part3_beyond_basics/share/part3_beyond_basics/launch/log/build_2025-03-25_13-44-30/events.log
[21.757s] -- Symlinking: /home/student/ros2_ws/install/part3_beyond_basics/share/part3_beyond_basics/launch/log/build_2025-03-25_13-44-30/logger_all.log
[21.770s] -- Symlinking: /home/student/ros2_ws/install/part3_beyond_basics/share/part3_beyond_basics/launch/log/latest/events.log
[21.782s] -- Symlinking: /home/student/ros2_ws/install/part3_beyond_basics/share/part3_beyond_basics/launch/log/latest/logger_all.log
[21.807s] -- Symlinking: /home/student/ros2_ws/install/part3_beyond_basics/share/part3_beyond_basics/launch/log/latest_build/events.log
[21.818s] -- Symlinking: /home/student/ros2_ws/install/part3_beyond_basics/share/part3_beyond_basics/launch/log/latest_build/logger_all.log
[21.828s] -- Symlinking: /home/student/ros2_ws/install/part3_beyond_basics/share/part3_beyond_basics/launch/pubsub.launch.py
[21.842s] -- Symlinking: /home/student/ros2_ws/install/part3_beyond_basics/share/ament_index/resource_index/package_run_dependencies/part3_beyond_basics
[21.856s] -- Symlinking: /home/student/ros2_ws/install/part3_beyond_basics/share/ament_index/resource_index/parent_prefix_path/part3_beyond_basics
[21.868s] -- Symlinking: /home/student/ros2_ws/install/part3_beyond_basics/share/part3_beyond_basics/environment/ament_prefix_path.sh
[21.882s] -- Symlinking: /home/student/ros2_ws/install/part3_beyond_basics/share/part3_beyond_basics/environment/ament_prefix_path.dsv
[21.889s] -- Symlinking: /home/student/ros2_ws/install/part3_beyond_basics/share/part3_beyond_basics/environment/path.sh
[21.912s] -- Symlinking: /home/student/ros2_ws/install/part3_beyond_basics/share/part3_beyond_basics/environment/path.dsv
[21.925s] -- Symlinking: /home/student/ros2_ws/install/part3_beyond_basics/share/part3_beyond_basics/local_setup.bash
[21.937s] -- Symlinking: /home/student/ros2_ws/install/part3_beyond_basics/share/part3_beyond_basics/local_setup.sh
[21.961s] -- Symlinking: /home/student/ros2_ws/install/part3_beyond_basics/share/part3_beyond_basics/local_setup.zsh
[21.987s] -- Symlinking: /home/student/ros2_ws/install/part3_beyond_basics/share/part3_beyond_basics/local_setup.dsv
[22.022s] -- Symlinking: /home/student/ros2_ws/install/part3_beyond_basics/share/part3_beyond_basics/package.dsv
[22.036s] -- Symlinking: /home/student/ros2_ws/install/part3_beyond_basics/share/ament_index/resource_index/packages/part3_beyond_basics
[22.055s] -- Symlinking: /home/student/ros2_ws/install/part3_beyond_basics/share/part3_beyond_basics/cmake/part3_beyond_basicsConfig.cmake
[22.071s] -- Symlinking: /home/student/ros2_ws/install/part3_beyond_basics/share/part3_beyond_basics/cmake/part3_beyond_basicsConfig-version.cmake
[22.085s] -- Symlinking: /home/student/ros2_ws/install/part3_beyond_basics/share/part3_beyond_basics/package.xml
[22.166s] Listing '/home/student/ros2_ws/install/part3_beyond_basics/local/lib/python3.10/dist-packages/part3_beyond_basics_modules'...
[22.166s] Compiling '/home/student/ros2_ws/install/part3_beyond_basics/local/lib/python3.10/dist-packages/part3_beyond_basics_modules/__init__.py'...
[22.167s] Compiling '/home/student/ros2_ws/install/part3_beyond_basics/local/lib/python3.10/dist-packages/part3_beyond_basics_modules/tb3_tools.py'...
[22.186s] Invoked command in '/home/student/ros2_ws/build/part3_beyond_basics' returned '0': CMAKE_PREFIX_PATH=${CMAKE_PREFIX_PATH}:/opt/ros/humble /usr/bin/cmake --install /home/student/ros2_ws/build/part3_beyond_basics
