[0.024s] Invoking command in '/home/student/ros2_ws/build/part1_pubsub': CMAKE_PREFIX_PATH=${CMAKE_PREFIX_PATH}:/opt/ros/humble /usr/bin/cmake --build /home/student/ros2_ws/build/part1_pubsub -- -j12 -l12
[0.069s] -- Found ament_cmake: 1.3.11 (/opt/ros/humble/share/ament_cmake/cmake)
[0.177s] -- Override CMake install command with custom implementation using symlinks instead of copying resources
[0.200s] -- Found rclcpp: 16.0.11 (/opt/ros/humble/share/rclcpp/cmake)
[0.358s] -- Found rosidl_generator_c: 3.1.6 (/opt/ros/humble/share/rosidl_generator_c/cmake)
[0.361s] -- Found rosidl_adapter: 3.1.6 (/opt/ros/humble/share/rosidl_adapter/cmake)
[0.371s] -- Found rosidl_generator_cpp: 3.1.6 (/opt/ros/humble/share/rosidl_generator_cpp/cmake)
[0.384s] -- Using all available rosidl_typesupport_c: rosidl_typesupport_fastrtps_c;rosidl_typesupport_introspection_c
[0.401s] -- Using all available rosidl_typesupport_cpp: rosidl_typesupport_fastrtps_cpp;rosidl_typesupport_introspection_cpp
[0.451s] -- Found rmw_implementation_cmake: 6.1.2 (/opt/ros/humble/share/rmw_implementation_cmake/cmake)
[0.455s] -- Found rmw_fastrtps_cpp: 6.2.7 (/opt/ros/humble/share/rmw_fastrtps_cpp/cmake)
[3.448s] -- Using RMW implementation 'rmw_fastrtps_cpp' as default
[3.514s] -- Found rclpy: 3.3.15 (/opt/ros/humble/share/rclpy/cmake)
[3.610s] -- Configuring done
[3.623s] -- Generating done
[3.625s] -- Build files have been written to: /home/student/ros2_ws/build/part1_pubsub
[3.641s] [35m[1mConsolidate compiler generated dependencies of target cpp_executable[0m
[3.653s] [  0%] Built target ament_cmake_python_symlink_part1_pubsub_modules
[3.676s] [ 50%] [32mBuilding CXX object CMakeFiles/cpp_executable.dir/src/minimal_node.cpp.o[0m
[3.832s] running egg_info
[3.833s] writing part1_pubsub_modules.egg-info/PKG-INFO
[3.833s] writing dependency_links to part1_pubsub_modules.egg-info/dependency_links.txt
[3.833s] writing top-level names to part1_pubsub_modules.egg-info/top_level.txt
[3.837s] reading manifest file 'part1_pubsub_modules.egg-info/SOURCES.txt'
[3.837s] writing manifest file 'part1_pubsub_modules.egg-info/SOURCES.txt'
[3.864s] [ 50%] Built target ament_cmake_python_build_part1_pubsub_modules_egg
[6.064s] [100%] [32m[1mLinking CXX executable cpp_executable[0m
[6.267s] [100%] Built target cpp_executable
[6.275s] Invoked command in '/home/student/ros2_ws/build/part1_pubsub' returned '0': CMAKE_PREFIX_PATH=${CMAKE_PREFIX_PATH}:/opt/ros/humble /usr/bin/cmake --build /home/student/ros2_ws/build/part1_pubsub -- -j12 -l12
[6.282s] Invoking command in '/home/student/ros2_ws/build/part1_pubsub': CMAKE_PREFIX_PATH=${CMAKE_PREFIX_PATH}:/opt/ros/humble /usr/bin/cmake --install /home/student/ros2_ws/build/part1_pubsub
[6.286s] -- Install configuration: ""
[6.287s] -- Execute custom install script
[6.287s] -- Up-to-date symlink: /home/student/ros2_ws/install/part1_pubsub/lib/part1_pubsub/cpp_executable
[6.287s] -- Up-to-date symlink: /home/student/ros2_ws/install/part1_pubsub/share/part1_pubsub/environment/pythonpath.sh
[6.288s] -- Up-to-date symlink: /home/student/ros2_ws/install/part1_pubsub/share/part1_pubsub/environment/pythonpath.dsv
[6.288s] -- Up-to-date symlink: /home/student/ros2_ws/install/part1_pubsub/local/lib/python3.10/dist-packages/part1_pubsub_modules-0.0.0-py3.10.egg-info/PKG-INFO
[6.288s] -- Up-to-date symlink: /home/student/ros2_ws/install/part1_pubsub/local/lib/python3.10/dist-packages/part1_pubsub_modules-0.0.0-py3.10.egg-info/SOURCES.txt
[6.288s] -- Up-to-date symlink: /home/student/ros2_ws/install/part1_pubsub/local/lib/python3.10/dist-packages/part1_pubsub_modules-0.0.0-py3.10.egg-info/dependency_links.txt
[6.288s] -- Up-to-date symlink: /home/student/ros2_ws/install/part1_pubsub/local/lib/python3.10/dist-packages/part1_pubsub_modules-0.0.0-py3.10.egg-info/top_level.txt
[6.288s] -- Up-to-date symlink: /home/student/ros2_ws/install/part1_pubsub/local/lib/python3.10/dist-packages/part1_pubsub_modules/__init__.py
[6.288s] -- Up-to-date symlink: /home/student/ros2_ws/install/part1_pubsub/local/lib/python3.10/dist-packages/part1_pubsub_modules/tb3_tools.py
[6.289s] -- Up-to-date symlink: /home/student/ros2_ws/install/part1_pubsub/lib/part1_pubsub/publisher.py
[6.289s] -- Up-to-date symlink: /home/student/ros2_ws/install/part1_pubsub/share/ament_index/resource_index/package_run_dependencies/part1_pubsub
[6.289s] -- Up-to-date symlink: /home/student/ros2_ws/install/part1_pubsub/share/ament_index/resource_index/parent_prefix_path/part1_pubsub
[6.289s] -- Up-to-date symlink: /home/student/ros2_ws/install/part1_pubsub/share/part1_pubsub/environment/ament_prefix_path.sh
[6.290s] -- Up-to-date symlink: /home/student/ros2_ws/install/part1_pubsub/share/part1_pubsub/environment/ament_prefix_path.dsv
[6.290s] -- Up-to-date symlink: /home/student/ros2_ws/install/part1_pubsub/share/part1_pubsub/environment/path.sh
[6.290s] -- Up-to-date symlink: /home/student/ros2_ws/install/part1_pubsub/share/part1_pubsub/environment/path.dsv
[6.290s] -- Up-to-date symlink: /home/student/ros2_ws/install/part1_pubsub/share/part1_pubsub/local_setup.bash
[6.290s] -- Up-to-date symlink: /home/student/ros2_ws/install/part1_pubsub/share/part1_pubsub/local_setup.sh
[6.290s] -- Up-to-date symlink: /home/student/ros2_ws/install/part1_pubsub/share/part1_pubsub/local_setup.zsh
[6.290s] -- Up-to-date symlink: /home/student/ros2_ws/install/part1_pubsub/share/part1_pubsub/local_setup.dsv
[6.290s] -- Symlinking: /home/student/ros2_ws/install/part1_pubsub/share/part1_pubsub/package.dsv
[6.296s] -- Up-to-date symlink: /home/student/ros2_ws/install/part1_pubsub/share/ament_index/resource_index/packages/part1_pubsub
[6.296s] -- Up-to-date symlink: /home/student/ros2_ws/install/part1_pubsub/share/part1_pubsub/cmake/part1_pubsubConfig.cmake
[6.296s] -- Up-to-date symlink: /home/student/ros2_ws/install/part1_pubsub/share/part1_pubsub/cmake/part1_pubsubConfig-version.cmake
[6.296s] -- Up-to-date symlink: /home/student/ros2_ws/install/part1_pubsub/share/part1_pubsub/package.xml
[6.320s] Listing '/home/student/ros2_ws/install/part1_pubsub/local/lib/python3.10/dist-packages/part1_pubsub_modules'...
[6.320s] Compiling '/home/student/ros2_ws/install/part1_pubsub/local/lib/python3.10/dist-packages/part1_pubsub_modules/__init__.py'...
[6.320s] Compiling '/home/student/ros2_ws/install/part1_pubsub/local/lib/python3.10/dist-packages/part1_pubsub_modules/tb3_tools.py'...
[6.326s] Invoked command in '/home/student/ros2_ws/build/part1_pubsub' returned '0': CMAKE_PREFIX_PATH=${CMAKE_PREFIX_PATH}:/opt/ros/humble /usr/bin/cmake --install /home/student/ros2_ws/build/part1_pubsub
