[0.023s] Invoking command in '/home/student/ros2_ws/build/tuos_tb3_tools': CMAKE_PREFIX_PATH=/opt/ros/humble /usr/bin/cmake /home/student/ros2_ws/src/tuos_ros/tuos_tb3_tools -DCMAKE_INSTALL_PREFIX=/home/student/ros2_ws/install/tuos_tb3_tools
[0.171s] -- The C compiler identification is GNU 11.4.0
[0.404s] -- The CXX compiler identification is GNU 11.4.0
[0.564s] -- Detecting C compiler ABI info
[0.701s] -- Detecting C compiler ABI info - done
[0.706s] -- Check for working C compiler: /usr/bin/cc - skipped
[0.706s] -- Detecting C compile features
[0.706s] -- Detecting C compile features - done
[0.708s] -- Detecting CXX compiler ABI info
[0.816s] -- Detecting CXX compiler ABI info - done
[0.822s] -- Check for working CXX compiler: /usr/bin/c++ - skipped
[0.822s] -- Detecting CXX compile features
[0.822s] -- Detecting CXX compile features - done
[0.824s] -- Found ament_cmake: 1.3.11 (/opt/ros/humble/share/ament_cmake/cmake)
[0.940s] -- Found Python3: /usr/bin/python3 (found version "3.10.12") found components: Interpreter 
[1.006s] -- Found rclcpp: 16.0.11 (/opt/ros/humble/share/rclcpp/cmake)
[1.106s] -- Found rosidl_generator_c: 3.1.6 (/opt/ros/humble/share/rosidl_generator_c/cmake)
[1.109s] -- Found rosidl_adapter: 3.1.6 (/opt/ros/humble/share/rosidl_adapter/cmake)
[1.115s] -- Found rosidl_generator_cpp: 3.1.6 (/opt/ros/humble/share/rosidl_generator_cpp/cmake)
[1.132s] -- Using all available rosidl_typesupport_c: rosidl_typesupport_fastrtps_c;rosidl_typesupport_introspection_c
[1.150s] -- Using all available rosidl_typesupport_cpp: rosidl_typesupport_fastrtps_cpp;rosidl_typesupport_introspection_cpp
[1.210s] -- Found rmw_implementation_cmake: 6.1.2 (/opt/ros/humble/share/rmw_implementation_cmake/cmake)
[1.213s] -- Found rmw_fastrtps_cpp: 6.2.7 (/opt/ros/humble/share/rmw_fastrtps_cpp/cmake)
[1.586s] -- Found OpenSSL: /usr/lib/x86_64-linux-gnu/libcrypto.so (found version "3.0.2")  
[1.939s] -- Found FastRTPS: /opt/ros/humble/include  
[3.221s] -- Using RMW implementation 'rmw_fastrtps_cpp' as default
[3.230s] -- Looking for pthread.h
[3.365s] -- Looking for pthread.h - found
[3.365s] -- Performing Test CMAKE_HAVE_LIBC_PTHREAD
[3.536s] -- Performing Test CMAKE_HAVE_LIBC_PTHREAD - Success
[3.539s] -- Found Threads: TRUE  
[3.628s] -- Found rclpy: 3.3.15 (/opt/ros/humble/share/rclpy/cmake)
[3.739s] -- Configuring done
[3.756s] -- Generating done
[3.761s] -- Build files have been written to: /home/student/ros2_ws/build/tuos_tb3_tools
[3.789s] Invoked command in '/home/student/ros2_ws/build/tuos_tb3_tools' returned '0': CMAKE_PREFIX_PATH=/opt/ros/humble /usr/bin/cmake /home/student/ros2_ws/src/tuos_ros/tuos_tb3_tools -DCMAKE_INSTALL_PREFIX=/home/student/ros2_ws/install/tuos_tb3_tools
[3.790s] Invoking command in '/home/student/ros2_ws/build/tuos_tb3_tools': CMAKE_PREFIX_PATH=/opt/ros/humble /usr/bin/cmake --build /home/student/ros2_ws/build/tuos_tb3_tools -- -j12 -l12
[3.861s] [ 50%] [32mBuilding CXX object CMakeFiles/cpp_executable.dir/src/minimal_node.cpp.o[0m
[6.651s] [100%] [32m[1mLinking CXX executable cpp_executable[0m
[6.779s] [100%] Built target cpp_executable
[6.787s] Invoked command in '/home/student/ros2_ws/build/tuos_tb3_tools' returned '0': CMAKE_PREFIX_PATH=/opt/ros/humble /usr/bin/cmake --build /home/student/ros2_ws/build/tuos_tb3_tools -- -j12 -l12
[6.788s] Invoking command in '/home/student/ros2_ws/build/tuos_tb3_tools': CMAKE_PREFIX_PATH=/opt/ros/humble /usr/bin/cmake --install /home/student/ros2_ws/build/tuos_tb3_tools
[6.795s] -- Install configuration: ""
[6.795s] -- Installing: /home/student/ros2_ws/install/tuos_tb3_tools/lib/tuos_tb3_tools/cpp_executable
[6.796s] -- Set runtime path of "/home/student/ros2_ws/install/tuos_tb3_tools/lib/tuos_tb3_tools/cpp_executable" to ""
[6.796s] -- Installing: /home/student/ros2_ws/install/tuos_tb3_tools/lib/tuos_tb3_tools/tb3_status.py
[6.796s] -- Installing: /home/student/ros2_ws/install/tuos_tb3_tools/share/tuos_tb3_tools/launch
[6.796s] -- Installing: /home/student/ros2_ws/install/tuos_tb3_tools/share/tuos_tb3_tools/launch/rviz.launch.py
[6.797s] -- Installing: /home/student/ros2_ws/install/tuos_tb3_tools/share/tuos_tb3_tools/launch/slam.launch.py
[6.797s] -- Installing: /home/student/ros2_ws/install/tuos_tb3_tools/share/tuos_tb3_tools/launch/ros.launch.py
[6.797s] -- Installing: /home/student/ros2_ws/install/tuos_tb3_tools/share/tuos_tb3_tools/rviz
[6.797s] -- Installing: /home/student/ros2_ws/install/tuos_tb3_tools/share/tuos_tb3_tools/rviz/waffle.rviz
[6.797s] -- Installing: /home/student/ros2_ws/install/tuos_tb3_tools/share/tuos_tb3_tools/rviz/waffle_slam.rviz
[6.797s] -- Installing: /home/student/ros2_ws/install/tuos_tb3_tools/share/ament_index/resource_index/package_run_dependencies/tuos_tb3_tools
[6.798s] -- Installing: /home/student/ros2_ws/install/tuos_tb3_tools/share/ament_index/resource_index/parent_prefix_path/tuos_tb3_tools
[6.798s] -- Installing: /home/student/ros2_ws/install/tuos_tb3_tools/share/tuos_tb3_tools/environment/ament_prefix_path.sh
[6.798s] -- Installing: /home/student/ros2_ws/install/tuos_tb3_tools/share/tuos_tb3_tools/environment/ament_prefix_path.dsv
[6.798s] -- Installing: /home/student/ros2_ws/install/tuos_tb3_tools/share/tuos_tb3_tools/environment/path.sh
[6.798s] -- Installing: /home/student/ros2_ws/install/tuos_tb3_tools/share/tuos_tb3_tools/environment/path.dsv
[6.798s] -- Installing: /home/student/ros2_ws/install/tuos_tb3_tools/share/tuos_tb3_tools/local_setup.bash
[6.799s] -- Installing: /home/student/ros2_ws/install/tuos_tb3_tools/share/tuos_tb3_tools/local_setup.sh
[6.799s] -- Installing: /home/student/ros2_ws/install/tuos_tb3_tools/share/tuos_tb3_tools/local_setup.zsh
[6.799s] -- Installing: /home/student/ros2_ws/install/tuos_tb3_tools/share/tuos_tb3_tools/local_setup.dsv
[6.799s] -- Installing: /home/student/ros2_ws/install/tuos_tb3_tools/share/tuos_tb3_tools/package.dsv
[6.799s] -- Installing: /home/student/ros2_ws/install/tuos_tb3_tools/share/ament_index/resource_index/packages/tuos_tb3_tools
[6.800s] -- Installing: /home/student/ros2_ws/install/tuos_tb3_tools/share/tuos_tb3_tools/cmake/tuos_tb3_toolsConfig.cmake
[6.800s] -- Installing: /home/student/ros2_ws/install/tuos_tb3_tools/share/tuos_tb3_tools/cmake/tuos_tb3_toolsConfig-version.cmake
[6.800s] -- Installing: /home/student/ros2_ws/install/tuos_tb3_tools/share/tuos_tb3_tools/package.xml
[6.810s] Invoked command in '/home/student/ros2_ws/build/tuos_tb3_tools' returned '0': CMAKE_PREFIX_PATH=/opt/ros/humble /usr/bin/cmake --install /home/student/ros2_ws/build/tuos_tb3_tools
