[0.098s] Invoking command in '/home/student/ros2_ws/build/part1_pubsub': CMAKE_PREFIX_PATH=${CMAKE_PREFIX_PATH}:/opt/ros/humble /usr/bin/cmake /home/student/ros2_ws/src/part1_pubsub -DAMENT_CMAKE_SYMLINK_INSTALL=1 -DCMAKE_INSTALL_PREFIX=/home/student/ros2_ws/install/part1_pubsub
[0.422s] -- The C compiler identification is GNU 11.4.0
[1.028s] -- The CXX compiler identification is GNU 11.4.0
[1.546s] -- Detecting C compiler ABI info
[1.820s] -- Detecting C compiler ABI info - done
[1.850s] -- Check for working C compiler: /usr/bin/cc - skipped
[1.851s] -- Detecting C compile features
[1.851s] -- Detecting C compile features - done
[1.855s] -- Detecting CXX compiler ABI info
[2.087s] -- Detecting CXX compiler ABI info - done
[2.094s] -- Check for working CXX compiler: /usr/bin/c++ - skipped
[2.094s] -- Detecting CXX compile features
[2.095s] -- Detecting CXX compile features - done
[2.105s] -- Found ament_cmake: 1.3.11 (/opt/ros/humble/share/ament_cmake/cmake)
[2.555s] -- Found Python3: /usr/bin/python3 (found version "3.10.12") found components: Interpreter 
[2.859s] -- Override CMake install command with custom implementation using symlinks instead of copying resources
[2.920s] -- Found rclcpp: 16.0.11 (/opt/ros/humble/share/rclcpp/cmake)
[3.126s] -- Found rosidl_generator_c: 3.1.6 (/opt/ros/humble/share/rosidl_generator_c/cmake)
[3.135s] -- Found rosidl_adapter: 3.1.6 (/opt/ros/humble/share/rosidl_adapter/cmake)
[3.160s] -- Found rosidl_generator_cpp: 3.1.6 (/opt/ros/humble/share/rosidl_generator_cpp/cmake)
[3.209s] -- Using all available rosidl_typesupport_c: rosidl_typesupport_fastrtps_c;rosidl_typesupport_introspection_c
[3.234s] -- Using all available rosidl_typesupport_cpp: rosidl_typesupport_fastrtps_cpp;rosidl_typesupport_introspection_cpp
[3.329s] -- Found rmw_implementation_cmake: 6.1.2 (/opt/ros/humble/share/rmw_implementation_cmake/cmake)
[3.333s] -- Found rmw_fastrtps_cpp: 6.2.7 (/opt/ros/humble/share/rmw_fastrtps_cpp/cmake)
[4.604s] -- Found OpenSSL: /usr/lib/x86_64-linux-gnu/libcrypto.so (found version "3.0.2")  
[5.769s] -- Found FastRTPS: /opt/ros/humble/include  
[8.245s] -- Using RMW implementation 'rmw_fastrtps_cpp' as default
[8.270s] -- Looking for pthread.h
[8.557s] -- Looking for pthread.h - found
[8.557s] -- Performing Test CMAKE_HAVE_LIBC_PTHREAD
[8.837s] -- Performing Test CMAKE_HAVE_LIBC_PTHREAD - Success
[8.837s] -- Found Threads: TRUE  
[8.963s] -- Found rclpy: 3.3.15 (/opt/ros/humble/share/rclpy/cmake)
[9.157s] -- Found rosidl_default_generators: 1.2.0 (/opt/ros/humble/share/rosidl_default_generators/cmake)
[9.669s] -- Found ament_cmake_ros: 0.10.0 (/opt/ros/humble/share/ament_cmake_ros/cmake)
[10.367s] -- Using all available rosidl_typesupport_c: rosidl_typesupport_fastrtps_c;rosidl_typesupport_introspection_c
[10.627s] -- Using all available rosidl_typesupport_cpp: rosidl_typesupport_fastrtps_cpp;rosidl_typesupport_introspection_cpp
[10.956s] -- Found PythonInterp: /usr/bin/python3 (found suitable version "3.10.12", minimum required is "3.6") 
[10.956s] -- Found python_cmake_module: 0.10.0 (/opt/ros/humble/share/python_cmake_module/cmake)
[11.683s] -- Found PythonLibs: /usr/lib/x86_64-linux-gnu/libpython3.10.so (found suitable version "3.10.12", minimum required is "3.5") 
[11.683s] -- Using PYTHON_EXECUTABLE: /usr/bin/python3
[11.684s] -- Using PYTHON_INCLUDE_DIRS: /usr/include/python3.10
[11.684s] -- Using PYTHON_LIBRARIES: /usr/lib/x86_64-linux-gnu/libpython3.10.so
[11.744s] -- Found PythonExtra: .so  
[11.929s] -- Configuring done
[12.037s] -- Generating done
[12.054s] -- Build files have been written to: /home/student/ros2_ws/build/part1_pubsub
[12.094s] Invoked command in '/home/student/ros2_ws/build/part1_pubsub' returned '0': CMAKE_PREFIX_PATH=${CMAKE_PREFIX_PATH}:/opt/ros/humble /usr/bin/cmake /home/student/ros2_ws/src/part1_pubsub -DAMENT_CMAKE_SYMLINK_INSTALL=1 -DCMAKE_INSTALL_PREFIX=/home/student/ros2_ws/install/part1_pubsub
[12.102s] Invoking command in '/home/student/ros2_ws/build/part1_pubsub': CMAKE_PREFIX_PATH=${CMAKE_PREFIX_PATH}:/opt/ros/humble /usr/bin/cmake --build /home/student/ros2_ws/build/part1_pubsub -- -j12 -l12
[12.245s] [  3%] [32mBuilding CXX object CMakeFiles/cpp_executable.dir/src/minimal_node.cpp.o[0m
[21.004s] [  6%] [32m[1mLinking CXX executable cpp_executable[0m
[21.420s] [  6%] Built target cpp_executable
[21.485s] [  6%] Built target ament_cmake_python_symlink_part1_pubsub
[21.501s] [  9%] [34m[1mGenerating C code for ROS interfaces[0m
[22.119s] [ 12%] [32mBuilding C object CMakeFiles/part1_pubsub__rosidl_generator_c.dir/rosidl_generator_c/part1_pubsub/msg/detail/example__functions.c.o[0m
[22.212s] [ 15%] [32m[1mLinking C shared library libpart1_pubsub__rosidl_generator_c.so[0m
[22.488s] [ 15%] Built target part1_pubsub__rosidl_generator_c
[23.043s] running egg_info
[23.043s] creating part1_pubsub.egg-info
[23.045s] writing part1_pubsub.egg-info/PKG-INFO
[23.047s] writing dependency_links to part1_pubsub.egg-info/dependency_links.txt
[23.049s] writing top-level names to part1_pubsub.egg-info/top_level.txt
[23.054s] writing manifest file 'part1_pubsub.egg-info/SOURCES.txt'
[23.059s] reading manifest file 'part1_pubsub.egg-info/SOURCES.txt'
[23.062s] writing manifest file 'part1_pubsub.egg-info/SOURCES.txt'
[23.159s] [ 15%] Built target ament_cmake_python_build_part1_pubsub_egg
[23.205s] [ 18%] [34m[1mGenerating C type support dispatch for ROS interfaces[0m
[23.733s] [ 21%] [32mBuilding CXX object CMakeFiles/part1_pubsub__rosidl_typesupport_c.dir/rosidl_typesupport_c/part1_pubsub/msg/example__type_support.cpp.o[0m
[23.776s] [ 24%] [32m[1mLinking CXX shared library libpart1_pubsub__rosidl_typesupport_c.so[0m
[24.062s] [ 24%] Built target part1_pubsub__rosidl_typesupport_c
[24.105s] [ 27%] [34m[1mGenerating C introspection for ROS interfaces[0m
[24.627s] [ 30%] [32mBuilding C object CMakeFiles/part1_pubsub__rosidl_typesupport_introspection_c.dir/rosidl_typesupport_introspection_c/part1_pubsub/msg/detail/example__type_support.c.o[0m
[24.708s] [ 33%] [32m[1mLinking C shared library libpart1_pubsub__rosidl_typesupport_introspection_c.so[0m
[24.873s] [ 33%] Built target part1_pubsub__rosidl_typesupport_introspection_c
[24.905s] [ 36%] [34m[1mGenerating C type support for eProsima Fast-RTPS[0m
[25.503s] [ 39%] [32mBuilding CXX object CMakeFiles/part1_pubsub__rosidl_typesupport_fastrtps_c.dir/rosidl_typesupport_fastrtps_c/part1_pubsub/msg/detail/example__type_support_c.cpp.o[0m
[26.199s] [ 42%] [32m[1mLinking CXX shared library libpart1_pubsub__rosidl_typesupport_fastrtps_c.so[0m
[26.637s] [ 42%] Built target part1_pubsub__rosidl_typesupport_fastrtps_c
[26.683s] [ 45%] [34m[1mGenerating C++ code for ROS interfaces[0m
[27.281s] [ 45%] Built target part1_pubsub__cpp
[27.341s] [ 45%] Built target ament_cmake_python_symlink_part1_pubsub_modules
[27.357s] [ 48%] [34m[1mGenerating C++ introspection for ROS interfaces[0m
[27.915s] [ 51%] [32mBuilding CXX object CMakeFiles/part1_pubsub__rosidl_typesupport_introspection_cpp.dir/rosidl_typesupport_introspection_cpp/part1_pubsub/msg/detail/example__type_support.cpp.o[0m
[28.647s] [ 54%] [32m[1mLinking CXX shared library libpart1_pubsub__rosidl_typesupport_introspection_cpp.so[0m
[28.832s] [ 54%] Built target part1_pubsub__rosidl_typesupport_introspection_cpp
[29.270s] running egg_info
[29.271s] creating part1_pubsub_modules.egg-info
[29.273s] writing part1_pubsub_modules.egg-info/PKG-INFO
[29.275s] writing dependency_links to part1_pubsub_modules.egg-info/dependency_links.txt
[29.276s] writing top-level names to part1_pubsub_modules.egg-info/top_level.txt
[29.277s] writing manifest file 'part1_pubsub_modules.egg-info/SOURCES.txt'
[29.283s] reading manifest file 'part1_pubsub_modules.egg-info/SOURCES.txt'
[29.283s] writing manifest file 'part1_pubsub_modules.egg-info/SOURCES.txt'
[29.344s] [ 54%] Built target ament_cmake_python_build_part1_pubsub_modules_egg
[29.358s] [ 57%] [34m[1mGenerating C++ type support for eProsima Fast-RTPS[0m
[29.872s] [ 60%] [32mBuilding CXX object CMakeFiles/part1_pubsub__rosidl_typesupport_fastrtps_cpp.dir/rosidl_typesupport_fastrtps_cpp/part1_pubsub/msg/detail/dds_fastrtps/example__type_support.cpp.o[0m
[30.550s] [ 63%] [32m[1mLinking CXX shared library libpart1_pubsub__rosidl_typesupport_fastrtps_cpp.so[0m
[30.837s] [ 63%] Built target part1_pubsub__rosidl_typesupport_fastrtps_cpp
[30.853s] [ 66%] [34m[1mGenerating C++ type support dispatch for ROS interfaces[0m
[31.271s] [ 69%] [32mBuilding CXX object CMakeFiles/part1_pubsub__rosidl_typesupport_cpp.dir/rosidl_typesupport_cpp/part1_pubsub/msg/example__type_support.cpp.o[0m
[31.785s] [ 72%] [32m[1mLinking CXX shared library libpart1_pubsub__rosidl_typesupport_cpp.so[0m
[32.011s] [ 72%] Built target part1_pubsub__rosidl_typesupport_cpp
[32.034s] [ 72%] Built target part1_pubsub
[32.058s] [ 75%] [34m[1mGenerating Python code for ROS interfaces[0m
[32.689s] [ 75%] Built target part1_pubsub__py
[32.729s] [ 78%] [32mBuilding C object CMakeFiles/part1_pubsub__rosidl_generator_py.dir/rosidl_generator_py/part1_pubsub/msg/_example_s.c.o[0m
[33.036s] [ 81%] [32m[1mLinking C shared library rosidl_generator_py/part1_pubsub/libpart1_pubsub__rosidl_generator_py.so[0m
[33.186s] [ 81%] Built target part1_pubsub__rosidl_generator_py
[33.230s] [ 84%] [32mBuilding C object CMakeFiles/part1_pubsub__rosidl_typesupport_fastrtps_c__pyext.dir/rosidl_generator_py/part1_pubsub/_part1_pubsub_s.ep.rosidl_typesupport_fastrtps_c.c.o[0m
[33.419s] [ 87%] [32m[1mLinking C shared library rosidl_generator_py/part1_pubsub/part1_pubsub_s__rosidl_typesupport_fastrtps_c.cpython-310-x86_64-linux-gnu.so[0m
[33.570s] [ 87%] Built target part1_pubsub__rosidl_typesupport_fastrtps_c__pyext
[33.608s] [ 90%] [32mBuilding C object CMakeFiles/part1_pubsub__rosidl_typesupport_c__pyext.dir/rosidl_generator_py/part1_pubsub/_part1_pubsub_s.ep.rosidl_typesupport_c.c.o[0m
[33.776s] [ 93%] [32m[1mLinking C shared library rosidl_generator_py/part1_pubsub/part1_pubsub_s__rosidl_typesupport_c.cpython-310-x86_64-linux-gnu.so[0m
[33.923s] [ 93%] Built target part1_pubsub__rosidl_typesupport_c__pyext
[34.003s] [ 96%] [32mBuilding C object CMakeFiles/part1_pubsub__rosidl_typesupport_introspection_c__pyext.dir/rosidl_generator_py/part1_pubsub/_part1_pubsub_s.ep.rosidl_typesupport_introspection_c.c.o[0m
[34.177s] [100%] [32m[1mLinking C shared library rosidl_generator_py/part1_pubsub/part1_pubsub_s__rosidl_typesupport_introspection_c.cpython-310-x86_64-linux-gnu.so[0m
[34.320s] [100%] Built target part1_pubsub__rosidl_typesupport_introspection_c__pyext
[34.352s] Invoked command in '/home/student/ros2_ws/build/part1_pubsub' returned '0': CMAKE_PREFIX_PATH=${CMAKE_PREFIX_PATH}:/opt/ros/humble /usr/bin/cmake --build /home/student/ros2_ws/build/part1_pubsub -- -j12 -l12
[34.353s] Invoking command in '/home/student/ros2_ws/build/part1_pubsub': CMAKE_PREFIX_PATH=${CMAKE_PREFIX_PATH}:/opt/ros/humble /usr/bin/cmake --install /home/student/ros2_ws/build/part1_pubsub
[34.359s] -- Install configuration: ""
[34.360s] -- Execute custom install script
[34.361s] -- Symlinking: /home/student/ros2_ws/install/part1_pubsub/lib/part1_pubsub/cpp_executable
[34.373s] -- Symlinking: /home/student/ros2_ws/install/part1_pubsub/share/part1_pubsub/environment/pythonpath.sh
[34.400s] -- Symlinking: /home/student/ros2_ws/install/part1_pubsub/share/part1_pubsub/environment/pythonpath.dsv
[34.427s] -- Symlinking: /home/student/ros2_ws/install/part1_pubsub/local/lib/python3.10/dist-packages/part1_pubsub_modules-0.0.0-py3.10.egg-info/PKG-INFO
[34.440s] -- Symlinking: /home/student/ros2_ws/install/part1_pubsub/local/lib/python3.10/dist-packages/part1_pubsub_modules-0.0.0-py3.10.egg-info/SOURCES.txt
[34.465s] -- Symlinking: /home/student/ros2_ws/install/part1_pubsub/local/lib/python3.10/dist-packages/part1_pubsub_modules-0.0.0-py3.10.egg-info/dependency_links.txt
[34.483s] -- Symlinking: /home/student/ros2_ws/install/part1_pubsub/local/lib/python3.10/dist-packages/part1_pubsub_modules-0.0.0-py3.10.egg-info/top_level.txt
[34.502s] -- Symlinking: /home/student/ros2_ws/install/part1_pubsub/local/lib/python3.10/dist-packages/part1_pubsub_modules/__init__.py
[34.511s] -- Symlinking: /home/student/ros2_ws/install/part1_pubsub/local/lib/python3.10/dist-packages/part1_pubsub_modules/tb3_tools.py
[34.524s] -- Symlinking: /home/student/ros2_ws/install/part1_pubsub/lib/part1_pubsub/publisher.py
[34.556s] -- Symlinking: /home/student/ros2_ws/install/part1_pubsub/lib/part1_pubsub/subscriber.py
[34.577s] -- Symlinking: /home/student/ros2_ws/install/part1_pubsub/lib/part1_pubsub/custom_msg_publisher.py
[34.598s] -- Symlinking: /home/student/ros2_ws/install/part1_pubsub/lib/part1_pubsub/custom_msg_subscriber.py
[34.617s] -- Symlinking: /home/student/ros2_ws/install/part1_pubsub/share/ament_index/resource_index/rosidl_interfaces/part1_pubsub
[34.648s] -- Symlinking: /home/student/ros2_ws/install/part1_pubsub/include/part1_pubsub/part1_pubsub/msg/detail/example__functions.h
[34.659s] -- Symlinking: /home/student/ros2_ws/install/part1_pubsub/include/part1_pubsub/part1_pubsub/msg/detail/example__struct.h
[34.669s] -- Symlinking: /home/student/ros2_ws/install/part1_pubsub/include/part1_pubsub/part1_pubsub/msg/detail/example__type_support.h
[34.688s] -- Symlinking: /home/student/ros2_ws/install/part1_pubsub/include/part1_pubsub/part1_pubsub/msg/example.h
[34.708s] -- Symlinking: /home/student/ros2_ws/install/part1_pubsub/include/part1_pubsub/part1_pubsub/msg/rosidl_generator_c__visibility_control.h
[34.726s] -- Symlinking: /home/student/ros2_ws/install/part1_pubsub/share/part1_pubsub/environment/library_path.sh
[34.743s] -- Symlinking: /home/student/ros2_ws/install/part1_pubsub/share/part1_pubsub/environment/library_path.dsv
[34.760s] -- Symlinking: /home/student/ros2_ws/install/part1_pubsub/include/part1_pubsub/part1_pubsub/msg/detail/example__rosidl_typesupport_fastrtps_c.h
[34.783s] -- Symlinking: /home/student/ros2_ws/install/part1_pubsub/include/part1_pubsub/part1_pubsub/msg/rosidl_typesupport_fastrtps_c__visibility_control.h
[34.795s] -- Symlinking: /home/student/ros2_ws/install/part1_pubsub/include/part1_pubsub/part1_pubsub/msg/detail/example__builder.hpp
[34.807s] -- Symlinking: /home/student/ros2_ws/install/part1_pubsub/include/part1_pubsub/part1_pubsub/msg/detail/example__struct.hpp
[34.820s] -- Symlinking: /home/student/ros2_ws/install/part1_pubsub/include/part1_pubsub/part1_pubsub/msg/detail/example__traits.hpp
[34.845s] -- Symlinking: /home/student/ros2_ws/install/part1_pubsub/include/part1_pubsub/part1_pubsub/msg/detail/example__type_support.hpp
[34.857s] -- Symlinking: /home/student/ros2_ws/install/part1_pubsub/include/part1_pubsub/part1_pubsub/msg/example.hpp
[34.888s] -- Symlinking: /home/student/ros2_ws/install/part1_pubsub/include/part1_pubsub/part1_pubsub/msg/rosidl_generator_cpp__visibility_control.hpp
[34.907s] -- Symlinking: /home/student/ros2_ws/install/part1_pubsub/include/part1_pubsub/part1_pubsub/msg/detail/example__rosidl_typesupport_fastrtps_cpp.hpp
[34.926s] -- Symlinking: /home/student/ros2_ws/install/part1_pubsub/include/part1_pubsub/part1_pubsub/msg/rosidl_typesupport_fastrtps_cpp__visibility_control.h
[34.945s] -- Symlinking: /home/student/ros2_ws/install/part1_pubsub/include/part1_pubsub/part1_pubsub/msg/detail/example__rosidl_typesupport_introspection_c.h
[34.955s] -- Symlinking: /home/student/ros2_ws/install/part1_pubsub/include/part1_pubsub/part1_pubsub/msg/rosidl_typesupport_introspection_c__visibility_control.h
[34.979s] -- Symlinking: /home/student/ros2_ws/install/part1_pubsub/include/part1_pubsub/part1_pubsub/msg/detail/example__rosidl_typesupport_introspection_cpp.hpp
[34.991s] -- Symlinking: /home/student/ros2_ws/install/part1_pubsub/local/lib/python3.10/dist-packages/part1_pubsub-0.0.0-py3.10.egg-info/PKG-INFO
[35.026s] -- Symlinking: /home/student/ros2_ws/install/part1_pubsub/local/lib/python3.10/dist-packages/part1_pubsub-0.0.0-py3.10.egg-info/SOURCES.txt
[35.047s] -- Symlinking: /home/student/ros2_ws/install/part1_pubsub/local/lib/python3.10/dist-packages/part1_pubsub-0.0.0-py3.10.egg-info/dependency_links.txt
[35.057s] -- Symlinking: /home/student/ros2_ws/install/part1_pubsub/local/lib/python3.10/dist-packages/part1_pubsub-0.0.0-py3.10.egg-info/top_level.txt
[35.069s] -- Symlinking: /home/student/ros2_ws/install/part1_pubsub/local/lib/python3.10/dist-packages/part1_pubsub/__init__.py
[35.089s] -- Symlinking: /home/student/ros2_ws/install/part1_pubsub/local/lib/python3.10/dist-packages/part1_pubsub/_part1_pubsub_s.ep.rosidl_typesupport_c.c
[35.113s] -- Symlinking: /home/student/ros2_ws/install/part1_pubsub/local/lib/python3.10/dist-packages/part1_pubsub/_part1_pubsub_s.ep.rosidl_typesupport_fastrtps_c.c
[35.122s] -- Symlinking: /home/student/ros2_ws/install/part1_pubsub/local/lib/python3.10/dist-packages/part1_pubsub/_part1_pubsub_s.ep.rosidl_typesupport_introspection_c.c
[35.137s] -- Symlinking: /home/student/ros2_ws/install/part1_pubsub/local/lib/python3.10/dist-packages/part1_pubsub/libpart1_pubsub__rosidl_generator_py.so
[35.157s] -- Symlinking: /home/student/ros2_ws/install/part1_pubsub/local/lib/python3.10/dist-packages/part1_pubsub/msg/__init__.py
[35.171s] -- Symlinking: /home/student/ros2_ws/install/part1_pubsub/local/lib/python3.10/dist-packages/part1_pubsub/msg/_example.py
[35.178s] -- Symlinking: /home/student/ros2_ws/install/part1_pubsub/local/lib/python3.10/dist-packages/part1_pubsub/msg/_example_s.c
[35.205s] -- Symlinking: /home/student/ros2_ws/install/part1_pubsub/local/lib/python3.10/dist-packages/part1_pubsub/part1_pubsub_s__rosidl_typesupport_c.cpython-310-x86_64-linux-gnu.so
[35.226s] -- Symlinking: /home/student/ros2_ws/install/part1_pubsub/local/lib/python3.10/dist-packages/part1_pubsub/part1_pubsub_s__rosidl_typesupport_fastrtps_c.cpython-310-x86_64-linux-gnu.so
[35.235s] -- Symlinking: /home/student/ros2_ws/install/part1_pubsub/local/lib/python3.10/dist-packages/part1_pubsub/part1_pubsub_s__rosidl_typesupport_introspection_c.cpython-310-x86_64-linux-gnu.so
[35.261s] -- Up-to-date symlink: /home/student/ros2_ws/install/part1_pubsub/local/lib/python3.10/dist-packages/part1_pubsub/part1_pubsub_s__rosidl_typesupport_fastrtps_c.cpython-310-x86_64-linux-gnu.so
[35.261s] -- Up-to-date symlink: /home/student/ros2_ws/install/part1_pubsub/local/lib/python3.10/dist-packages/part1_pubsub/part1_pubsub_s__rosidl_typesupport_introspection_c.cpython-310-x86_64-linux-gnu.so
[35.261s] -- Up-to-date symlink: /home/student/ros2_ws/install/part1_pubsub/local/lib/python3.10/dist-packages/part1_pubsub/part1_pubsub_s__rosidl_typesupport_c.cpython-310-x86_64-linux-gnu.so
[35.262s] -- Symlinking: /home/student/ros2_ws/install/part1_pubsub/share/part1_pubsub/msg/Example.idl
[35.272s] -- Symlinking: /home/student/ros2_ws/install/part1_pubsub/share/part1_pubsub/msg/Example.msg
[35.283s] -- Symlinking: /home/student/ros2_ws/install/part1_pubsub/share/ament_index/resource_index/package_run_dependencies/part1_pubsub
[35.298s] -- Symlinking: /home/student/ros2_ws/install/part1_pubsub/share/ament_index/resource_index/parent_prefix_path/part1_pubsub
[35.309s] -- Symlinking: /home/student/ros2_ws/install/part1_pubsub/share/part1_pubsub/environment/ament_prefix_path.sh
[35.355s] -- Symlinking: /home/student/ros2_ws/install/part1_pubsub/share/part1_pubsub/environment/ament_prefix_path.dsv
[35.365s] -- Symlinking: /home/student/ros2_ws/install/part1_pubsub/share/part1_pubsub/environment/path.sh
[35.395s] -- Symlinking: /home/student/ros2_ws/install/part1_pubsub/share/part1_pubsub/environment/path.dsv
[35.407s] -- Symlinking: /home/student/ros2_ws/install/part1_pubsub/share/part1_pubsub/local_setup.bash
[35.448s] -- Symlinking: /home/student/ros2_ws/install/part1_pubsub/share/part1_pubsub/local_setup.sh
[35.485s] -- Symlinking: /home/student/ros2_ws/install/part1_pubsub/share/part1_pubsub/local_setup.zsh
[35.497s] -- Symlinking: /home/student/ros2_ws/install/part1_pubsub/share/part1_pubsub/local_setup.dsv
[35.522s] -- Symlinking: /home/student/ros2_ws/install/part1_pubsub/share/part1_pubsub/package.dsv
[35.534s] -- Symlinking: /home/student/ros2_ws/install/part1_pubsub/share/ament_index/resource_index/packages/part1_pubsub
[35.553s] -- Symlinking: /home/student/ros2_ws/install/part1_pubsub/share/part1_pubsub/cmake/rosidl_cmake-extras.cmake
[35.565s] -- Symlinking: /home/student/ros2_ws/install/part1_pubsub/share/part1_pubsub/cmake/ament_cmake_export_include_directories-extras.cmake
[35.585s] -- Symlinking: /home/student/ros2_ws/install/part1_pubsub/share/part1_pubsub/cmake/ament_cmake_export_libraries-extras.cmake
[35.607s] -- Symlinking: /home/student/ros2_ws/install/part1_pubsub/share/part1_pubsub/cmake/ament_cmake_export_targets-extras.cmake
[35.625s] -- Symlinking: /home/student/ros2_ws/install/part1_pubsub/share/part1_pubsub/cmake/rosidl_cmake_export_typesupport_targets-extras.cmake
[35.643s] -- Symlinking: /home/student/ros2_ws/install/part1_pubsub/share/part1_pubsub/cmake/ament_cmake_export_dependencies-extras.cmake
[35.653s] -- Symlinking: /home/student/ros2_ws/install/part1_pubsub/share/part1_pubsub/cmake/rosidl_cmake_export_typesupport_libraries-extras.cmake
[35.662s] -- Symlinking: /home/student/ros2_ws/install/part1_pubsub/share/part1_pubsub/cmake/part1_pubsubConfig.cmake
[35.672s] -- Symlinking: /home/student/ros2_ws/install/part1_pubsub/share/part1_pubsub/cmake/part1_pubsubConfig-version.cmake
[35.681s] -- Symlinking: /home/student/ros2_ws/install/part1_pubsub/share/part1_pubsub/package.xml
[35.780s] Listing '/home/student/ros2_ws/install/part1_pubsub/local/lib/python3.10/dist-packages/part1_pubsub_modules'...
[35.780s] Compiling '/home/student/ros2_ws/install/part1_pubsub/local/lib/python3.10/dist-packages/part1_pubsub_modules/__init__.py'...
[35.780s] Compiling '/home/student/ros2_ws/install/part1_pubsub/local/lib/python3.10/dist-packages/part1_pubsub_modules/tb3_tools.py'...
[35.803s] -- Installing: /home/student/ros2_ws/install/part1_pubsub/lib/libpart1_pubsub__rosidl_generator_c.so
[35.803s] -- Set runtime path of "/home/student/ros2_ws/install/part1_pubsub/lib/libpart1_pubsub__rosidl_generator_c.so" to ""
[35.804s] -- Installing: /home/student/ros2_ws/install/part1_pubsub/lib/libpart1_pubsub__rosidl_typesupport_fastrtps_c.so
[35.804s] -- Set runtime path of "/home/student/ros2_ws/install/part1_pubsub/lib/libpart1_pubsub__rosidl_typesupport_fastrtps_c.so" to ""
[35.804s] -- Installing: /home/student/ros2_ws/install/part1_pubsub/lib/libpart1_pubsub__rosidl_typesupport_fastrtps_cpp.so
[35.804s] -- Set runtime path of "/home/student/ros2_ws/install/part1_pubsub/lib/libpart1_pubsub__rosidl_typesupport_fastrtps_cpp.so" to ""
[35.804s] -- Installing: /home/student/ros2_ws/install/part1_pubsub/lib/libpart1_pubsub__rosidl_typesupport_introspection_c.so
[35.804s] -- Set runtime path of "/home/student/ros2_ws/install/part1_pubsub/lib/libpart1_pubsub__rosidl_typesupport_introspection_c.so" to ""
[35.804s] -- Installing: /home/student/ros2_ws/install/part1_pubsub/lib/libpart1_pubsub__rosidl_typesupport_c.so
[35.804s] -- Set runtime path of "/home/student/ros2_ws/install/part1_pubsub/lib/libpart1_pubsub__rosidl_typesupport_c.so" to ""
[35.804s] -- Installing: /home/student/ros2_ws/install/part1_pubsub/lib/libpart1_pubsub__rosidl_typesupport_introspection_cpp.so
[35.804s] -- Set runtime path of "/home/student/ros2_ws/install/part1_pubsub/lib/libpart1_pubsub__rosidl_typesupport_introspection_cpp.so" to ""
[35.804s] -- Installing: /home/student/ros2_ws/install/part1_pubsub/lib/libpart1_pubsub__rosidl_typesupport_cpp.so
[35.804s] -- Set runtime path of "/home/student/ros2_ws/install/part1_pubsub/lib/libpart1_pubsub__rosidl_typesupport_cpp.so" to ""
[35.889s] Listing '/home/student/ros2_ws/install/part1_pubsub/local/lib/python3.10/dist-packages/part1_pubsub'...
[35.889s] Compiling '/home/student/ros2_ws/install/part1_pubsub/local/lib/python3.10/dist-packages/part1_pubsub/__init__.py'...
[35.889s] Listing '/home/student/ros2_ws/install/part1_pubsub/local/lib/python3.10/dist-packages/part1_pubsub/msg'...
[35.889s] Compiling '/home/student/ros2_ws/install/part1_pubsub/local/lib/python3.10/dist-packages/part1_pubsub/msg/__init__.py'...
[35.889s] Compiling '/home/student/ros2_ws/install/part1_pubsub/local/lib/python3.10/dist-packages/part1_pubsub/msg/_example.py'...
[35.901s] -- Installing: /home/student/ros2_ws/install/part1_pubsub/lib/libpart1_pubsub__rosidl_generator_py.so
[35.901s] -- Set runtime path of "/home/student/ros2_ws/install/part1_pubsub/lib/libpart1_pubsub__rosidl_generator_py.so" to ""
[35.901s] -- Installing: /home/student/ros2_ws/install/part1_pubsub/share/part1_pubsub/cmake/export_part1_pubsub__rosidl_generator_cExport.cmake
[35.901s] -- Installing: /home/student/ros2_ws/install/part1_pubsub/share/part1_pubsub/cmake/export_part1_pubsub__rosidl_generator_cExport-noconfig.cmake
[35.901s] -- Installing: /home/student/ros2_ws/install/part1_pubsub/share/part1_pubsub/cmake/export_part1_pubsub__rosidl_typesupport_fastrtps_cExport.cmake
[35.901s] -- Installing: /home/student/ros2_ws/install/part1_pubsub/share/part1_pubsub/cmake/export_part1_pubsub__rosidl_typesupport_fastrtps_cExport-noconfig.cmake
[35.901s] -- Installing: /home/student/ros2_ws/install/part1_pubsub/share/part1_pubsub/cmake/export_part1_pubsub__rosidl_generator_cppExport.cmake
[35.901s] -- Installing: /home/student/ros2_ws/install/part1_pubsub/share/part1_pubsub/cmake/export_part1_pubsub__rosidl_typesupport_fastrtps_cppExport.cmake
[35.901s] -- Installing: /home/student/ros2_ws/install/part1_pubsub/share/part1_pubsub/cmake/export_part1_pubsub__rosidl_typesupport_fastrtps_cppExport-noconfig.cmake
[35.902s] -- Installing: /home/student/ros2_ws/install/part1_pubsub/share/part1_pubsub/cmake/part1_pubsub__rosidl_typesupport_introspection_cExport.cmake
[35.902s] -- Installing: /home/student/ros2_ws/install/part1_pubsub/share/part1_pubsub/cmake/part1_pubsub__rosidl_typesupport_introspection_cExport-noconfig.cmake
[35.902s] -- Installing: /home/student/ros2_ws/install/part1_pubsub/share/part1_pubsub/cmake/part1_pubsub__rosidl_typesupport_cExport.cmake
[35.902s] -- Installing: /home/student/ros2_ws/install/part1_pubsub/share/part1_pubsub/cmake/part1_pubsub__rosidl_typesupport_cExport-noconfig.cmake
[35.902s] -- Installing: /home/student/ros2_ws/install/part1_pubsub/share/part1_pubsub/cmake/part1_pubsub__rosidl_typesupport_introspection_cppExport.cmake
[35.902s] -- Installing: /home/student/ros2_ws/install/part1_pubsub/share/part1_pubsub/cmake/part1_pubsub__rosidl_typesupport_introspection_cppExport-noconfig.cmake
[35.902s] -- Installing: /home/student/ros2_ws/install/part1_pubsub/share/part1_pubsub/cmake/part1_pubsub__rosidl_typesupport_cppExport.cmake
[35.902s] -- Installing: /home/student/ros2_ws/install/part1_pubsub/share/part1_pubsub/cmake/part1_pubsub__rosidl_typesupport_cppExport-noconfig.cmake
[35.902s] -- Installing: /home/student/ros2_ws/install/part1_pubsub/share/part1_pubsub/cmake/export_part1_pubsub__rosidl_generator_pyExport.cmake
[35.902s] -- Installing: /home/student/ros2_ws/install/part1_pubsub/share/part1_pubsub/cmake/export_part1_pubsub__rosidl_generator_pyExport-noconfig.cmake
[35.906s] Invoked command in '/home/student/ros2_ws/build/part1_pubsub' returned '0': CMAKE_PREFIX_PATH=${CMAKE_PREFIX_PATH}:/opt/ros/humble /usr/bin/cmake --install /home/student/ros2_ws/build/part1_pubsub
