[0.237s] DEBUG:colcon:Command line arguments: ['/usr/bin/colcon', 'build', '--packages-select', 'part3_beyond_basics', '--symlink-install']
[0.237s] DEBUG:colcon:Parsed command line arguments: Namespace(log_base=None, log_level=None, verb_name='build', build_base='build', install_base='install', merge_install=False, symlink_install=True, test_result_base=None, continue_on_error=False, executor='parallel', parallel_workers=12, event_handlers=None, ignore_user_meta=False, metas=['./colcon.meta'], base_paths=['.'], packages_ignore=None, packages_ignore_regex=None, paths=None, packages_up_to=None, packages_up_to_regex=None, packages_above=None, packages_above_and_dependencies=None, packages_above_depth=None, packages_select_by_dep=None, packages_skip_by_dep=None, packages_skip_up_to=None, packages_select_build_failed=False, packages_skip_build_finished=False, packages_select_test_failures=False, packages_skip_test_passed=False, packages_select=['part3_beyond_basics'], packages_skip=None, packages_select_regex=None, packages_skip_regex=None, packages_start=None, packages_end=None, cmake_args=None, cmake_target=None, cmake_target_skip_unavailable=False, cmake_clean_cache=False, cmake_clean_first=False, cmake_force_configure=False, ament_cmake_args=None, catkin_cmake_args=None, catkin_skip_building_tests=False, mixin_files=None, mixin=None, verb_parser=<colcon_mixin.mixin.mixin_argument.MixinArgumentDecorator object at 0x7facf31827a0>, verb_extension=<colcon_core.verb.build.BuildVerb object at 0x7facf32975e0>, main=<bound method BuildVerb.main of <colcon_core.verb.build.BuildVerb object at 0x7facf32975e0>>, mixin_verb=('build',))
[0.537s] Level 1:colcon.colcon_core.package_discovery:discover_packages(colcon_meta) check parameters
[0.537s] Level 1:colcon.colcon_core.package_discovery:discover_packages(recursive) check parameters
[0.537s] Level 1:colcon.colcon_core.package_discovery:discover_packages(ignore) check parameters
[0.537s] Level 1:colcon.colcon_core.package_discovery:discover_packages(path) check parameters
[0.537s] Level 1:colcon.colcon_core.package_discovery:discover_packages(colcon_meta) discover
[0.537s] Level 1:colcon.colcon_core.package_discovery:discover_packages(recursive) discover
[0.537s] INFO:colcon.colcon_core.package_discovery:Crawling recursively for packages in '/home/student/ros2_ws/src'
[0.538s] Level 1:colcon.colcon_core.package_identification:_identify(.) by extensions ['ignore', 'ignore_ament_install']
[0.538s] Level 1:colcon.colcon_core.package_identification:_identify(.) by extension 'ignore'
[0.538s] Level 1:colcon.colcon_core.package_identification:_identify(.) by extension 'ignore_ament_install'
[0.538s] Level 1:colcon.colcon_core.package_identification:_identify(.) by extensions ['colcon_pkg']
[0.538s] Level 1:colcon.colcon_core.package_identification:_identify(.) by extension 'colcon_pkg'
[0.538s] Level 1:colcon.colcon_core.package_identification:_identify(.) by extensions ['colcon_meta']
[0.538s] Level 1:colcon.colcon_core.package_identification:_identify(.) by extension 'colcon_meta'
[0.538s] Level 1:colcon.colcon_core.package_identification:_identify(.) by extensions ['ros']
[0.538s] Level 1:colcon.colcon_core.package_identification:_identify(.) by extension 'ros'
[0.550s] Level 1:colcon.colcon_core.package_identification:_identify(.) by extensions ['cmake', 'python']
[0.551s] Level 1:colcon.colcon_core.package_identification:_identify(.) by extension 'cmake'
[0.551s] Level 1:colcon.colcon_core.package_identification:_identify(.) by extension 'python'
[0.551s] Level 1:colcon.colcon_core.package_identification:_identify(.) by extensions ['python_setup_py']
[0.551s] Level 1:colcon.colcon_core.package_identification:_identify(.) by extension 'python_setup_py'
[0.551s] Level 1:colcon.colcon_core.package_identification:_identify(build) by extensions ['ignore', 'ignore_ament_install']
[0.551s] Level 1:colcon.colcon_core.package_identification:_identify(build) by extension 'ignore'
[0.551s] Level 1:colcon.colcon_core.package_identification:_identify(build) ignored
[0.551s] Level 1:colcon.colcon_core.package_identification:_identify(install) by extensions ['ignore', 'ignore_ament_install']
[0.551s] Level 1:colcon.colcon_core.package_identification:_identify(install) by extension 'ignore'
[0.551s] Level 1:colcon.colcon_core.package_identification:_identify(install) ignored
[0.551s] Level 1:colcon.colcon_core.package_identification:_identify(log) by extensions ['ignore', 'ignore_ament_install']
[0.551s] Level 1:colcon.colcon_core.package_identification:_identify(log) by extension 'ignore'
[0.551s] Level 1:colcon.colcon_core.package_identification:_identify(log) ignored
[0.551s] Level 1:colcon.colcon_core.package_identification:_identify(part1_pubsub) by extensions ['ignore', 'ignore_ament_install']
[0.552s] Level 1:colcon.colcon_core.package_identification:_identify(part1_pubsub) by extension 'ignore'
[0.552s] Level 1:colcon.colcon_core.package_identification:_identify(part1_pubsub) by extension 'ignore_ament_install'
[0.552s] Level 1:colcon.colcon_core.package_identification:_identify(part1_pubsub) by extensions ['colcon_pkg']
[0.552s] Level 1:colcon.colcon_core.package_identification:_identify(part1_pubsub) by extension 'colcon_pkg'
[0.552s] Level 1:colcon.colcon_core.package_identification:_identify(part1_pubsub) by extensions ['colcon_meta']
[0.552s] Level 1:colcon.colcon_core.package_identification:_identify(part1_pubsub) by extension 'colcon_meta'
[0.552s] Level 1:colcon.colcon_core.package_identification:_identify(part1_pubsub) by extensions ['ros']
[0.552s] Level 1:colcon.colcon_core.package_identification:_identify(part1_pubsub) by extension 'ros'
[0.555s] DEBUG:colcon.colcon_core.package_identification:Package 'part1_pubsub' with type 'ros.ament_cmake' and name 'part1_pubsub'
[0.556s] Level 1:colcon.colcon_core.package_identification:_identify(part2_navigation) by extensions ['ignore', 'ignore_ament_install']
[0.556s] Level 1:colcon.colcon_core.package_identification:_identify(part2_navigation) by extension 'ignore'
[0.556s] Level 1:colcon.colcon_core.package_identification:_identify(part2_navigation) by extension 'ignore_ament_install'
[0.556s] Level 1:colcon.colcon_core.package_identification:_identify(part2_navigation) by extensions ['colcon_pkg']
[0.556s] Level 1:colcon.colcon_core.package_identification:_identify(part2_navigation) by extension 'colcon_pkg'
[0.556s] Level 1:colcon.colcon_core.package_identification:_identify(part2_navigation) by extensions ['colcon_meta']
[0.556s] Level 1:colcon.colcon_core.package_identification:_identify(part2_navigation) by extension 'colcon_meta'
[0.556s] Level 1:colcon.colcon_core.package_identification:_identify(part2_navigation) by extensions ['ros']
[0.556s] Level 1:colcon.colcon_core.package_identification:_identify(part2_navigation) by extension 'ros'
[0.557s] DEBUG:colcon.colcon_core.package_identification:Package 'part2_navigation' with type 'ros.ament_cmake' and name 'part2_navigation'
[0.557s] Level 1:colcon.colcon_core.package_identification:_identify(part3_beyond_basics) by extensions ['ignore', 'ignore_ament_install']
[0.557s] Level 1:colcon.colcon_core.package_identification:_identify(part3_beyond_basics) by extension 'ignore'
[0.557s] Level 1:colcon.colcon_core.package_identification:_identify(part3_beyond_basics) by extension 'ignore_ament_install'
[0.557s] Level 1:colcon.colcon_core.package_identification:_identify(part3_beyond_basics) by extensions ['colcon_pkg']
[0.557s] Level 1:colcon.colcon_core.package_identification:_identify(part3_beyond_basics) by extension 'colcon_pkg'
[0.557s] Level 1:colcon.colcon_core.package_identification:_identify(part3_beyond_basics) by extensions ['colcon_meta']
[0.557s] Level 1:colcon.colcon_core.package_identification:_identify(part3_beyond_basics) by extension 'colcon_meta'
[0.557s] Level 1:colcon.colcon_core.package_identification:_identify(part3_beyond_basics) by extensions ['ros']
[0.557s] Level 1:colcon.colcon_core.package_identification:_identify(part3_beyond_basics) by extension 'ros'
[0.558s] DEBUG:colcon.colcon_core.package_identification:Package 'part3_beyond_basics' with type 'ros.ament_cmake' and name 'part3_beyond_basics'
[0.558s] Level 1:colcon.colcon_core.package_identification:_identify(tuos_ros) by extensions ['ignore', 'ignore_ament_install']
[0.559s] Level 1:colcon.colcon_core.package_identification:_identify(tuos_ros) by extension 'ignore'
[0.559s] Level 1:colcon.colcon_core.package_identification:_identify(tuos_ros) by extension 'ignore_ament_install'
[0.559s] Level 1:colcon.colcon_core.package_identification:_identify(tuos_ros) by extensions ['colcon_pkg']
[0.559s] Level 1:colcon.colcon_core.package_identification:_identify(tuos_ros) by extension 'colcon_pkg'
[0.559s] Level 1:colcon.colcon_core.package_identification:_identify(tuos_ros) by extensions ['colcon_meta']
[0.559s] Level 1:colcon.colcon_core.package_identification:_identify(tuos_ros) by extension 'colcon_meta'
[0.559s] Level 1:colcon.colcon_core.package_identification:_identify(tuos_ros) by extensions ['ros']
[0.559s] Level 1:colcon.colcon_core.package_identification:_identify(tuos_ros) by extension 'ros'
[0.559s] Level 1:colcon.colcon_core.package_identification:_identify(tuos_ros) by extensions ['cmake', 'python']
[0.559s] Level 1:colcon.colcon_core.package_identification:_identify(tuos_ros) by extension 'cmake'
[0.559s] Level 1:colcon.colcon_core.package_identification:_identify(tuos_ros) by extension 'python'
[0.559s] Level 1:colcon.colcon_core.package_identification:_identify(tuos_ros) by extensions ['python_setup_py']
[0.559s] Level 1:colcon.colcon_core.package_identification:_identify(tuos_ros) by extension 'python_setup_py'
[0.559s] Level 1:colcon.colcon_core.package_identification:_identify(tuos_ros/com2009_simulations) by extensions ['ignore', 'ignore_ament_install']
[0.559s] Level 1:colcon.colcon_core.package_identification:_identify(tuos_ros/com2009_simulations) by extension 'ignore'
[0.559s] Level 1:colcon.colcon_core.package_identification:_identify(tuos_ros/com2009_simulations) by extension 'ignore_ament_install'
[0.559s] Level 1:colcon.colcon_core.package_identification:_identify(tuos_ros/com2009_simulations) by extensions ['colcon_pkg']
[0.560s] Level 1:colcon.colcon_core.package_identification:_identify(tuos_ros/com2009_simulations) by extension 'colcon_pkg'
[0.560s] Level 1:colcon.colcon_core.package_identification:_identify(tuos_ros/com2009_simulations) by extensions ['colcon_meta']
[0.560s] Level 1:colcon.colcon_core.package_identification:_identify(tuos_ros/com2009_simulations) by extension 'colcon_meta'
[0.560s] Level 1:colcon.colcon_core.package_identification:_identify(tuos_ros/com2009_simulations) by extensions ['ros']
[0.560s] Level 1:colcon.colcon_core.package_identification:_identify(tuos_ros/com2009_simulations) by extension 'ros'
[0.560s] DEBUG:colcon.colcon_core.package_identification:Package 'tuos_ros/com2009_simulations' with type 'ros.ament_cmake' and name 'com2009_simulations'
[0.561s] Level 1:colcon.colcon_core.package_identification:_identify(tuos_ros/tuos_examples) by extensions ['ignore', 'ignore_ament_install']
[0.561s] Level 1:colcon.colcon_core.package_identification:_identify(tuos_ros/tuos_examples) by extension 'ignore'
[0.561s] Level 1:colcon.colcon_core.package_identification:_identify(tuos_ros/tuos_examples) by extension 'ignore_ament_install'
[0.562s] Level 1:colcon.colcon_core.package_identification:_identify(tuos_ros/tuos_examples) by extensions ['colcon_pkg']
[0.562s] Level 1:colcon.colcon_core.package_identification:_identify(tuos_ros/tuos_examples) by extension 'colcon_pkg'
[0.562s] Level 1:colcon.colcon_core.package_identification:_identify(tuos_ros/tuos_examples) by extensions ['colcon_meta']
[0.562s] Level 1:colcon.colcon_core.package_identification:_identify(tuos_ros/tuos_examples) by extension 'colcon_meta'
[0.562s] Level 1:colcon.colcon_core.package_identification:_identify(tuos_ros/tuos_examples) by extensions ['ros']
[0.562s] Level 1:colcon.colcon_core.package_identification:_identify(tuos_ros/tuos_examples) by extension 'ros'
[0.562s] DEBUG:colcon.colcon_core.package_identification:Package 'tuos_ros/tuos_examples' with type 'ros.ament_cmake' and name 'tuos_examples'
[0.563s] Level 1:colcon.colcon_core.package_identification:_identify(tuos_ros/tuos_interfaces) by extensions ['ignore', 'ignore_ament_install']
[0.563s] Level 1:colcon.colcon_core.package_identification:_identify(tuos_ros/tuos_interfaces) by extension 'ignore'
[0.563s] Level 1:colcon.colcon_core.package_identification:_identify(tuos_ros/tuos_interfaces) by extension 'ignore_ament_install'
[0.563s] Level 1:colcon.colcon_core.package_identification:_identify(tuos_ros/tuos_interfaces) by extensions ['colcon_pkg']
[0.563s] Level 1:colcon.colcon_core.package_identification:_identify(tuos_ros/tuos_interfaces) by extension 'colcon_pkg'
[0.563s] Level 1:colcon.colcon_core.package_identification:_identify(tuos_ros/tuos_interfaces) by extensions ['colcon_meta']
[0.563s] Level 1:colcon.colcon_core.package_identification:_identify(tuos_ros/tuos_interfaces) by extension 'colcon_meta'
[0.563s] Level 1:colcon.colcon_core.package_identification:_identify(tuos_ros/tuos_interfaces) by extensions ['ros']
[0.563s] Level 1:colcon.colcon_core.package_identification:_identify(tuos_ros/tuos_interfaces) by extension 'ros'
[0.565s] DEBUG:colcon.colcon_core.package_identification:Package 'tuos_ros/tuos_interfaces' with type 'ros.ament_cmake' and name 'tuos_interfaces'
[0.565s] Level 1:colcon.colcon_core.package_identification:_identify(tuos_ros/tuos_ros) by extensions ['ignore', 'ignore_ament_install']
[0.565s] Level 1:colcon.colcon_core.package_identification:_identify(tuos_ros/tuos_ros) by extension 'ignore'
[0.565s] Level 1:colcon.colcon_core.package_identification:_identify(tuos_ros/tuos_ros) by extension 'ignore_ament_install'
[0.565s] Level 1:colcon.colcon_core.package_identification:_identify(tuos_ros/tuos_ros) by extensions ['colcon_pkg']
[0.565s] Level 1:colcon.colcon_core.package_identification:_identify(tuos_ros/tuos_ros) by extension 'colcon_pkg'
[0.565s] Level 1:colcon.colcon_core.package_identification:_identify(tuos_ros/tuos_ros) by extensions ['colcon_meta']
[0.565s] Level 1:colcon.colcon_core.package_identification:_identify(tuos_ros/tuos_ros) by extension 'colcon_meta'
[0.565s] Level 1:colcon.colcon_core.package_identification:_identify(tuos_ros/tuos_ros) by extensions ['ros']
[0.565s] Level 1:colcon.colcon_core.package_identification:_identify(tuos_ros/tuos_ros) by extension 'ros'
[0.566s] DEBUG:colcon.colcon_core.package_identification:Package 'tuos_ros/tuos_ros' with type 'ros.ament_cmake' and name 'tuos_ros'
[0.567s] Level 1:colcon.colcon_core.package_identification:_identify(tuos_ros/tuos_simulations) by extensions ['ignore', 'ignore_ament_install']
[0.567s] Level 1:colcon.colcon_core.package_identification:_identify(tuos_ros/tuos_simulations) by extension 'ignore'
[0.567s] Level 1:colcon.colcon_core.package_identification:_identify(tuos_ros/tuos_simulations) by extension 'ignore_ament_install'
[0.567s] Level 1:colcon.colcon_core.package_identification:_identify(tuos_ros/tuos_simulations) by extensions ['colcon_pkg']
[0.567s] Level 1:colcon.colcon_core.package_identification:_identify(tuos_ros/tuos_simulations) by extension 'colcon_pkg'
[0.567s] Level 1:colcon.colcon_core.package_identification:_identify(tuos_ros/tuos_simulations) by extensions ['colcon_meta']
[0.567s] Level 1:colcon.colcon_core.package_identification:_identify(tuos_ros/tuos_simulations) by extension 'colcon_meta'
[0.567s] Level 1:colcon.colcon_core.package_identification:_identify(tuos_ros/tuos_simulations) by extensions ['ros']
[0.567s] Level 1:colcon.colcon_core.package_identification:_identify(tuos_ros/tuos_simulations) by extension 'ros'
[0.568s] DEBUG:colcon.colcon_core.package_identification:Package 'tuos_ros/tuos_simulations' with type 'ros.ament_cmake' and name 'tuos_simulations'
[0.569s] Level 1:colcon.colcon_core.package_identification:_identify(tuos_ros/tuos_tb3_tools) by extensions ['ignore', 'ignore_ament_install']
[0.569s] Level 1:colcon.colcon_core.package_identification:_identify(tuos_ros/tuos_tb3_tools) by extension 'ignore'
[0.569s] Level 1:colcon.colcon_core.package_identification:_identify(tuos_ros/tuos_tb3_tools) by extension 'ignore_ament_install'
[0.569s] Level 1:colcon.colcon_core.package_identification:_identify(tuos_ros/tuos_tb3_tools) by extensions ['colcon_pkg']
[0.569s] Level 1:colcon.colcon_core.package_identification:_identify(tuos_ros/tuos_tb3_tools) by extension 'colcon_pkg'
[0.569s] Level 1:colcon.colcon_core.package_identification:_identify(tuos_ros/tuos_tb3_tools) by extensions ['colcon_meta']
[0.569s] Level 1:colcon.colcon_core.package_identification:_identify(tuos_ros/tuos_tb3_tools) by extension 'colcon_meta'
[0.569s] Level 1:colcon.colcon_core.package_identification:_identify(tuos_ros/tuos_tb3_tools) by extensions ['ros']
[0.569s] Level 1:colcon.colcon_core.package_identification:_identify(tuos_ros/tuos_tb3_tools) by extension 'ros'
[0.570s] DEBUG:colcon.colcon_core.package_identification:Package 'tuos_ros/tuos_tb3_tools' with type 'ros.ament_cmake' and name 'tuos_tb3_tools'
[0.570s] Level 1:colcon.colcon_core.package_discovery:discover_packages(recursive) using defaults
[0.570s] Level 1:colcon.colcon_core.package_discovery:discover_packages(ignore) discover
[0.570s] Level 1:colcon.colcon_core.package_discovery:discover_packages(ignore) using defaults
[0.570s] Level 1:colcon.colcon_core.package_discovery:discover_packages(path) discover
[0.570s] Level 1:colcon.colcon_core.package_discovery:discover_packages(path) using defaults
[0.608s] INFO:colcon.colcon_core.package_selection:Skipping not selected package 'part1_pubsub' in 'part1_pubsub'
[0.608s] INFO:colcon.colcon_core.package_selection:Skipping not selected package 'part2_navigation' in 'part2_navigation'
[0.608s] INFO:colcon.colcon_core.package_selection:Skipping not selected package 'tuos_examples' in 'tuos_ros/tuos_examples'
[0.608s] INFO:colcon.colcon_core.package_selection:Skipping not selected package 'tuos_interfaces' in 'tuos_ros/tuos_interfaces'
[0.608s] INFO:colcon.colcon_core.package_selection:Skipping not selected package 'tuos_simulations' in 'tuos_ros/tuos_simulations'
[0.608s] INFO:colcon.colcon_core.package_selection:Skipping not selected package 'tuos_tb3_tools' in 'tuos_ros/tuos_tb3_tools'
[0.608s] INFO:colcon.colcon_core.package_selection:Skipping not selected package 'com2009_simulations' in 'tuos_ros/com2009_simulations'
[0.608s] INFO:colcon.colcon_core.package_selection:Skipping not selected package 'tuos_ros' in 'tuos_ros/tuos_ros'
[0.608s] Level 5:colcon.colcon_core.verb:set package 'part3_beyond_basics' build argument 'cmake_args' from command line to 'None'
[0.608s] Level 5:colcon.colcon_core.verb:set package 'part3_beyond_basics' build argument 'cmake_target' from command line to 'None'
[0.608s] Level 5:colcon.colcon_core.verb:set package 'part3_beyond_basics' build argument 'cmake_target_skip_unavailable' from command line to 'False'
[0.608s] Level 5:colcon.colcon_core.verb:set package 'part3_beyond_basics' build argument 'cmake_clean_cache' from command line to 'False'
[0.608s] Level 5:colcon.colcon_core.verb:set package 'part3_beyond_basics' build argument 'cmake_clean_first' from command line to 'False'
[0.608s] Level 5:colcon.colcon_core.verb:set package 'part3_beyond_basics' build argument 'cmake_force_configure' from command line to 'False'
[0.608s] Level 5:colcon.colcon_core.verb:set package 'part3_beyond_basics' build argument 'ament_cmake_args' from command line to 'None'
[0.608s] Level 5:colcon.colcon_core.verb:set package 'part3_beyond_basics' build argument 'catkin_cmake_args' from command line to 'None'
[0.609s] Level 5:colcon.colcon_core.verb:set package 'part3_beyond_basics' build argument 'catkin_skip_building_tests' from command line to 'False'
[0.609s] DEBUG:colcon.colcon_core.verb:Building package 'part3_beyond_basics' with the following arguments: {'ament_cmake_args': None, 'build_base': '/home/student/ros2_ws/src/build/part3_beyond_basics', 'catkin_cmake_args': None, 'catkin_skip_building_tests': False, 'cmake_args': None, 'cmake_clean_cache': False, 'cmake_clean_first': False, 'cmake_force_configure': False, 'cmake_target': None, 'cmake_target_skip_unavailable': False, 'install_base': '/home/student/ros2_ws/src/install/part3_beyond_basics', 'merge_install': False, 'path': '/home/student/ros2_ws/src/part3_beyond_basics', 'symlink_install': True, 'test_result_base': None}
[0.609s] INFO:colcon.colcon_core.executor:Executing jobs using 'parallel' executor
[0.610s] DEBUG:colcon.colcon_parallel_executor.executor.parallel:run_until_complete
[0.610s] INFO:colcon.colcon_ros.task.ament_cmake.build:Building ROS package in '/home/student/ros2_ws/src/part3_beyond_basics' with build type 'ament_cmake'
[0.611s] INFO:colcon.colcon_cmake.task.cmake.build:Building CMake package in '/home/student/ros2_ws/src/part3_beyond_basics'
[0.617s] INFO:colcon.colcon_core.plugin_system:Skipping extension 'colcon_core.shell.bat': Not used on non-Windows systems
[0.617s] INFO:colcon.colcon_core.shell:Skip shell extension 'powershell' for command environment: Not usable outside of PowerShell
[0.617s] DEBUG:colcon.colcon_core.shell:Skip shell extension 'dsv' for command environment
[0.634s] DEBUG:colcon.colcon_core.event_handler.log_command:Invoking command in '/home/student/ros2_ws/src/build/part3_beyond_basics': CMAKE_PREFIX_PATH=${CMAKE_PREFIX_PATH}:/opt/ros/humble /usr/bin/cmake /home/student/ros2_ws/src/part3_beyond_basics -DAMENT_CMAKE_SYMLINK_INSTALL=1 -DCMAKE_INSTALL_PREFIX=/home/student/ros2_ws/src/install/part3_beyond_basics
[4.865s] DEBUG:colcon.colcon_core.event_handler.log_command:Invoked command in '/home/student/ros2_ws/src/build/part3_beyond_basics' returned '0': CMAKE_PREFIX_PATH=${CMAKE_PREFIX_PATH}:/opt/ros/humble /usr/bin/cmake /home/student/ros2_ws/src/part3_beyond_basics -DAMENT_CMAKE_SYMLINK_INSTALL=1 -DCMAKE_INSTALL_PREFIX=/home/student/ros2_ws/src/install/part3_beyond_basics
[4.868s] DEBUG:colcon.colcon_core.event_handler.log_command:Invoking command in '/home/student/ros2_ws/src/build/part3_beyond_basics': CMAKE_PREFIX_PATH=${CMAKE_PREFIX_PATH}:/opt/ros/humble /usr/bin/cmake --build /home/student/ros2_ws/src/build/part3_beyond_basics -- -j12 -l12
[7.326s] DEBUG:colcon.colcon_core.event_handler.log_command:Invoked command in '/home/student/ros2_ws/src/build/part3_beyond_basics' returned '0': CMAKE_PREFIX_PATH=${CMAKE_PREFIX_PATH}:/opt/ros/humble /usr/bin/cmake --build /home/student/ros2_ws/src/build/part3_beyond_basics -- -j12 -l12
[7.334s] DEBUG:colcon.colcon_core.event_handler.log_command:Invoking command in '/home/student/ros2_ws/src/build/part3_beyond_basics': CMAKE_PREFIX_PATH=${CMAKE_PREFIX_PATH}:/opt/ros/humble /usr/bin/cmake --install /home/student/ros2_ws/src/build/part3_beyond_basics
[7.531s] Level 1:colcon.colcon_core.environment:create_environment_scripts_only(part3_beyond_basics)
[7.532s] DEBUG:colcon.colcon_core.event_handler.log_command:Invoked command in '/home/student/ros2_ws/src/build/part3_beyond_basics' returned '0': CMAKE_PREFIX_PATH=${CMAKE_PREFIX_PATH}:/opt/ros/humble /usr/bin/cmake --install /home/student/ros2_ws/src/build/part3_beyond_basics
[7.543s] Level 1:colcon.colcon_core.environment:checking '/home/student/ros2_ws/src/install/part3_beyond_basics' for CMake module files
[7.543s] Level 1:colcon.colcon_core.environment:checking '/home/student/ros2_ws/src/install/part3_beyond_basics' for CMake config files
[7.543s] Level 1:colcon.colcon_core.shell:create_environment_hook('part3_beyond_basics', 'cmake_prefix_path')
[7.544s] INFO:colcon.colcon_core.shell:Creating environment hook '/home/student/ros2_ws/src/install/part3_beyond_basics/share/part3_beyond_basics/hook/cmake_prefix_path.ps1'
[7.545s] INFO:colcon.colcon_core.shell:Creating environment descriptor '/home/student/ros2_ws/src/install/part3_beyond_basics/share/part3_beyond_basics/hook/cmake_prefix_path.dsv'
[7.546s] INFO:colcon.colcon_core.shell:Creating environment hook '/home/student/ros2_ws/src/install/part3_beyond_basics/share/part3_beyond_basics/hook/cmake_prefix_path.sh'
[7.547s] Level 1:colcon.colcon_core.environment:checking '/home/student/ros2_ws/src/install/part3_beyond_basics/lib'
[7.548s] Level 1:colcon.colcon_core.environment:checking '/home/student/ros2_ws/src/install/part3_beyond_basics/bin'
[7.548s] Level 1:colcon.colcon_core.environment:checking '/home/student/ros2_ws/src/install/part3_beyond_basics/lib/pkgconfig/part3_beyond_basics.pc'
[7.549s] Level 1:colcon.colcon_core.environment:checking '/home/student/ros2_ws/src/install/part3_beyond_basics/lib/python3.10/site-packages'
[7.549s] Level 1:colcon.colcon_core.environment:checking '/home/student/ros2_ws/src/install/part3_beyond_basics/bin'
[7.549s] INFO:colcon.colcon_core.shell:Creating package script '/home/student/ros2_ws/src/install/part3_beyond_basics/share/part3_beyond_basics/package.ps1'
[7.551s] INFO:colcon.colcon_core.shell:Creating package descriptor '/home/student/ros2_ws/src/install/part3_beyond_basics/share/part3_beyond_basics/package.dsv'
[7.552s] INFO:colcon.colcon_core.shell:Creating package script '/home/student/ros2_ws/src/install/part3_beyond_basics/share/part3_beyond_basics/package.sh'
[7.554s] INFO:colcon.colcon_core.shell:Creating package script '/home/student/ros2_ws/src/install/part3_beyond_basics/share/part3_beyond_basics/package.bash'
[7.555s] INFO:colcon.colcon_core.shell:Creating package script '/home/student/ros2_ws/src/install/part3_beyond_basics/share/part3_beyond_basics/package.zsh'
[7.556s] Level 1:colcon.colcon_core.environment:create_file_with_runtime_dependencies(/home/student/ros2_ws/src/install/part3_beyond_basics/share/colcon-core/packages/part3_beyond_basics)
[7.557s] Level 1:colcon.colcon_core.environment:create_environment_scripts_only(part3_beyond_basics)
[7.557s] Level 1:colcon.colcon_core.environment:checking '/home/student/ros2_ws/src/install/part3_beyond_basics' for CMake module files
[7.557s] Level 1:colcon.colcon_core.environment:checking '/home/student/ros2_ws/src/install/part3_beyond_basics' for CMake config files
[7.558s] Level 1:colcon.colcon_core.shell:create_environment_hook('part3_beyond_basics', 'cmake_prefix_path')
[7.558s] INFO:colcon.colcon_core.shell:Creating environment hook '/home/student/ros2_ws/src/install/part3_beyond_basics/share/part3_beyond_basics/hook/cmake_prefix_path.ps1'
[7.558s] INFO:colcon.colcon_core.shell:Creating environment descriptor '/home/student/ros2_ws/src/install/part3_beyond_basics/share/part3_beyond_basics/hook/cmake_prefix_path.dsv'
[7.558s] INFO:colcon.colcon_core.shell:Creating environment hook '/home/student/ros2_ws/src/install/part3_beyond_basics/share/part3_beyond_basics/hook/cmake_prefix_path.sh'
[7.559s] Level 1:colcon.colcon_core.environment:checking '/home/student/ros2_ws/src/install/part3_beyond_basics/lib'
[7.559s] Level 1:colcon.colcon_core.environment:checking '/home/student/ros2_ws/src/install/part3_beyond_basics/bin'
[7.559s] Level 1:colcon.colcon_core.environment:checking '/home/student/ros2_ws/src/install/part3_beyond_basics/lib/pkgconfig/part3_beyond_basics.pc'
[7.559s] Level 1:colcon.colcon_core.environment:checking '/home/student/ros2_ws/src/install/part3_beyond_basics/lib/python3.10/site-packages'
[7.559s] Level 1:colcon.colcon_core.environment:checking '/home/student/ros2_ws/src/install/part3_beyond_basics/bin'
[7.559s] INFO:colcon.colcon_core.shell:Creating package script '/home/student/ros2_ws/src/install/part3_beyond_basics/share/part3_beyond_basics/package.ps1'
[7.560s] INFO:colcon.colcon_core.shell:Creating package descriptor '/home/student/ros2_ws/src/install/part3_beyond_basics/share/part3_beyond_basics/package.dsv'
[7.560s] INFO:colcon.colcon_core.shell:Creating package script '/home/student/ros2_ws/src/install/part3_beyond_basics/share/part3_beyond_basics/package.sh'
[7.560s] INFO:colcon.colcon_core.shell:Creating package script '/home/student/ros2_ws/src/install/part3_beyond_basics/share/part3_beyond_basics/package.bash'
[7.561s] INFO:colcon.colcon_core.shell:Creating package script '/home/student/ros2_ws/src/install/part3_beyond_basics/share/part3_beyond_basics/package.zsh'
[7.561s] Level 1:colcon.colcon_core.environment:create_file_with_runtime_dependencies(/home/student/ros2_ws/src/install/part3_beyond_basics/share/colcon-core/packages/part3_beyond_basics)
[7.561s] DEBUG:colcon.colcon_parallel_executor.executor.parallel:closing loop
[7.562s] DEBUG:colcon.colcon_parallel_executor.executor.parallel:loop closed
[7.562s] DEBUG:colcon.colcon_parallel_executor.executor.parallel:run_until_complete finished with '0'
[7.562s] DEBUG:colcon.colcon_core.event_reactor:joining thread
[7.594s] INFO:colcon.colcon_core.plugin_system:Skipping extension 'colcon_notification.desktop_notification.notify_send': Could not find 'notify-send'
[7.595s] INFO:colcon.colcon_core.plugin_system:Skipping extension 'colcon_notification.desktop_notification.terminal_notifier': Not used on non-Darwin systems
[7.595s] INFO:colcon.colcon_core.plugin_system:Skipping extension 'colcon_notification.desktop_notification.win32': Not used on non-Windows systems
[7.595s] INFO:colcon.colcon_notification.desktop_notification:Sending desktop notification using 'notify2'
[7.614s] DEBUG:colcon.colcon_notification.desktop_notification.notify2:Failed to initialize notify2: org.freedesktop.DBus.Error.Spawn.ExecFailed: /usr/bin/dbus-launch terminated abnormally without any error message
[7.614s] DEBUG:colcon.colcon_core.event_reactor:joined thread
[7.615s] INFO:colcon.colcon_core.shell:Creating prefix script '/home/student/ros2_ws/src/install/local_setup.ps1'
[7.616s] INFO:colcon.colcon_core.shell:Creating prefix util module '/home/student/ros2_ws/src/install/_local_setup_util_ps1.py'
[7.617s] INFO:colcon.colcon_core.shell:Creating prefix chain script '/home/student/ros2_ws/src/install/setup.ps1'
[7.619s] INFO:colcon.colcon_core.shell:Creating prefix script '/home/student/ros2_ws/src/install/local_setup.sh'
[7.620s] INFO:colcon.colcon_core.shell:Creating prefix util module '/home/student/ros2_ws/src/install/_local_setup_util_sh.py'
[7.620s] INFO:colcon.colcon_core.shell:Creating prefix chain script '/home/student/ros2_ws/src/install/setup.sh'
[7.621s] INFO:colcon.colcon_core.shell:Creating prefix script '/home/student/ros2_ws/src/install/local_setup.bash'
[7.622s] INFO:colcon.colcon_core.shell:Creating prefix chain script '/home/student/ros2_ws/src/install/setup.bash'
[7.623s] INFO:colcon.colcon_core.shell:Creating prefix script '/home/student/ros2_ws/src/install/local_setup.zsh'
[7.624s] INFO:colcon.colcon_core.shell:Creating prefix chain script '/home/student/ros2_ws/src/install/setup.zsh'
