[0.115s] Invoking command in '/home/student/ros2_ws/build/tuos_ros': CMAKE_PREFIX_PATH=/home/student/ros2_ws/install/com2009_simulations:/home/student/ros2_ws/install/tuos_tb3_tools:/home/student/ros2_ws/install/tuos_simulations:/home/student/ros2_ws/install/tuos_interfaces:/home/student/ros2_ws/install/tuos_examples:/home/student/ros2_ws/install/tuos_ros:/home/student/ros2_ws/install/part1_pubsub:/opt/ros/humble LD_LIBRARY_PATH=/home/student/ros2_ws/install/tuos_interfaces/lib:/home/student/ros2_ws/install/part1_pubsub/lib:/usr/lib/x86_64-linux-gnu/gazebo-11/plugins:/opt/ros/humble/opt/rviz_ogre_vendor/lib:/opt/ros/humble/lib/x86_64-linux-gnu:/opt/ros/humble/lib:/usr/share/gazebo/../../lib/x86_64-linux-gnu/gazebo-11/plugins /usr/bin/cmake --build /home/student/ros2_ws/build/tuos_ros -- -j12 -l12
[0.136s] Invoked command in '/home/student/ros2_ws/build/tuos_ros' returned '0': CMAKE_PREFIX_PATH=/home/student/ros2_ws/install/com2009_simulations:/home/student/ros2_ws/install/tuos_tb3_tools:/home/student/ros2_ws/install/tuos_simulations:/home/student/ros2_ws/install/tuos_interfaces:/home/student/ros2_ws/install/tuos_examples:/home/student/ros2_ws/install/tuos_ros:/home/student/ros2_ws/install/part1_pubsub:/opt/ros/humble LD_LIBRARY_PATH=/home/student/ros2_ws/install/tuos_interfaces/lib:/home/student/ros2_ws/install/part1_pubsub/lib:/usr/lib/x86_64-linux-gnu/gazebo-11/plugins:/opt/ros/humble/opt/rviz_ogre_vendor/lib:/opt/ros/humble/lib/x86_64-linux-gnu:/opt/ros/humble/lib:/usr/share/gazebo/../../lib/x86_64-linux-gnu/gazebo-11/plugins /usr/bin/cmake --build /home/student/ros2_ws/build/tuos_ros -- -j12 -l12
[0.138s] Invoking command in '/home/student/ros2_ws/build/tuos_ros': CMAKE_PREFIX_PATH=/home/student/ros2_ws/install/com2009_simulations:/home/student/ros2_ws/install/tuos_tb3_tools:/home/student/ros2_ws/install/tuos_simulations:/home/student/ros2_ws/install/tuos_interfaces:/home/student/ros2_ws/install/tuos_examples:/home/student/ros2_ws/install/tuos_ros:/home/student/ros2_ws/install/part1_pubsub:/opt/ros/humble LD_LIBRARY_PATH=/home/student/ros2_ws/install/tuos_interfaces/lib:/home/student/ros2_ws/install/part1_pubsub/lib:/usr/lib/x86_64-linux-gnu/gazebo-11/plugins:/opt/ros/humble/opt/rviz_ogre_vendor/lib:/opt/ros/humble/lib/x86_64-linux-gnu:/opt/ros/humble/lib:/usr/share/gazebo/../../lib/x86_64-linux-gnu/gazebo-11/plugins /usr/bin/cmake --install /home/student/ros2_ws/build/tuos_ros
[0.142s] -- Install configuration: ""
[0.142s] -- Up-to-date: /home/student/ros2_ws/install/tuos_ros/share/ament_index/resource_index/package_run_dependencies/tuos_ros
[0.142s] -- Up-to-date: /home/student/ros2_ws/install/tuos_ros/share/ament_index/resource_index/parent_prefix_path/tuos_ros
[0.142s] -- Up-to-date: /home/student/ros2_ws/install/tuos_ros/share/tuos_ros/environment/ament_prefix_path.sh
[0.143s] -- Up-to-date: /home/student/ros2_ws/install/tuos_ros/share/tuos_ros/environment/ament_prefix_path.dsv
[0.143s] -- Up-to-date: /home/student/ros2_ws/install/tuos_ros/share/tuos_ros/environment/path.sh
[0.143s] -- Up-to-date: /home/student/ros2_ws/install/tuos_ros/share/tuos_ros/environment/path.dsv
[0.143s] -- Up-to-date: /home/student/ros2_ws/install/tuos_ros/share/tuos_ros/local_setup.bash
[0.143s] -- Up-to-date: /home/student/ros2_ws/install/tuos_ros/share/tuos_ros/local_setup.sh
[0.144s] -- Up-to-date: /home/student/ros2_ws/install/tuos_ros/share/tuos_ros/local_setup.zsh
[0.144s] -- Up-to-date: /home/student/ros2_ws/install/tuos_ros/share/tuos_ros/local_setup.dsv
[0.144s] -- Up-to-date: /home/student/ros2_ws/install/tuos_ros/share/tuos_ros/package.dsv
[0.144s] -- Up-to-date: /home/student/ros2_ws/install/tuos_ros/share/ament_index/resource_index/packages/tuos_ros
[0.145s] -- Up-to-date: /home/student/ros2_ws/install/tuos_ros/share/tuos_ros/cmake/tuos_rosConfig.cmake
[0.146s] -- Up-to-date: /home/student/ros2_ws/install/tuos_ros/share/tuos_ros/cmake/tuos_rosConfig-version.cmake
[0.146s] -- Up-to-date: /home/student/ros2_ws/install/tuos_ros/share/tuos_ros/package.xml
[0.147s] Invoked command in '/home/student/ros2_ws/build/tuos_ros' returned '0': CMAKE_PREFIX_PATH=/home/student/ros2_ws/install/com2009_simulations:/home/student/ros2_ws/install/tuos_tb3_tools:/home/student/ros2_ws/install/tuos_simulations:/home/student/ros2_ws/install/tuos_interfaces:/home/student/ros2_ws/install/tuos_examples:/home/student/ros2_ws/install/tuos_ros:/home/student/ros2_ws/install/part1_pubsub:/opt/ros/humble LD_LIBRARY_PATH=/home/student/ros2_ws/install/tuos_interfaces/lib:/home/student/ros2_ws/install/part1_pubsub/lib:/usr/lib/x86_64-linux-gnu/gazebo-11/plugins:/opt/ros/humble/opt/rviz_ogre_vendor/lib:/opt/ros/humble/lib/x86_64-linux-gnu:/opt/ros/humble/lib:/usr/share/gazebo/../../lib/x86_64-linux-gnu/gazebo-11/plugins /usr/bin/cmake --install /home/student/ros2_ws/build/tuos_ros
