[0.087s] Invoking command in '/home/student/ros2_ws/build/acs6121_team08_2025': CMAKE_PREFIX_PATH=/home/student/ros2_ws/install/tuos_simulations:/home/student/ros2_ws/install/tuos_ros:/home/student/ros2_ws/install/tuos_tb3_tools:/home/student/ros2_ws/install/com2009_simulations:/home/student/ros2_ws/install/acs6121_team08_2025:/home/student/ros2_ws/install/tuos_interfaces:/home/student/ros2_ws/install/tuos_examples:/home/student/ros2_ws/install/part3_beyond_basics:/home/student/ros2_ws/install/part2_navigation:/home/student/ros2_ws/install/part1_pubsub:/opt/ros/humble /usr/bin/cmake --build /home/student/ros2_ws/build/acs6121_team08_2025 -- -j12 -l12
[0.128s] -- Found ament_cmake: 1.3.11 (/opt/ros/humble/share/ament_cmake/cmake)
[0.373s] -- Override CMake install command with custom implementation using symlinks instead of copying resources
[0.385s] -- Found rclpy: 3.3.15 (/opt/ros/humble/share/rclpy/cmake)
[0.386s] -- Found rclcpp: 16.0.11 (/opt/ros/humble/share/rclcpp/cmake)
[0.646s] -- Found rosidl_generator_c: 3.1.6 (/opt/ros/humble/share/rosidl_generator_c/cmake)
[0.651s] -- Found rosidl_adapter: 3.1.6 (/opt/ros/humble/share/rosidl_adapter/cmake)
[0.658s] -- Found rosidl_generator_cpp: 3.1.6 (/opt/ros/humble/share/rosidl_generator_cpp/cmake)
[0.672s] -- Using all available rosidl_typesupport_c: rosidl_typesupport_fastrtps_c;rosidl_typesupport_introspection_c
[0.698s] -- Using all available rosidl_typesupport_cpp: rosidl_typesupport_fastrtps_cpp;rosidl_typesupport_introspection_cpp
[0.756s] -- Found rmw_implementation_cmake: 6.1.2 (/opt/ros/humble/share/rmw_implementation_cmake/cmake)
[0.758s] -- Found rmw_fastrtps_cpp: 6.2.7 (/opt/ros/humble/share/rmw_fastrtps_cpp/cmake)
[6.972s] -- Using RMW implementation 'rmw_fastrtps_cpp' as default
[7.332s] -- Configuring done
[7.343s] -- Generating done
[7.348s] -- Build files have been written to: /home/student/ros2_ws/build/acs6121_team08_2025
[7.445s] Built target ament_cmake_python_symlink_acs6121_team08_2025_modules
[7.957s] running egg_info
[7.960s] writing acs6121_team08_2025_modules.egg-info/PKG-INFO
[7.962s] writing dependency_links to acs6121_team08_2025_modules.egg-info/dependency_links.txt
[7.963s] writing top-level names to acs6121_team08_2025_modules.egg-info/top_level.txt
[7.969s] reading manifest file 'acs6121_team08_2025_modules.egg-info/SOURCES.txt'
[7.971s] writing manifest file 'acs6121_team08_2025_modules.egg-info/SOURCES.txt'
[8.040s] Built target ament_cmake_python_build_acs6121_team08_2025_modules_egg
[8.062s] Invoked command in '/home/student/ros2_ws/build/acs6121_team08_2025' returned '0': CMAKE_PREFIX_PATH=/home/student/ros2_ws/install/tuos_simulations:/home/student/ros2_ws/install/tuos_ros:/home/student/ros2_ws/install/tuos_tb3_tools:/home/student/ros2_ws/install/com2009_simulations:/home/student/ros2_ws/install/acs6121_team08_2025:/home/student/ros2_ws/install/tuos_interfaces:/home/student/ros2_ws/install/tuos_examples:/home/student/ros2_ws/install/part3_beyond_basics:/home/student/ros2_ws/install/part2_navigation:/home/student/ros2_ws/install/part1_pubsub:/opt/ros/humble /usr/bin/cmake --build /home/student/ros2_ws/build/acs6121_team08_2025 -- -j12 -l12
[8.080s] Invoking command in '/home/student/ros2_ws/build/acs6121_team08_2025': CMAKE_PREFIX_PATH=/home/student/ros2_ws/install/tuos_simulations:/home/student/ros2_ws/install/tuos_ros:/home/student/ros2_ws/install/tuos_tb3_tools:/home/student/ros2_ws/install/com2009_simulations:/home/student/ros2_ws/install/acs6121_team08_2025:/home/student/ros2_ws/install/tuos_interfaces:/home/student/ros2_ws/install/tuos_examples:/home/student/ros2_ws/install/part3_beyond_basics:/home/student/ros2_ws/install/part2_navigation:/home/student/ros2_ws/install/part1_pubsub:/opt/ros/humble /usr/bin/cmake --install /home/student/ros2_ws/build/acs6121_team08_2025
[8.086s] -- Install configuration: ""
[8.087s] -- Execute custom install script
[8.087s] -- Up-to-date symlink: /home/student/ros2_ws/install/acs6121_team08_2025/share/acs6121_team08_2025/environment/pythonpath.sh
[8.087s] -- Up-to-date symlink: /home/student/ros2_ws/install/acs6121_team08_2025/share/acs6121_team08_2025/environment/pythonpath.dsv
[8.088s] -- Up-to-date symlink: /home/student/ros2_ws/install/acs6121_team08_2025/local/lib/python3.10/dist-packages/acs6121_team08_2025_modules-0.0.0-py3.10.egg-info/PKG-INFO
[8.088s] -- Up-to-date symlink: /home/student/ros2_ws/install/acs6121_team08_2025/local/lib/python3.10/dist-packages/acs6121_team08_2025_modules-0.0.0-py3.10.egg-info/SOURCES.txt
[8.088s] -- Up-to-date symlink: /home/student/ros2_ws/install/acs6121_team08_2025/local/lib/python3.10/dist-packages/acs6121_team08_2025_modules-0.0.0-py3.10.egg-info/dependency_links.txt
[8.088s] -- Up-to-date symlink: /home/student/ros2_ws/install/acs6121_team08_2025/local/lib/python3.10/dist-packages/acs6121_team08_2025_modules-0.0.0-py3.10.egg-info/top_level.txt
[8.088s] -- Up-to-date symlink: /home/student/ros2_ws/install/acs6121_team08_2025/local/lib/python3.10/dist-packages/acs6121_team08_2025_modules/__init__.py
[8.089s] -- Up-to-date symlink: /home/student/ros2_ws/install/acs6121_team08_2025/local/lib/python3.10/dist-packages/acs6121_team08_2025_modules/tb3_tools.py
[8.089s] -- Up-to-date symlink: /home/student/ros2_ws/install/acs6121_team08_2025/lib/acs6121_team08_2025/explorer_node.py
[8.089s] -- Up-to-date symlink: /home/student/ros2_ws/install/acs6121_team08_2025/lib/acs6121_team08_2025/map_saver_client.py
[8.089s] -- Up-to-date symlink: /home/student/ros2_ws/install/acs6121_team08_2025/share/acs6121_team08_2025/launch/explore.launch.py
[8.089s] -- Up-to-date symlink: /home/student/ros2_ws/install/acs6121_team08_2025/share/ament_index/resource_index/package_run_dependencies/acs6121_team08_2025
[8.090s] -- Up-to-date symlink: /home/student/ros2_ws/install/acs6121_team08_2025/share/ament_index/resource_index/parent_prefix_path/acs6121_team08_2025
[8.090s] -- Up-to-date symlink: /home/student/ros2_ws/install/acs6121_team08_2025/share/acs6121_team08_2025/environment/ament_prefix_path.sh
[8.090s] -- Up-to-date symlink: /home/student/ros2_ws/install/acs6121_team08_2025/share/acs6121_team08_2025/environment/ament_prefix_path.dsv
[8.090s] -- Up-to-date symlink: /home/student/ros2_ws/install/acs6121_team08_2025/share/acs6121_team08_2025/environment/path.sh
[8.091s] -- Up-to-date symlink: /home/student/ros2_ws/install/acs6121_team08_2025/share/acs6121_team08_2025/environment/path.dsv
[8.091s] -- Up-to-date symlink: /home/student/ros2_ws/install/acs6121_team08_2025/share/acs6121_team08_2025/local_setup.bash
[8.091s] -- Up-to-date symlink: /home/student/ros2_ws/install/acs6121_team08_2025/share/acs6121_team08_2025/local_setup.sh
[8.091s] -- Up-to-date symlink: /home/student/ros2_ws/install/acs6121_team08_2025/share/acs6121_team08_2025/local_setup.zsh
[8.092s] -- Up-to-date symlink: /home/student/ros2_ws/install/acs6121_team08_2025/share/acs6121_team08_2025/local_setup.dsv
[8.092s] -- Symlinking: /home/student/ros2_ws/install/acs6121_team08_2025/share/acs6121_team08_2025/package.dsv
[8.107s] -- Up-to-date symlink: /home/student/ros2_ws/install/acs6121_team08_2025/share/ament_index/resource_index/packages/acs6121_team08_2025
[8.107s] -- Up-to-date symlink: /home/student/ros2_ws/install/acs6121_team08_2025/share/acs6121_team08_2025/cmake/acs6121_team08_2025Config.cmake
[8.107s] -- Up-to-date symlink: /home/student/ros2_ws/install/acs6121_team08_2025/share/acs6121_team08_2025/cmake/acs6121_team08_2025Config-version.cmake
[8.107s] -- Up-to-date symlink: /home/student/ros2_ws/install/acs6121_team08_2025/share/acs6121_team08_2025/package.xml
[8.155s] Listing '/home/student/ros2_ws/install/acs6121_team08_2025/local/lib/python3.10/dist-packages/acs6121_team08_2025_modules'...
[8.167s] Invoked command in '/home/student/ros2_ws/build/acs6121_team08_2025' returned '0': CMAKE_PREFIX_PATH=/home/student/ros2_ws/install/tuos_simulations:/home/student/ros2_ws/install/tuos_ros:/home/student/ros2_ws/install/tuos_tb3_tools:/home/student/ros2_ws/install/com2009_simulations:/home/student/ros2_ws/install/acs6121_team08_2025:/home/student/ros2_ws/install/tuos_interfaces:/home/student/ros2_ws/install/tuos_examples:/home/student/ros2_ws/install/part3_beyond_basics:/home/student/ros2_ws/install/part2_navigation:/home/student/ros2_ws/install/part1_pubsub:/opt/ros/humble /usr/bin/cmake --install /home/student/ros2_ws/build/acs6121_team08_2025
