[0.111s] Invoking command in '/home/student/ros2_ws/build/part2_navigation': CMAKE_PREFIX_PATH=${CMAKE_PREFIX_PATH}:/opt/ros/humble /usr/bin/cmake /home/student/ros2_ws/src/part2_navigation -DAMENT_CMAKE_SYMLINK_INSTALL=1 -DCMAKE_INSTALL_PREFIX=/home/student/ros2_ws/install/part2_navigation
[0.429s] -- The C compiler identification is GNU 11.4.0
[1.075s] -- The CXX compiler identification is GNU 11.4.0
[1.614s] -- Detecting C compiler ABI info
[1.994s] -- Detecting C compiler ABI info - done
[2.002s] -- Check for working C compiler: /usr/bin/cc - skipped
[2.002s] -- Detecting C compile features
[2.002s] -- Detecting C compile features - done
[2.014s] -- Detecting CXX compiler ABI info
[2.483s] -- Detecting CXX compiler ABI info - done
[2.503s] -- Check for working CXX compiler: /usr/bin/c++ - skipped
[2.503s] -- Detecting CXX compile features
[2.504s] -- Detecting CXX compile features - done
[2.517s] -- Found ament_cmake: 1.3.11 (/opt/ros/humble/share/ament_cmake/cmake)
[2.993s] -- Found Python3: /usr/bin/python3 (found version "3.10.12") found components: Interpreter 
[3.165s] -- Override CMake install command with custom implementation using symlinks instead of copying resources
[3.249s] -- Found rclcpp: 16.0.11 (/opt/ros/humble/share/rclcpp/cmake)
[3.547s] -- Found rosidl_generator_c: 3.1.6 (/opt/ros/humble/share/rosidl_generator_c/cmake)
[3.553s] -- Found rosidl_adapter: 3.1.6 (/opt/ros/humble/share/rosidl_adapter/cmake)
[3.566s] -- Found rosidl_generator_cpp: 3.1.6 (/opt/ros/humble/share/rosidl_generator_cpp/cmake)
[3.601s] -- Using all available rosidl_typesupport_c: rosidl_typesupport_fastrtps_c;rosidl_typesupport_introspection_c
[3.627s] -- Using all available rosidl_typesupport_cpp: rosidl_typesupport_fastrtps_cpp;rosidl_typesupport_introspection_cpp
[3.725s] -- Found rmw_implementation_cmake: 6.1.2 (/opt/ros/humble/share/rmw_implementation_cmake/cmake)
[3.734s] -- Found rmw_fastrtps_cpp: 6.2.7 (/opt/ros/humble/share/rmw_fastrtps_cpp/cmake)
[5.592s] -- Found OpenSSL: /usr/lib/x86_64-linux-gnu/libcrypto.so (found version "3.0.2")  
[7.024s] -- Found FastRTPS: /opt/ros/humble/include  
[9.496s] -- Using RMW implementation 'rmw_fastrtps_cpp' as default
[9.512s] -- Looking for pthread.h
[9.815s] -- Looking for pthread.h - found
[9.816s] -- Performing Test CMAKE_HAVE_LIBC_PTHREAD
[10.053s] -- Performing Test CMAKE_HAVE_LIBC_PTHREAD - Success
[10.055s] -- Found Threads: TRUE  
[10.198s] -- Found rclpy: 3.3.15 (/opt/ros/humble/share/rclpy/cmake)
[10.581s] -- Configuring done
[10.614s] -- Generating done
[10.614s] -- Build files have been written to: /home/student/ros2_ws/build/part2_navigation
[10.635s] Invoked command in '/home/student/ros2_ws/build/part2_navigation' returned '0': CMAKE_PREFIX_PATH=${CMAKE_PREFIX_PATH}:/opt/ros/humble /usr/bin/cmake /home/student/ros2_ws/src/part2_navigation -DAMENT_CMAKE_SYMLINK_INSTALL=1 -DCMAKE_INSTALL_PREFIX=/home/student/ros2_ws/install/part2_navigation
[10.635s] Invoking command in '/home/student/ros2_ws/build/part2_navigation': CMAKE_PREFIX_PATH=${CMAKE_PREFIX_PATH}:/opt/ros/humble /usr/bin/cmake --build /home/student/ros2_ws/build/part2_navigation -- -j12 -l12
[10.760s] [ 50%] [32mBuilding CXX object CMakeFiles/cpp_executable.dir/src/minimal_node.cpp.o[0m
[19.197s] [100%] [32m[1mLinking CXX executable cpp_executable[0m
[19.748s] [100%] Built target cpp_executable
[19.827s] [100%] Built target ament_cmake_python_symlink_part2_navigation_modules
[20.460s] running egg_info
[20.464s] creating part2_navigation_modules.egg-info
[20.465s] writing part2_navigation_modules.egg-info/PKG-INFO
[20.465s] writing dependency_links to part2_navigation_modules.egg-info/dependency_links.txt
[20.466s] writing top-level names to part2_navigation_modules.egg-info/top_level.txt
[20.467s] writing manifest file 'part2_navigation_modules.egg-info/SOURCES.txt'
[20.474s] reading manifest file 'part2_navigation_modules.egg-info/SOURCES.txt'
[20.476s] writing manifest file 'part2_navigation_modules.egg-info/SOURCES.txt'
[20.580s] [100%] Built target ament_cmake_python_build_part2_navigation_modules_egg
[20.617s] Invoked command in '/home/student/ros2_ws/build/part2_navigation' returned '0': CMAKE_PREFIX_PATH=${CMAKE_PREFIX_PATH}:/opt/ros/humble /usr/bin/cmake --build /home/student/ros2_ws/build/part2_navigation -- -j12 -l12
[20.617s] Invoking command in '/home/student/ros2_ws/build/part2_navigation': CMAKE_PREFIX_PATH=${CMAKE_PREFIX_PATH}:/opt/ros/humble /usr/bin/cmake --install /home/student/ros2_ws/build/part2_navigation
[20.634s] -- Install configuration: ""
[20.635s] -- Execute custom install script
[20.635s] -- Symlinking: /home/student/ros2_ws/install/part2_navigation/lib/part2_navigation/cpp_executable
[20.654s] -- Symlinking: /home/student/ros2_ws/install/part2_navigation/share/part2_navigation/environment/pythonpath.sh
[20.665s] -- Symlinking: /home/student/ros2_ws/install/part2_navigation/share/part2_navigation/environment/pythonpath.dsv
[20.684s] -- Symlinking: /home/student/ros2_ws/install/part2_navigation/local/lib/python3.10/dist-packages/part2_navigation_modules-0.0.0-py3.10.egg-info/PKG-INFO
[20.725s] -- Symlinking: /home/student/ros2_ws/install/part2_navigation/local/lib/python3.10/dist-packages/part2_navigation_modules-0.0.0-py3.10.egg-info/SOURCES.txt
[20.748s] -- Symlinking: /home/student/ros2_ws/install/part2_navigation/local/lib/python3.10/dist-packages/part2_navigation_modules-0.0.0-py3.10.egg-info/dependency_links.txt
[20.787s] -- Symlinking: /home/student/ros2_ws/install/part2_navigation/local/lib/python3.10/dist-packages/part2_navigation_modules-0.0.0-py3.10.egg-info/top_level.txt
[20.822s] -- Symlinking: /home/student/ros2_ws/install/part2_navigation/local/lib/python3.10/dist-packages/part2_navigation_modules/__init__.py
[20.861s] -- Symlinking: /home/student/ros2_ws/install/part2_navigation/local/lib/python3.10/dist-packages/part2_navigation_modules/tb3_tools.py
[20.870s] -- Symlinking: /home/student/ros2_ws/install/part2_navigation/lib/part2_navigation/odom_subscriber.py
[20.891s] -- Symlinking: /home/student/ros2_ws/install/part2_navigation/lib/part2_navigation/move_circle.py
[20.906s] -- Symlinking: /home/student/ros2_ws/install/part2_navigation/lib/part2_navigation/move_square.py
[20.932s] -- Symlinking: /home/student/ros2_ws/install/part2_navigation/share/ament_index/resource_index/package_run_dependencies/part2_navigation
[20.949s] -- Symlinking: /home/student/ros2_ws/install/part2_navigation/share/ament_index/resource_index/parent_prefix_path/part2_navigation
[20.963s] -- Symlinking: /home/student/ros2_ws/install/part2_navigation/share/part2_navigation/environment/ament_prefix_path.sh
[20.986s] -- Symlinking: /home/student/ros2_ws/install/part2_navigation/share/part2_navigation/environment/ament_prefix_path.dsv
[21.004s] -- Symlinking: /home/student/ros2_ws/install/part2_navigation/share/part2_navigation/environment/path.sh
[21.029s] -- Symlinking: /home/student/ros2_ws/install/part2_navigation/share/part2_navigation/environment/path.dsv
[21.042s] -- Symlinking: /home/student/ros2_ws/install/part2_navigation/share/part2_navigation/local_setup.bash
[21.061s] -- Symlinking: /home/student/ros2_ws/install/part2_navigation/share/part2_navigation/local_setup.sh
[21.072s] -- Symlinking: /home/student/ros2_ws/install/part2_navigation/share/part2_navigation/local_setup.zsh
[21.104s] -- Symlinking: /home/student/ros2_ws/install/part2_navigation/share/part2_navigation/local_setup.dsv
[21.124s] -- Symlinking: /home/student/ros2_ws/install/part2_navigation/share/part2_navigation/package.dsv
[21.142s] -- Symlinking: /home/student/ros2_ws/install/part2_navigation/share/ament_index/resource_index/packages/part2_navigation
[21.173s] -- Symlinking: /home/student/ros2_ws/install/part2_navigation/share/part2_navigation/cmake/part2_navigationConfig.cmake
[21.197s] -- Symlinking: /home/student/ros2_ws/install/part2_navigation/share/part2_navigation/cmake/part2_navigationConfig-version.cmake
[21.209s] -- Symlinking: /home/student/ros2_ws/install/part2_navigation/share/part2_navigation/package.xml
[21.345s] Listing '/home/student/ros2_ws/install/part2_navigation/local/lib/python3.10/dist-packages/part2_navigation_modules'...
[21.345s] Compiling '/home/student/ros2_ws/install/part2_navigation/local/lib/python3.10/dist-packages/part2_navigation_modules/__init__.py'...
[21.345s] Compiling '/home/student/ros2_ws/install/part2_navigation/local/lib/python3.10/dist-packages/part2_navigation_modules/tb3_tools.py'...
[21.374s] Invoked command in '/home/student/ros2_ws/build/part2_navigation' returned '0': CMAKE_PREFIX_PATH=${CMAKE_PREFIX_PATH}:/opt/ros/humble /usr/bin/cmake --install /home/student/ros2_ws/build/part2_navigation
