-- Found ament_cmake: 1.3.11 (/opt/ros/humble/share/ament_cmake/cmake)
-- Override CMake install command with custom implementation using symlinks instead of copying resources
-- Found rclcpp: 16.0.11 (/opt/ros/humble/share/rclcpp/cmake)
-- Found rosidl_generator_c: 3.1.6 (/opt/ros/humble/share/rosidl_generator_c/cmake)
-- Found rosidl_adapter: 3.1.6 (/opt/ros/humble/share/rosidl_adapter/cmake)
-- Found rosidl_generator_cpp: 3.1.6 (/opt/ros/humble/share/rosidl_generator_cpp/cmake)
-- Using all available rosidl_typesupport_c: rosidl_typesupport_fastrtps_c;rosidl_typesupport_introspection_c
-- Using all available rosidl_typesupport_cpp: rosidl_typesupport_fastrtps_cpp;rosidl_typesupport_introspection_cpp
-- Found rmw_implementation_cmake: 6.1.2 (/opt/ros/humble/share/rmw_implementation_cmake/cmake)
-- Found rmw_fastrtps_cpp: 6.2.7 (/opt/ros/humble/share/rmw_fastrtps_cpp/cmake)
-- Using RMW implementation 'rmw_fastrtps_cpp' as default
-- Found rclpy: 3.3.15 (/opt/ros/humble/share/rclpy/cmake)
-- Configuring done
-- Generating done
-- Build files have been written to: /home/student/ros2_ws/build/part3_beyond_basics
[35m[1mConsolidate compiler generated dependencies of target cpp_executable[0m
[100%] Built target cpp_executable
[100%] Built target ament_cmake_python_symlink_part3_beyond_basics_modules
running egg_info
writing part3_beyond_basics_modules.egg-info/PKG-INFO
writing dependency_links to part3_beyond_basics_modules.egg-info/dependency_links.txt
writing top-level names to part3_beyond_basics_modules.egg-info/top_level.txt
reading manifest file 'part3_beyond_basics_modules.egg-info/SOURCES.txt'
writing manifest file 'part3_beyond_basics_modules.egg-info/SOURCES.txt'
[100%] Built target ament_cmake_python_build_part3_beyond_basics_modules_egg
-- Install configuration: ""
-- Execute custom install script
-- Up-to-date symlink: /home/student/ros2_ws/install/part3_beyond_basics/lib/part3_beyond_basics/cpp_executable
-- Up-to-date symlink: /home/student/ros2_ws/install/part3_beyond_basics/share/part3_beyond_basics/environment/pythonpath.sh
-- Up-to-date symlink: /home/student/ros2_ws/install/part3_beyond_basics/share/part3_beyond_basics/environment/pythonpath.dsv
-- Up-to-date symlink: /home/student/ros2_ws/install/part3_beyond_basics/local/lib/python3.10/dist-packages/part3_beyond_basics_modules-0.0.0-py3.10.egg-info/PKG-INFO
-- Up-to-date symlink: /home/student/ros2_ws/install/part3_beyond_basics/local/lib/python3.10/dist-packages/part3_beyond_basics_modules-0.0.0-py3.10.egg-info/SOURCES.txt
-- Up-to-date symlink: /home/student/ros2_ws/install/part3_beyond_basics/local/lib/python3.10/dist-packages/part3_beyond_basics_modules-0.0.0-py3.10.egg-info/dependency_links.txt
-- Up-to-date symlink: /home/student/ros2_ws/install/part3_beyond_basics/local/lib/python3.10/dist-packages/part3_beyond_basics_modules-0.0.0-py3.10.egg-info/top_level.txt
-- Up-to-date symlink: /home/student/ros2_ws/install/part3_beyond_basics/local/lib/python3.10/dist-packages/part3_beyond_basics_modules/__init__.py
-- Up-to-date symlink: /home/student/ros2_ws/install/part3_beyond_basics/local/lib/python3.10/dist-packages/part3_beyond_basics_modules/tb3_tools.py
-- Symlinking: /home/student/ros2_ws/install/part3_beyond_basics/lib/part3_beyond_basics/lidar_subscriber.py
-- Up-to-date symlink: /home/student/ros2_ws/install/part3_beyond_basics/share/part3_beyond_basics/launch/build/.built_by
-- Up-to-date symlink: /home/student/ros2_ws/install/part3_beyond_basics/share/part3_beyond_basics/launch/build/COLCON_IGNORE
-- Up-to-date symlink: /home/student/ros2_ws/install/part3_beyond_basics/share/part3_beyond_basics/launch/circle.launch.py
-- Up-to-date symlink: /home/student/ros2_ws/install/part3_beyond_basics/share/part3_beyond_basics/launch/install/.colcon_install_layout
-- Up-to-date symlink: /home/student/ros2_ws/install/part3_beyond_basics/share/part3_beyond_basics/launch/install/COLCON_IGNORE
-- Up-to-date symlink: /home/student/ros2_ws/install/part3_beyond_basics/share/part3_beyond_basics/launch/install/_local_setup_util_ps1.py
-- Up-to-date symlink: /home/student/ros2_ws/install/part3_beyond_basics/share/part3_beyond_basics/launch/install/_local_setup_util_sh.py
-- Up-to-date symlink: /home/student/ros2_ws/install/part3_beyond_basics/share/part3_beyond_basics/launch/install/local_setup.bash
-- Up-to-date symlink: /home/student/ros2_ws/install/part3_beyond_basics/share/part3_beyond_basics/launch/install/local_setup.ps1
-- Up-to-date symlink: /home/student/ros2_ws/install/part3_beyond_basics/share/part3_beyond_basics/launch/install/local_setup.sh
-- Up-to-date symlink: /home/student/ros2_ws/install/part3_beyond_basics/share/part3_beyond_basics/launch/install/local_setup.zsh
-- Up-to-date symlink: /home/student/ros2_ws/install/part3_beyond_basics/share/part3_beyond_basics/launch/install/setup.bash
-- Up-to-date symlink: /home/student/ros2_ws/install/part3_beyond_basics/share/part3_beyond_basics/launch/install/setup.ps1
-- Up-to-date symlink: /home/student/ros2_ws/install/part3_beyond_basics/share/part3_beyond_basics/launch/install/setup.sh
-- Up-to-date symlink: /home/student/ros2_ws/install/part3_beyond_basics/share/part3_beyond_basics/launch/install/setup.zsh
-- Up-to-date symlink: /home/student/ros2_ws/install/part3_beyond_basics/share/part3_beyond_basics/launch/log/COLCON_IGNORE
-- Up-to-date symlink: /home/student/ros2_ws/install/part3_beyond_basics/share/part3_beyond_basics/launch/log/build_2025-03-25_13-44-30/events.log
-- Up-to-date symlink: /home/student/ros2_ws/install/part3_beyond_basics/share/part3_beyond_basics/launch/log/build_2025-03-25_13-44-30/logger_all.log
-- Up-to-date symlink: /home/student/ros2_ws/install/part3_beyond_basics/share/part3_beyond_basics/launch/log/latest/events.log
-- Up-to-date symlink: /home/student/ros2_ws/install/part3_beyond_basics/share/part3_beyond_basics/launch/log/latest/logger_all.log
-- Up-to-date symlink: /home/student/ros2_ws/install/part3_beyond_basics/share/part3_beyond_basics/launch/log/latest_build/events.log
-- Up-to-date symlink: /home/student/ros2_ws/install/part3_beyond_basics/share/part3_beyond_basics/launch/log/latest_build/logger_all.log
-- Up-to-date symlink: /home/student/ros2_ws/install/part3_beyond_basics/share/part3_beyond_basics/launch/pubsub.launch.py
-- Up-to-date symlink: /home/student/ros2_ws/install/part3_beyond_basics/share/ament_index/resource_index/package_run_dependencies/part3_beyond_basics
-- Up-to-date symlink: /home/student/ros2_ws/install/part3_beyond_basics/share/ament_index/resource_index/parent_prefix_path/part3_beyond_basics
-- Up-to-date symlink: /home/student/ros2_ws/install/part3_beyond_basics/share/part3_beyond_basics/environment/ament_prefix_path.sh
-- Up-to-date symlink: /home/student/ros2_ws/install/part3_beyond_basics/share/part3_beyond_basics/environment/ament_prefix_path.dsv
-- Up-to-date symlink: /home/student/ros2_ws/install/part3_beyond_basics/share/part3_beyond_basics/environment/path.sh
-- Up-to-date symlink: /home/student/ros2_ws/install/part3_beyond_basics/share/part3_beyond_basics/environment/path.dsv
-- Up-to-date symlink: /home/student/ros2_ws/install/part3_beyond_basics/share/part3_beyond_basics/local_setup.bash
-- Up-to-date symlink: /home/student/ros2_ws/install/part3_beyond_basics/share/part3_beyond_basics/local_setup.sh
-- Up-to-date symlink: /home/student/ros2_ws/install/part3_beyond_basics/share/part3_beyond_basics/local_setup.zsh
-- Up-to-date symlink: /home/student/ros2_ws/install/part3_beyond_basics/share/part3_beyond_basics/local_setup.dsv
-- Symlinking: /home/student/ros2_ws/install/part3_beyond_basics/share/part3_beyond_basics/package.dsv
-- Up-to-date symlink: /home/student/ros2_ws/install/part3_beyond_basics/share/ament_index/resource_index/packages/part3_beyond_basics
-- Up-to-date symlink: /home/student/ros2_ws/install/part3_beyond_basics/share/part3_beyond_basics/cmake/part3_beyond_basicsConfig.cmake
-- Up-to-date symlink: /home/student/ros2_ws/install/part3_beyond_basics/share/part3_beyond_basics/cmake/part3_beyond_basicsConfig-version.cmake
-- Up-to-date symlink: /home/student/ros2_ws/install/part3_beyond_basics/share/part3_beyond_basics/package.xml
Listing '/home/student/ros2_ws/install/part3_beyond_basics/local/lib/python3.10/dist-packages/part3_beyond_basics_modules'...
