[0.015s] Invoking command in '/home/student/ros2_ws/build/part1_pubsub': CMAKE_PREFIX_PATH=${CMAKE_PREFIX_PATH}:/opt/ros/humble /usr/bin/cmake --build /home/student/ros2_ws/build/part1_pubsub -- -j12 -l12
[0.028s] -- Found ament_cmake: 1.3.11 (/opt/ros/humble/share/ament_cmake/cmake)
[0.112s] -- Override CMake install command with custom implementation using symlinks instead of copying resources
[0.118s] -- Found rclcpp: 16.0.11 (/opt/ros/humble/share/rclcpp/cmake)
[0.208s] -- Found rosidl_generator_c: 3.1.6 (/opt/ros/humble/share/rosidl_generator_c/cmake)
[0.210s] -- Found rosidl_adapter: 3.1.6 (/opt/ros/humble/share/rosidl_adapter/cmake)
[0.214s] -- Found rosidl_generator_cpp: 3.1.6 (/opt/ros/humble/share/rosidl_generator_cpp/cmake)
[0.220s] -- Using all available rosidl_typesupport_c: rosidl_typesupport_fastrtps_c;rosidl_typesupport_introspection_c
[0.228s] -- Using all available rosidl_typesupport_cpp: rosidl_typesupport_fastrtps_cpp;rosidl_typesupport_introspection_cpp
[0.248s] -- Found rmw_implementation_cmake: 6.1.2 (/opt/ros/humble/share/rmw_implementation_cmake/cmake)
[0.249s] -- Found rmw_fastrtps_cpp: 6.2.7 (/opt/ros/humble/share/rmw_fastrtps_cpp/cmake)
[2.612s] -- Using RMW implementation 'rmw_fastrtps_cpp' as default
[2.644s] -- Found rclpy: 3.3.15 (/opt/ros/humble/share/rclpy/cmake)
[2.692s] -- Found rosidl_default_generators: 1.2.0 (/opt/ros/humble/share/rosidl_default_generators/cmake)
[2.901s] -- Found ament_cmake_ros: 0.10.0 (/opt/ros/humble/share/ament_cmake_ros/cmake)
[3.152s] -- Using all available rosidl_typesupport_c: rosidl_typesupport_fastrtps_c;rosidl_typesupport_introspection_c
[3.243s] -- Using all available rosidl_typesupport_cpp: rosidl_typesupport_fastrtps_cpp;rosidl_typesupport_introspection_cpp
[3.355s] -- Found PythonInterp: /usr/bin/python3 (found suitable version "3.10.12", minimum required is "3.6") 
[3.361s] -- Found python_cmake_module: 0.10.0 (/opt/ros/humble/share/python_cmake_module/cmake)
[3.590s] -- Found PythonLibs: /usr/lib/x86_64-linux-gnu/libpython3.10.so (found suitable version "3.10.12", minimum required is "3.5") 
[3.590s] -- Using PYTHON_EXECUTABLE: /usr/bin/python3
[3.590s] -- Using PYTHON_INCLUDE_DIRS: /usr/include/python3.10
[3.590s] -- Using PYTHON_LIBRARIES: /usr/lib/x86_64-linux-gnu/libpython3.10.so
[3.603s] -- Found PythonExtra: .so  
[3.645s] -- Configuring done
[3.668s] -- Generating done
[3.676s] -- Build files have been written to: /home/student/ros2_ws/build/part1_pubsub
[3.695s] [35m[1mConsolidate compiler generated dependencies of target cpp_executable[0m
[3.695s] [  3%] [34m[1mGenerating C code for ROS interfaces[0m
[3.702s] [  6%] [34m[1mGenerating C++ code for ROS interfaces[0m
[3.707s] [  9%] [32mBuilding CXX object CMakeFiles/cpp_executable.dir/src/minimal_node.cpp.o[0m
[3.707s] [  9%] Built target ament_cmake_python_symlink_part1_pubsub
[3.707s] [  9%] Built target ament_cmake_python_symlink_part1_pubsub_modules
[3.893s] [  9%] Built target part1_pubsub__cpp
[3.899s] running egg_info
[3.900s] creating part1_pubsub.egg-info
[3.901s] writing part1_pubsub.egg-info/PKG-INFO
[3.901s] writing dependency_links to part1_pubsub.egg-info/dependency_links.txt
[3.901s] writing top-level names to part1_pubsub.egg-info/top_level.txt
[3.902s] [ 12%] [34m[1mGenerating C++ introspection for ROS interfaces[0m
[3.902s] writing manifest file 'part1_pubsub.egg-info/SOURCES.txt'
[3.902s] [ 15%] [34m[1mGenerating C++ type support dispatch for ROS interfaces[0m
[3.903s] [ 18%] [34m[1mGenerating C++ type support for eProsima Fast-RTPS[0m
[3.905s] reading manifest file 'part1_pubsub.egg-info/SOURCES.txt'
[3.906s] writing manifest file 'part1_pubsub.egg-info/SOURCES.txt'
[3.926s] [ 21%] [32mBuilding C object CMakeFiles/part1_pubsub__rosidl_generator_c.dir/rosidl_generator_c/part1_pubsub/msg/detail/example__functions.c.o[0m
[3.953s] [ 21%] Built target ament_cmake_python_build_part1_pubsub_egg
[4.007s] [ 24%] [32m[1mLinking C shared library libpart1_pubsub__rosidl_generator_c.so[0m
[4.085s] [ 24%] Built target part1_pubsub__rosidl_generator_c
[4.093s] [ 27%] [34m[1mGenerating C type support for eProsima Fast-RTPS[0m
[4.094s] [ 33%] [34m[1mGenerating C type support dispatch for ROS interfaces[0m
[4.094s] [ 33%] [34m[1mGenerating C introspection for ROS interfaces[0m
[4.130s] running egg_info
[4.131s] writing part1_pubsub_modules.egg-info/PKG-INFO
[4.132s] writing dependency_links to part1_pubsub_modules.egg-info/dependency_links.txt
[4.132s] writing top-level names to part1_pubsub_modules.egg-info/top_level.txt
[4.133s] [ 36%] [32mBuilding CXX object CMakeFiles/part1_pubsub__rosidl_typesupport_cpp.dir/rosidl_typesupport_cpp/part1_pubsub/msg/example__type_support.cpp.o[0m
[4.136s] reading manifest file 'part1_pubsub_modules.egg-info/SOURCES.txt'
[4.137s] writing manifest file 'part1_pubsub_modules.egg-info/SOURCES.txt'
[4.149s] [ 39%] [32mBuilding CXX object CMakeFiles/part1_pubsub__rosidl_typesupport_fastrtps_cpp.dir/rosidl_typesupport_fastrtps_cpp/part1_pubsub/msg/detail/dds_fastrtps/example__type_support.cpp.o[0m
[4.152s] [ 42%] [32mBuilding CXX object CMakeFiles/part1_pubsub__rosidl_typesupport_introspection_cpp.dir/rosidl_typesupport_introspection_cpp/part1_pubsub/msg/detail/example__type_support.cpp.o[0m
[4.181s] [ 42%] Built target ament_cmake_python_build_part1_pubsub_modules_egg
[4.337s] [ 45%] [32mBuilding CXX object CMakeFiles/part1_pubsub__rosidl_typesupport_c.dir/rosidl_typesupport_c/part1_pubsub/msg/example__type_support.cpp.o[0m
[4.349s] [ 48%] [32mBuilding C object CMakeFiles/part1_pubsub__rosidl_typesupport_introspection_c.dir/rosidl_typesupport_introspection_c/part1_pubsub/msg/detail/example__type_support.c.o[0m
[4.363s] [ 51%] [32mBuilding CXX object CMakeFiles/part1_pubsub__rosidl_typesupport_fastrtps_c.dir/rosidl_typesupport_fastrtps_c/part1_pubsub/msg/detail/example__type_support_c.cpp.o[0m
[4.372s] [ 54%] [32m[1mLinking CXX shared library libpart1_pubsub__rosidl_typesupport_c.so[0m
[4.375s] [ 57%] [32m[1mLinking C shared library libpart1_pubsub__rosidl_typesupport_introspection_c.so[0m
[4.376s] [ 60%] [32m[1mLinking CXX shared library libpart1_pubsub__rosidl_typesupport_cpp.so[0m
[4.421s] [ 60%] Built target part1_pubsub__rosidl_typesupport_introspection_c
[4.427s] [ 60%] Built target part1_pubsub__rosidl_typesupport_cpp
[4.432s] [ 60%] Built target part1_pubsub__rosidl_typesupport_c
[4.490s] [ 63%] [32m[1mLinking CXX shared library libpart1_pubsub__rosidl_typesupport_fastrtps_cpp.so[0m
[4.501s] [ 66%] [32m[1mLinking CXX shared library libpart1_pubsub__rosidl_typesupport_introspection_cpp.so[0m
[4.569s] [ 66%] Built target part1_pubsub__rosidl_typesupport_introspection_cpp
[4.600s] [ 66%] Built target part1_pubsub__rosidl_typesupport_fastrtps_cpp
[4.633s] [ 69%] [32m[1mLinking CXX shared library libpart1_pubsub__rosidl_typesupport_fastrtps_c.so[0m
[4.755s] [ 69%] Built target part1_pubsub__rosidl_typesupport_fastrtps_c
[4.770s] [ 69%] Built target part1_pubsub
[4.784s] [ 72%] [34m[1mGenerating Python code for ROS interfaces[0m
[5.002s] [ 72%] Built target part1_pubsub__py
[5.015s] [ 75%] [32mBuilding C object CMakeFiles/part1_pubsub__rosidl_generator_py.dir/rosidl_generator_py/part1_pubsub/msg/_example_s.c.o[0m
[5.131s] [ 78%] [32m[1mLinking C shared library rosidl_generator_py/part1_pubsub/libpart1_pubsub__rosidl_generator_py.so[0m
[5.196s] [ 78%] Built target part1_pubsub__rosidl_generator_py
[5.209s] [ 81%] [32mBuilding C object CMakeFiles/part1_pubsub__rosidl_typesupport_c__pyext.dir/rosidl_generator_py/part1_pubsub/_part1_pubsub_s.ep.rosidl_typesupport_c.c.o[0m
[5.210s] [ 87%] [32mBuilding C object CMakeFiles/part1_pubsub__rosidl_typesupport_fastrtps_c__pyext.dir/rosidl_generator_py/part1_pubsub/_part1_pubsub_s.ep.rosidl_typesupport_fastrtps_c.c.o[0m
[5.210s] [ 87%] [32mBuilding C object CMakeFiles/part1_pubsub__rosidl_typesupport_introspection_c__pyext.dir/rosidl_generator_py/part1_pubsub/_part1_pubsub_s.ep.rosidl_typesupport_introspection_c.c.o[0m
[5.275s] [ 93%] [32m[1mLinking C shared library rosidl_generator_py/part1_pubsub/part1_pubsub_s__rosidl_typesupport_c.cpython-310-x86_64-linux-gnu.so[0m
[5.276s] [ 93%] [32m[1mLinking C shared library rosidl_generator_py/part1_pubsub/part1_pubsub_s__rosidl_typesupport_introspection_c.cpython-310-x86_64-linux-gnu.so[0m
[5.279s] [ 96%] [32m[1mLinking C shared library rosidl_generator_py/part1_pubsub/part1_pubsub_s__rosidl_typesupport_fastrtps_c.cpython-310-x86_64-linux-gnu.so[0m
[5.328s] [ 96%] Built target part1_pubsub__rosidl_typesupport_introspection_c__pyext
[5.328s] [ 96%] Built target part1_pubsub__rosidl_typesupport_c__pyext
[5.328s] [ 96%] Built target part1_pubsub__rosidl_typesupport_fastrtps_c__pyext
[6.213s] [100%] [32m[1mLinking CXX executable cpp_executable[0m
[6.343s] [100%] Built target cpp_executable
[6.352s] Invoked command in '/home/student/ros2_ws/build/part1_pubsub' returned '0': CMAKE_PREFIX_PATH=${CMAKE_PREFIX_PATH}:/opt/ros/humble /usr/bin/cmake --build /home/student/ros2_ws/build/part1_pubsub -- -j12 -l12
[6.359s] Invoking command in '/home/student/ros2_ws/build/part1_pubsub': CMAKE_PREFIX_PATH=${CMAKE_PREFIX_PATH}:/opt/ros/humble /usr/bin/cmake --install /home/student/ros2_ws/build/part1_pubsub
[6.363s] -- Install configuration: ""
[6.364s] -- Execute custom install script
[6.364s] -- Up-to-date symlink: /home/student/ros2_ws/install/part1_pubsub/lib/part1_pubsub/cpp_executable
[6.364s] -- Up-to-date symlink: /home/student/ros2_ws/install/part1_pubsub/share/part1_pubsub/environment/pythonpath.sh
[6.365s] -- Up-to-date symlink: /home/student/ros2_ws/install/part1_pubsub/share/part1_pubsub/environment/pythonpath.dsv
[6.365s] -- Up-to-date symlink: /home/student/ros2_ws/install/part1_pubsub/local/lib/python3.10/dist-packages/part1_pubsub_modules-0.0.0-py3.10.egg-info/PKG-INFO
[6.365s] -- Up-to-date symlink: /home/student/ros2_ws/install/part1_pubsub/local/lib/python3.10/dist-packages/part1_pubsub_modules-0.0.0-py3.10.egg-info/SOURCES.txt
[6.365s] -- Up-to-date symlink: /home/student/ros2_ws/install/part1_pubsub/local/lib/python3.10/dist-packages/part1_pubsub_modules-0.0.0-py3.10.egg-info/dependency_links.txt
[6.365s] -- Up-to-date symlink: /home/student/ros2_ws/install/part1_pubsub/local/lib/python3.10/dist-packages/part1_pubsub_modules-0.0.0-py3.10.egg-info/top_level.txt
[6.365s] -- Up-to-date symlink: /home/student/ros2_ws/install/part1_pubsub/local/lib/python3.10/dist-packages/part1_pubsub_modules/__init__.py
[6.366s] -- Up-to-date symlink: /home/student/ros2_ws/install/part1_pubsub/local/lib/python3.10/dist-packages/part1_pubsub_modules/tb3_tools.py
[6.366s] -- Up-to-date symlink: /home/student/ros2_ws/install/part1_pubsub/lib/part1_pubsub/publisher.py
[6.366s] -- Up-to-date symlink: /home/student/ros2_ws/install/part1_pubsub/lib/part1_pubsub/subscriber.py
[6.366s] -- Symlinking: /home/student/ros2_ws/install/part1_pubsub/share/ament_index/resource_index/rosidl_interfaces/part1_pubsub
[6.373s] -- Symlinking: /home/student/ros2_ws/install/part1_pubsub/include/part1_pubsub/part1_pubsub/msg/detail/example__functions.h
[6.378s] -- Symlinking: /home/student/ros2_ws/install/part1_pubsub/include/part1_pubsub/part1_pubsub/msg/detail/example__struct.h
[6.384s] -- Symlinking: /home/student/ros2_ws/install/part1_pubsub/include/part1_pubsub/part1_pubsub/msg/detail/example__type_support.h
[6.390s] -- Symlinking: /home/student/ros2_ws/install/part1_pubsub/include/part1_pubsub/part1_pubsub/msg/example.h
[6.395s] -- Symlinking: /home/student/ros2_ws/install/part1_pubsub/include/part1_pubsub/part1_pubsub/msg/rosidl_generator_c__visibility_control.h
[6.402s] -- Symlinking: /home/student/ros2_ws/install/part1_pubsub/share/part1_pubsub/environment/library_path.sh
[6.408s] -- Symlinking: /home/student/ros2_ws/install/part1_pubsub/share/part1_pubsub/environment/library_path.dsv
[6.413s] -- Symlinking: /home/student/ros2_ws/install/part1_pubsub/include/part1_pubsub/part1_pubsub/msg/detail/example__rosidl_typesupport_fastrtps_c.h
[6.419s] -- Symlinking: /home/student/ros2_ws/install/part1_pubsub/include/part1_pubsub/part1_pubsub/msg/rosidl_typesupport_fastrtps_c__visibility_control.h
[6.425s] -- Symlinking: /home/student/ros2_ws/install/part1_pubsub/include/part1_pubsub/part1_pubsub/msg/detail/example__builder.hpp
[6.431s] -- Symlinking: /home/student/ros2_ws/install/part1_pubsub/include/part1_pubsub/part1_pubsub/msg/detail/example__struct.hpp
[6.436s] -- Symlinking: /home/student/ros2_ws/install/part1_pubsub/include/part1_pubsub/part1_pubsub/msg/detail/example__traits.hpp
[6.441s] -- Symlinking: /home/student/ros2_ws/install/part1_pubsub/include/part1_pubsub/part1_pubsub/msg/detail/example__type_support.hpp
[6.447s] -- Symlinking: /home/student/ros2_ws/install/part1_pubsub/include/part1_pubsub/part1_pubsub/msg/example.hpp
[6.452s] -- Symlinking: /home/student/ros2_ws/install/part1_pubsub/include/part1_pubsub/part1_pubsub/msg/rosidl_generator_cpp__visibility_control.hpp
[6.458s] -- Symlinking: /home/student/ros2_ws/install/part1_pubsub/include/part1_pubsub/part1_pubsub/msg/detail/example__rosidl_typesupport_fastrtps_cpp.hpp
[6.464s] -- Symlinking: /home/student/ros2_ws/install/part1_pubsub/include/part1_pubsub/part1_pubsub/msg/rosidl_typesupport_fastrtps_cpp__visibility_control.h
[6.470s] -- Symlinking: /home/student/ros2_ws/install/part1_pubsub/include/part1_pubsub/part1_pubsub/msg/detail/example__rosidl_typesupport_introspection_c.h
[6.475s] -- Symlinking: /home/student/ros2_ws/install/part1_pubsub/include/part1_pubsub/part1_pubsub/msg/rosidl_typesupport_introspection_c__visibility_control.h
[6.481s] -- Symlinking: /home/student/ros2_ws/install/part1_pubsub/include/part1_pubsub/part1_pubsub/msg/detail/example__rosidl_typesupport_introspection_cpp.hpp
[6.486s] -- Symlinking: /home/student/ros2_ws/install/part1_pubsub/local/lib/python3.10/dist-packages/part1_pubsub-0.0.0-py3.10.egg-info/PKG-INFO
[6.491s] -- Symlinking: /home/student/ros2_ws/install/part1_pubsub/local/lib/python3.10/dist-packages/part1_pubsub-0.0.0-py3.10.egg-info/SOURCES.txt
[6.497s] -- Symlinking: /home/student/ros2_ws/install/part1_pubsub/local/lib/python3.10/dist-packages/part1_pubsub-0.0.0-py3.10.egg-info/dependency_links.txt
[6.504s] -- Symlinking: /home/student/ros2_ws/install/part1_pubsub/local/lib/python3.10/dist-packages/part1_pubsub-0.0.0-py3.10.egg-info/top_level.txt
[6.509s] -- Symlinking: /home/student/ros2_ws/install/part1_pubsub/local/lib/python3.10/dist-packages/part1_pubsub/__init__.py
[6.515s] -- Symlinking: /home/student/ros2_ws/install/part1_pubsub/local/lib/python3.10/dist-packages/part1_pubsub/_part1_pubsub_s.ep.rosidl_typesupport_c.c
[6.520s] -- Symlinking: /home/student/ros2_ws/install/part1_pubsub/local/lib/python3.10/dist-packages/part1_pubsub/_part1_pubsub_s.ep.rosidl_typesupport_fastrtps_c.c
[6.526s] -- Symlinking: /home/student/ros2_ws/install/part1_pubsub/local/lib/python3.10/dist-packages/part1_pubsub/_part1_pubsub_s.ep.rosidl_typesupport_introspection_c.c
[6.532s] -- Symlinking: /home/student/ros2_ws/install/part1_pubsub/local/lib/python3.10/dist-packages/part1_pubsub/libpart1_pubsub__rosidl_generator_py.so
[6.537s] -- Symlinking: /home/student/ros2_ws/install/part1_pubsub/local/lib/python3.10/dist-packages/part1_pubsub/msg/__init__.py
[6.544s] -- Symlinking: /home/student/ros2_ws/install/part1_pubsub/local/lib/python3.10/dist-packages/part1_pubsub/msg/_example.py
[6.552s] -- Symlinking: /home/student/ros2_ws/install/part1_pubsub/local/lib/python3.10/dist-packages/part1_pubsub/msg/_example_s.c
[6.557s] -- Symlinking: /home/student/ros2_ws/install/part1_pubsub/local/lib/python3.10/dist-packages/part1_pubsub/part1_pubsub_s__rosidl_typesupport_c.cpython-310-x86_64-linux-gnu.so
[6.563s] -- Symlinking: /home/student/ros2_ws/install/part1_pubsub/local/lib/python3.10/dist-packages/part1_pubsub/part1_pubsub_s__rosidl_typesupport_fastrtps_c.cpython-310-x86_64-linux-gnu.so
[6.568s] -- Symlinking: /home/student/ros2_ws/install/part1_pubsub/local/lib/python3.10/dist-packages/part1_pubsub/part1_pubsub_s__rosidl_typesupport_introspection_c.cpython-310-x86_64-linux-gnu.so
[6.574s] -- Up-to-date symlink: /home/student/ros2_ws/install/part1_pubsub/local/lib/python3.10/dist-packages/part1_pubsub/part1_pubsub_s__rosidl_typesupport_fastrtps_c.cpython-310-x86_64-linux-gnu.so
[6.574s] -- Up-to-date symlink: /home/student/ros2_ws/install/part1_pubsub/local/lib/python3.10/dist-packages/part1_pubsub/part1_pubsub_s__rosidl_typesupport_introspection_c.cpython-310-x86_64-linux-gnu.so
[6.574s] -- Up-to-date symlink: /home/student/ros2_ws/install/part1_pubsub/local/lib/python3.10/dist-packages/part1_pubsub/part1_pubsub_s__rosidl_typesupport_c.cpython-310-x86_64-linux-gnu.so
[6.574s] -- Symlinking: /home/student/ros2_ws/install/part1_pubsub/share/part1_pubsub/msg/Example.idl
[6.580s] -- Symlinking: /home/student/ros2_ws/install/part1_pubsub/share/part1_pubsub/msg/Example.msg
[6.586s] -- Up-to-date symlink: /home/student/ros2_ws/install/part1_pubsub/share/ament_index/resource_index/package_run_dependencies/part1_pubsub
[6.586s] -- Up-to-date symlink: /home/student/ros2_ws/install/part1_pubsub/share/ament_index/resource_index/parent_prefix_path/part1_pubsub
[6.587s] -- Up-to-date symlink: /home/student/ros2_ws/install/part1_pubsub/share/part1_pubsub/environment/ament_prefix_path.sh
[6.587s] -- Up-to-date symlink: /home/student/ros2_ws/install/part1_pubsub/share/part1_pubsub/environment/ament_prefix_path.dsv
[6.587s] -- Up-to-date symlink: /home/student/ros2_ws/install/part1_pubsub/share/part1_pubsub/environment/path.sh
[6.588s] -- Up-to-date symlink: /home/student/ros2_ws/install/part1_pubsub/share/part1_pubsub/environment/path.dsv
[6.588s] -- Up-to-date symlink: /home/student/ros2_ws/install/part1_pubsub/share/part1_pubsub/local_setup.bash
[6.588s] -- Up-to-date symlink: /home/student/ros2_ws/install/part1_pubsub/share/part1_pubsub/local_setup.sh
[6.588s] -- Up-to-date symlink: /home/student/ros2_ws/install/part1_pubsub/share/part1_pubsub/local_setup.zsh
[6.588s] -- Up-to-date symlink: /home/student/ros2_ws/install/part1_pubsub/share/part1_pubsub/local_setup.dsv
[6.588s] -- Symlinking: /home/student/ros2_ws/install/part1_pubsub/share/part1_pubsub/package.dsv
[6.594s] -- Up-to-date symlink: /home/student/ros2_ws/install/part1_pubsub/share/ament_index/resource_index/packages/part1_pubsub
[6.594s] -- Symlinking: /home/student/ros2_ws/install/part1_pubsub/share/part1_pubsub/cmake/rosidl_cmake-extras.cmake
[6.599s] -- Symlinking: /home/student/ros2_ws/install/part1_pubsub/share/part1_pubsub/cmake/ament_cmake_export_include_directories-extras.cmake
[6.605s] -- Symlinking: /home/student/ros2_ws/install/part1_pubsub/share/part1_pubsub/cmake/ament_cmake_export_libraries-extras.cmake
[6.611s] -- Symlinking: /home/student/ros2_ws/install/part1_pubsub/share/part1_pubsub/cmake/ament_cmake_export_targets-extras.cmake
[6.616s] -- Symlinking: /home/student/ros2_ws/install/part1_pubsub/share/part1_pubsub/cmake/rosidl_cmake_export_typesupport_targets-extras.cmake
[6.623s] -- Symlinking: /home/student/ros2_ws/install/part1_pubsub/share/part1_pubsub/cmake/ament_cmake_export_dependencies-extras.cmake
[6.628s] -- Symlinking: /home/student/ros2_ws/install/part1_pubsub/share/part1_pubsub/cmake/rosidl_cmake_export_typesupport_libraries-extras.cmake
[6.634s] -- Up-to-date symlink: /home/student/ros2_ws/install/part1_pubsub/share/part1_pubsub/cmake/part1_pubsubConfig.cmake
[6.634s] -- Up-to-date symlink: /home/student/ros2_ws/install/part1_pubsub/share/part1_pubsub/cmake/part1_pubsubConfig-version.cmake
[6.634s] -- Up-to-date symlink: /home/student/ros2_ws/install/part1_pubsub/share/part1_pubsub/package.xml
[6.655s] Listing '/home/student/ros2_ws/install/part1_pubsub/local/lib/python3.10/dist-packages/part1_pubsub_modules'...
[6.658s] -- Installing: /home/student/ros2_ws/install/part1_pubsub/lib/libpart1_pubsub__rosidl_generator_c.so
[6.658s] -- Set runtime path of "/home/student/ros2_ws/install/part1_pubsub/lib/libpart1_pubsub__rosidl_generator_c.so" to ""
[6.658s] -- Installing: /home/student/ros2_ws/install/part1_pubsub/lib/libpart1_pubsub__rosidl_typesupport_fastrtps_c.so
[6.658s] -- Set runtime path of "/home/student/ros2_ws/install/part1_pubsub/lib/libpart1_pubsub__rosidl_typesupport_fastrtps_c.so" to ""
[6.659s] -- Installing: /home/student/ros2_ws/install/part1_pubsub/lib/libpart1_pubsub__rosidl_typesupport_fastrtps_cpp.so
[6.659s] -- Set runtime path of "/home/student/ros2_ws/install/part1_pubsub/lib/libpart1_pubsub__rosidl_typesupport_fastrtps_cpp.so" to ""
[6.659s] -- Installing: /home/student/ros2_ws/install/part1_pubsub/lib/libpart1_pubsub__rosidl_typesupport_introspection_c.so
[6.659s] -- Set runtime path of "/home/student/ros2_ws/install/part1_pubsub/lib/libpart1_pubsub__rosidl_typesupport_introspection_c.so" to ""
[6.659s] -- Installing: /home/student/ros2_ws/install/part1_pubsub/lib/libpart1_pubsub__rosidl_typesupport_c.so
[6.659s] -- Set runtime path of "/home/student/ros2_ws/install/part1_pubsub/lib/libpart1_pubsub__rosidl_typesupport_c.so" to ""
[6.659s] -- Installing: /home/student/ros2_ws/install/part1_pubsub/lib/libpart1_pubsub__rosidl_typesupport_introspection_cpp.so
[6.660s] -- Set runtime path of "/home/student/ros2_ws/install/part1_pubsub/lib/libpart1_pubsub__rosidl_typesupport_introspection_cpp.so" to ""
[6.660s] -- Installing: /home/student/ros2_ws/install/part1_pubsub/lib/libpart1_pubsub__rosidl_typesupport_cpp.so
[6.660s] -- Set runtime path of "/home/student/ros2_ws/install/part1_pubsub/lib/libpart1_pubsub__rosidl_typesupport_cpp.so" to ""
[6.680s] Listing '/home/student/ros2_ws/install/part1_pubsub/local/lib/python3.10/dist-packages/part1_pubsub'...
[6.680s] Compiling '/home/student/ros2_ws/install/part1_pubsub/local/lib/python3.10/dist-packages/part1_pubsub/__init__.py'...
[6.680s] Listing '/home/student/ros2_ws/install/part1_pubsub/local/lib/python3.10/dist-packages/part1_pubsub/msg'...
[6.681s] Compiling '/home/student/ros2_ws/install/part1_pubsub/local/lib/python3.10/dist-packages/part1_pubsub/msg/__init__.py'...
[6.681s] Compiling '/home/student/ros2_ws/install/part1_pubsub/local/lib/python3.10/dist-packages/part1_pubsub/msg/_example.py'...
[6.683s] -- Installing: /home/student/ros2_ws/install/part1_pubsub/lib/libpart1_pubsub__rosidl_generator_py.so
[6.683s] -- Set runtime path of "/home/student/ros2_ws/install/part1_pubsub/lib/libpart1_pubsub__rosidl_generator_py.so" to ""
[6.683s] -- Installing: /home/student/ros2_ws/install/part1_pubsub/share/part1_pubsub/cmake/export_part1_pubsub__rosidl_generator_cExport.cmake
[6.684s] -- Installing: /home/student/ros2_ws/install/part1_pubsub/share/part1_pubsub/cmake/export_part1_pubsub__rosidl_generator_cExport-noconfig.cmake
[6.684s] -- Installing: /home/student/ros2_ws/install/part1_pubsub/share/part1_pubsub/cmake/export_part1_pubsub__rosidl_typesupport_fastrtps_cExport.cmake
[6.684s] -- Installing: /home/student/ros2_ws/install/part1_pubsub/share/part1_pubsub/cmake/export_part1_pubsub__rosidl_typesupport_fastrtps_cExport-noconfig.cmake
[6.684s] -- Installing: /home/student/ros2_ws/install/part1_pubsub/share/part1_pubsub/cmake/export_part1_pubsub__rosidl_generator_cppExport.cmake
[6.684s] -- Installing: /home/student/ros2_ws/install/part1_pubsub/share/part1_pubsub/cmake/export_part1_pubsub__rosidl_typesupport_fastrtps_cppExport.cmake
[6.684s] -- Installing: /home/student/ros2_ws/install/part1_pubsub/share/part1_pubsub/cmake/export_part1_pubsub__rosidl_typesupport_fastrtps_cppExport-noconfig.cmake
[6.685s] -- Installing: /home/student/ros2_ws/install/part1_pubsub/share/part1_pubsub/cmake/part1_pubsub__rosidl_typesupport_introspection_cExport.cmake
[6.685s] -- Installing: /home/student/ros2_ws/install/part1_pubsub/share/part1_pubsub/cmake/part1_pubsub__rosidl_typesupport_introspection_cExport-noconfig.cmake
[6.685s] -- Installing: /home/student/ros2_ws/install/part1_pubsub/share/part1_pubsub/cmake/part1_pubsub__rosidl_typesupport_cExport.cmake
[6.685s] -- Installing: /home/student/ros2_ws/install/part1_pubsub/share/part1_pubsub/cmake/part1_pubsub__rosidl_typesupport_cExport-noconfig.cmake
[6.685s] -- Installing: /home/student/ros2_ws/install/part1_pubsub/share/part1_pubsub/cmake/part1_pubsub__rosidl_typesupport_introspection_cppExport.cmake
[6.685s] -- Installing: /home/student/ros2_ws/install/part1_pubsub/share/part1_pubsub/cmake/part1_pubsub__rosidl_typesupport_introspection_cppExport-noconfig.cmake
[6.685s] -- Installing: /home/student/ros2_ws/install/part1_pubsub/share/part1_pubsub/cmake/part1_pubsub__rosidl_typesupport_cppExport.cmake
[6.686s] -- Installing: /home/student/ros2_ws/install/part1_pubsub/share/part1_pubsub/cmake/part1_pubsub__rosidl_typesupport_cppExport-noconfig.cmake
[6.686s] -- Installing: /home/student/ros2_ws/install/part1_pubsub/share/part1_pubsub/cmake/export_part1_pubsub__rosidl_generator_pyExport.cmake
[6.686s] -- Installing: /home/student/ros2_ws/install/part1_pubsub/share/part1_pubsub/cmake/export_part1_pubsub__rosidl_generator_pyExport-noconfig.cmake
[6.687s] Invoked command in '/home/student/ros2_ws/build/part1_pubsub' returned '0': CMAKE_PREFIX_PATH=${CMAKE_PREFIX_PATH}:/opt/ros/humble /usr/bin/cmake --install /home/student/ros2_ws/build/part1_pubsub
