[0.026s] Invoking command in '/home/student/ros2_ws/build/part3_beyond_basics': CMAKE_PREFIX_PATH=${CMAKE_PREFIX_PATH}:/opt/ros/humble /usr/bin/cmake --build /home/student/ros2_ws/build/part3_beyond_basics -- -j12 -l12
[0.103s] [100%] Built target cpp_executable
[0.112s] [100%] Built target ament_cmake_python_symlink_part3_beyond_basics_modules
[0.542s] running egg_info
[0.543s] writing part3_beyond_basics_modules.egg-info/PKG-INFO
[0.543s] writing dependency_links to part3_beyond_basics_modules.egg-info/dependency_links.txt
[0.543s] writing top-level names to part3_beyond_basics_modules.egg-info/top_level.txt
[0.545s] reading manifest file 'part3_beyond_basics_modules.egg-info/SOURCES.txt'
[0.546s] writing manifest file 'part3_beyond_basics_modules.egg-info/SOURCES.txt'
[0.610s] [100%] Built target ament_cmake_python_build_part3_beyond_basics_modules_egg
[0.626s] Invoked command in '/home/student/ros2_ws/build/part3_beyond_basics' returned '0': CMAKE_PREFIX_PATH=${CMAKE_PREFIX_PATH}:/opt/ros/humble /usr/bin/cmake --build /home/student/ros2_ws/build/part3_beyond_basics -- -j12 -l12
[0.649s] Invoking command in '/home/student/ros2_ws/build/part3_beyond_basics': CMAKE_PREFIX_PATH=${CMAKE_PREFIX_PATH}:/opt/ros/humble /usr/bin/cmake --install /home/student/ros2_ws/build/part3_beyond_basics
[0.660s] -- Install configuration: ""
[0.661s] -- Execute custom install script
[0.662s] -- Up-to-date symlink: /home/student/ros2_ws/install/part3_beyond_basics/lib/part3_beyond_basics/cpp_executable
[0.666s] [33mCMake Warning (dev) at ament_cmake_symlink_install/ament_cmake_symlink_install.cmake:62 (file):
[0.666s]   Policy CMP0009 is not set: FILE GLOB_RECURSE calls should not follow
[0.666s]   symlinks by default.  Run "cmake --help-policy CMP0009" for policy details.
[0.667s]   Use the cmake_policy command to set the policy and suppress this warning.
[0.667s] Call Stack (most recent call first):
[0.667s]   ament_cmake_symlink_install/ament_cmake_symlink_install.cmake:332 (ament_cmake_symlink_install_directory)
[0.667s]   cmake_install.cmake:46 (include)
[0.667s] This warning is for project developers.  Use -Wno-dev to suppress it.
[0.667s] [0m
[0.667s] -- Up-to-date symlink: /home/student/ros2_ws/install/part3_beyond_basics/share/part3_beyond_basics/environment/pythonpath.sh
[0.667s] -- Up-to-date symlink: /home/student/ros2_ws/install/part3_beyond_basics/share/part3_beyond_basics/environment/pythonpath.dsv
[0.667s] -- Up-to-date symlink: /home/student/ros2_ws/install/part3_beyond_basics/local/lib/python3.10/dist-packages/part3_beyond_basics_modules-0.0.0-py3.10.egg-info/PKG-INFO
[0.667s] -- Up-to-date symlink: /home/student/ros2_ws/install/part3_beyond_basics/local/lib/python3.10/dist-packages/part3_beyond_basics_modules-0.0.0-py3.10.egg-info/SOURCES.txt
[0.668s] -- Up-to-date symlink: /home/student/ros2_ws/install/part3_beyond_basics/local/lib/python3.10/dist-packages/part3_beyond_basics_modules-0.0.0-py3.10.egg-info/dependency_links.txt
[0.668s] -- Up-to-date symlink: /home/student/ros2_ws/install/part3_beyond_basics/local/lib/python3.10/dist-packages/part3_beyond_basics_modules-0.0.0-py3.10.egg-info/top_level.txt
[0.668s] -- Up-to-date symlink: /home/student/ros2_ws/install/part3_beyond_basics/local/lib/python3.10/dist-packages/part3_beyond_basics_modules/__init__.py
[0.668s] -- Up-to-date symlink: /home/student/ros2_ws/install/part3_beyond_basics/local/lib/python3.10/dist-packages/part3_beyond_basics_modules/tb3_tools.py
[0.668s] -- Up-to-date symlink: /home/student/ros2_ws/install/part3_beyond_basics/lib/part3_beyond_basics/minimal_node.py
[0.668s] -- Symlinking: /home/student/ros2_ws/install/part3_beyond_basics/share/part3_beyond_basics/launch/build/.built_by
[0.678s] -- Symlinking: /home/student/ros2_ws/install/part3_beyond_basics/share/part3_beyond_basics/launch/build/COLCON_IGNORE
[0.688s] -- Symlinking: /home/student/ros2_ws/install/part3_beyond_basics/share/part3_beyond_basics/launch/circle.launch.py
[0.701s] -- Symlinking: /home/student/ros2_ws/install/part3_beyond_basics/share/part3_beyond_basics/launch/install/.colcon_install_layout
[0.714s] -- Symlinking: /home/student/ros2_ws/install/part3_beyond_basics/share/part3_beyond_basics/launch/install/COLCON_IGNORE
[0.724s] -- Symlinking: /home/student/ros2_ws/install/part3_beyond_basics/share/part3_beyond_basics/launch/install/_local_setup_util_ps1.py
[0.732s] -- Symlinking: /home/student/ros2_ws/install/part3_beyond_basics/share/part3_beyond_basics/launch/install/_local_setup_util_sh.py
[0.745s] -- Symlinking: /home/student/ros2_ws/install/part3_beyond_basics/share/part3_beyond_basics/launch/install/local_setup.bash
[0.756s] -- Symlinking: /home/student/ros2_ws/install/part3_beyond_basics/share/part3_beyond_basics/launch/install/local_setup.ps1
[0.766s] -- Symlinking: /home/student/ros2_ws/install/part3_beyond_basics/share/part3_beyond_basics/launch/install/local_setup.sh
[0.780s] -- Symlinking: /home/student/ros2_ws/install/part3_beyond_basics/share/part3_beyond_basics/launch/install/local_setup.zsh
[0.792s] -- Symlinking: /home/student/ros2_ws/install/part3_beyond_basics/share/part3_beyond_basics/launch/install/setup.bash
[0.801s] -- Symlinking: /home/student/ros2_ws/install/part3_beyond_basics/share/part3_beyond_basics/launch/install/setup.ps1
[0.817s] -- Symlinking: /home/student/ros2_ws/install/part3_beyond_basics/share/part3_beyond_basics/launch/install/setup.sh
[0.830s] -- Symlinking: /home/student/ros2_ws/install/part3_beyond_basics/share/part3_beyond_basics/launch/install/setup.zsh
[0.840s] -- Symlinking: /home/student/ros2_ws/install/part3_beyond_basics/share/part3_beyond_basics/launch/log/COLCON_IGNORE
[0.853s] -- Symlinking: /home/student/ros2_ws/install/part3_beyond_basics/share/part3_beyond_basics/launch/log/build_2025-03-25_13-44-30/events.log
[0.864s] -- Symlinking: /home/student/ros2_ws/install/part3_beyond_basics/share/part3_beyond_basics/launch/log/build_2025-03-25_13-44-30/logger_all.log
[0.873s] -- Symlinking: /home/student/ros2_ws/install/part3_beyond_basics/share/part3_beyond_basics/launch/log/latest/events.log
[0.884s] -- Symlinking: /home/student/ros2_ws/install/part3_beyond_basics/share/part3_beyond_basics/launch/log/latest/logger_all.log
[0.896s] -- Symlinking: /home/student/ros2_ws/install/part3_beyond_basics/share/part3_beyond_basics/launch/log/latest_build/events.log
[0.909s] -- Symlinking: /home/student/ros2_ws/install/part3_beyond_basics/share/part3_beyond_basics/launch/log/latest_build/logger_all.log
[0.921s] -- Up-to-date symlink: /home/student/ros2_ws/install/part3_beyond_basics/share/part3_beyond_basics/launch/pubsub.launch.py
[0.922s] -- Up-to-date symlink: /home/student/ros2_ws/install/part3_beyond_basics/share/ament_index/resource_index/package_run_dependencies/part3_beyond_basics
[0.922s] -- Up-to-date symlink: /home/student/ros2_ws/install/part3_beyond_basics/share/ament_index/resource_index/parent_prefix_path/part3_beyond_basics
[0.922s] -- Up-to-date symlink: /home/student/ros2_ws/install/part3_beyond_basics/share/part3_beyond_basics/environment/ament_prefix_path.sh
[0.922s] -- Up-to-date symlink: /home/student/ros2_ws/install/part3_beyond_basics/share/part3_beyond_basics/environment/ament_prefix_path.dsv
[0.922s] -- Up-to-date symlink: /home/student/ros2_ws/install/part3_beyond_basics/share/part3_beyond_basics/environment/path.sh
[0.923s] -- Up-to-date symlink: /home/student/ros2_ws/install/part3_beyond_basics/share/part3_beyond_basics/environment/path.dsv
[0.923s] -- Up-to-date symlink: /home/student/ros2_ws/install/part3_beyond_basics/share/part3_beyond_basics/local_setup.bash
[0.923s] -- Up-to-date symlink: /home/student/ros2_ws/install/part3_beyond_basics/share/part3_beyond_basics/local_setup.sh
[0.923s] -- Up-to-date symlink: /home/student/ros2_ws/install/part3_beyond_basics/share/part3_beyond_basics/local_setup.zsh
[0.923s] -- Up-to-date symlink: /home/student/ros2_ws/install/part3_beyond_basics/share/part3_beyond_basics/local_setup.dsv
[0.923s] -- Symlinking: /home/student/ros2_ws/install/part3_beyond_basics/share/part3_beyond_basics/package.dsv
[0.933s] -- Up-to-date symlink: /home/student/ros2_ws/install/part3_beyond_basics/share/ament_index/resource_index/packages/part3_beyond_basics
[0.933s] -- Up-to-date symlink: /home/student/ros2_ws/install/part3_beyond_basics/share/part3_beyond_basics/cmake/part3_beyond_basicsConfig.cmake
[0.933s] -- Up-to-date symlink: /home/student/ros2_ws/install/part3_beyond_basics/share/part3_beyond_basics/cmake/part3_beyond_basicsConfig-version.cmake
[0.934s] -- Up-to-date symlink: /home/student/ros2_ws/install/part3_beyond_basics/share/part3_beyond_basics/package.xml
[0.978s] Listing '/home/student/ros2_ws/install/part3_beyond_basics/local/lib/python3.10/dist-packages/part3_beyond_basics_modules'...
[0.994s] Invoked command in '/home/student/ros2_ws/build/part3_beyond_basics' returned '0': CMAKE_PREFIX_PATH=${CMAKE_PREFIX_PATH}:/opt/ros/humble /usr/bin/cmake --install /home/student/ros2_ws/build/part3_beyond_basics
